javac : AssignExecutive.java:1: warning: [unchecked] unchecked call to addItem(E) as a member of the raw type JComboBox
At line:1 char:1
+ javac -cp ".;C:\Users\SARWAN NANDH\Desktop\MedConnect\mysql-connector ...
+ ~~~~~~~~~~~~~~~~~~~~~~~~~~~~~~~~~~~~~~~~~~~~~~~~~~~~~~~~~~~~~~~~~~~~~
    + CategoryInfo          : NotSpecified: (AssignExecutive... type JComboBox:String) [], RemoteException
    + FullyQualifiedErrorId : NativeCommandError
 
/* * To change this license header, choose License Headers in Project Properties. * To change this template file, choose Tools 
| Templates * and open the template in the editor. */package online.medicine.donation.system;import 
com.mysql.jdbc.Connection;import com.mysql.jdbc.PreparedStatement;import java.awt.Color;import java.awt.Container;import 
java.awt.Cursor;import java.awt.Font;import java.awt.event.ActionEvent;import java.awt.event.ActionListener;import 
java.sql.DriverManager;import java.sql.ResultSet;import java.sql.SQLException;import java.util.logging.Level;import 
java.util.logging.Logger;import javax.swing.ButtonGroup;import javax.swing.JButton;import javax.swing.JComboBox;import 
javax.swing.JFrame;import javax.swing.JLabel;import javax.swing.JOptionPane;import javax.swing.JPanel;import 
javax.swing.JRadioButton;import javax.swing.JTextField;/** * * @author Hp */public class AssignExecutive extends JFrame{    
private Container c;      private JLabel label,label2,title,title1,label1,namel,emaill,contactl,locationl, 
passwordl,confirml,genderl,agel,idl,title2;     private JTextField nametf,emailtf,contacttf,locationtf,gendertf,agetf;    
private JButton  homepage,user, logout,search,assign,viewexecutive,viwngo,viewmed,collect,delete,update;    private JComboBox 
idtf;  private Connection con,con2,con1;   private PreparedStatement pst,pst2,pst1;   private ResultSet rs,rs2,rs1;    private 
String uname = NGOLogin.usernametf.getText();    private String email = NGOLogin.emailtf.getText();   private String n; 
AssignExecutive()    {        initComponents();          ComboBox();    }       void initComponents()    {         
this.setDefaultCloseOperation(JFrame.EXIT_ON_CLOSE);        this.setSize(1930, 1030);        this.setTitle("Assign Executive"); 
       c = this.getContentPane();        c.setLayout(null);        this.setResizable(false);         
c.setBackground(Color.GRAY);                           Font font = new Font("Arial",Font.BOLD,42);         title = new 
JLabel("MedConnect");        title.setFont(font);        title.setBounds(2, 2, 1930, 80);        
title.setForeground(Color.BLUE);        title.setOpaque(true);        title.setBackground(Color.ORANGE);        c.add(title);   
     label = new JLabel();        label.setBounds(1, 100, 1930, 150);        label.setOpaque(true);        
label.setBackground(Color.MAGENTA);        c.add(label);        Cursor cursor = new Cursor(Cursor.HAND_CURSOR);              
Font font1 = new Font("Arial",Font.BOLD,24);         homepage = new JButton("Home Page");        homepage.setFont(font1);       
        homepage.setBounds(20, 30, 180, 80);                homepage.setCursor(cursor);         label.add(homepage);  viwngo = 
new JButton("View NGO");       viwngo.setCursor(cursor);       viwngo.setFont(font1);       viwngo.setBounds(201, 30, 180, 80); 
      label.add(viwngo);              viewmed = new JButton("View Medicine");       viewmed.setCursor(cursor);        
viewmed.setFont(font1);       viewmed.setBounds(382, 30, 220, 80);       label.add(viewmed);              user = new 
JButton("View user");        user.setCursor(cursor);        user.setFont(font1);        user.setBounds(603, 30, 180, 80);       
label.add(user);               viewexecutive = new JButton("View Executive");        viewexecutive.setCursor(cursor);        
viewexecutive.setFont(font1);        viewexecutive.setBounds(784, 30, 240, 80);       label.add(viewexecutive);              
collect = new JButton("View Collect Med");       collect.setCursor(cursor);        collect.setFont(font1);        
collect.setBounds(1025, 30, 250, 80);        label.add(collect);               logout = new JButton("Logout");       
logout.setCursor(cursor);        logout.setFont(font1);        logout.setBounds(1276, 30, 140, 80);        label.add(logout);   
                           label2 = new JLabel("Hi "+uname);                            label2.setBounds(1660, 30, 500, 80);    
     label2.setFont(font1);         label2.setToolTipText(uname);                             label.add(label2);                
              label1 = new JLabel();         label1.setBounds(1, 260,1930,1030);         label1.setOpaque(true);          
label1.setBackground(Color.LIGHT_GRAY);        c.add(  label1);         title1 = new JLabel("Assign Executive");        
title1.setFont(font1);        title1.setBounds(1, 1, 1900, 60);        title1.setForeground(Color.BLUE);       
title1.setOpaque(true);       title1.setBackground(Color.ORANGE);         label1.add(title1);         title2 = new 
JLabel("Please Enter ID and click the search button");        title2.setFont(font1);        title2.setBounds(600, 68, 1900, 
27);         label1.add(title2);        idl = new JLabel("ID");        idl.setFont(font1);       idl.setBounds(50, 100, 300, 
40);        label1.add(idl);        idtf = new JComboBox();       idtf.setFont(font1);        idtf.setBounds(260, 100,1400, 
40);             label1.add(idtf);         search = new JButton("Search");       search .setCursor(cursor);         
search.setFont(font1);        search.setBounds(1710, 100, 150, 60);        label1.add( search);       namel = new 
JLabel("Name");        namel.setFont(font1);       namel.setBounds(50, 160, 300, 40);         label1.add(namel);         nametf 
= new JTextField("");        nametf.setFont(font1);        nametf.setBounds(260, 160, 1400, 40);        
nametf.setEditable(false);          label1.add(nametf);          genderl  = new JLabel("Gender");        
genderl.setFont(font1);       genderl.setBounds(50, 220, 300, 40);           label1.add(genderl);         gendertf  = new 
JTextField("");        gendertf.setFont(font1);       gendertf.setBounds(260, 220, 1400, 40);       
gendertf.setEditable(false);         label1.add(gendertf);               agel = new JLabel("Date of Birth");        
agel.setFont(font1);        agel.setBounds(50,280, 300, 40);        label1.add(agel);         agetf = new JTextField("");       
 agetf.setFont(font1);       agetf.setBounds(260, 280,1400, 40);       agetf.setEditable(false);         label1.add(agetf);     
   emaill = new JLabel("Email");        emaill.setFont(font1);        emaill.setBounds(50, 340, 300, 40);         
label1.add(emaill);         emailtf = new JTextField("");        emailtf.setFont(font1);        emailtf.setBounds(260, 340, 
1400, 40);         emailtf.setEditable(false);        label1.add(emailtf);         contactl = new JLabel("Contact Number");     
   contactl.setFont(font1);        contactl.setBounds(50, 400, 300, 40);         label1.add(contactl);        contacttf = new 
JTextField("");        contacttf.setFont(font1);        contacttf.setBounds(260, 400, 1400, 40);         
contacttf.setEditable(false);           label1.add(contacttf);         locationl = new JLabel("Location");        
locationl.setFont(font1);        locationl.setBounds(50, 460, 300, 40);        label1.add(locationl);         locationtf = new 
JTextField("");        locationtf.setFont(font1);        locationtf.setBounds(260,460, 1400, 40);        
locationtf.setEditable(false);        label1.add(locationtf);                             assign = new JButton("Assign 
Executive");       assign .setCursor(cursor);         assign.setFont(font1);       assign.setBounds(200,580,400, 60);        
label1.add( assign);           update= new JButton("Update");       update .setCursor(cursor);         update.setFont(font1);   
    update.setBounds(650,580,400, 60);        label1.add(update);          delete = new JButton("Delete");        delete 
.setCursor(cursor);          delete.setFont(font1);        delete.setBounds(1100,580,400, 60);        label1.add(  delete);     
                                Handler handler = new Handler();    search.addActionListener(handler);    
assign.addActionListener(handler);        homepage.addActionListener(handler);        viwngo.addActionListener(handler);        
viewmed.addActionListener(handler);      user.addActionListener(handler);     viewexecutive.addActionListener(handler);      
update.addActionListener(handler);      delete.addActionListener(handler);       logout.addActionListener(handler);       
collect.addActionListener(handler);    }    class Handler implements ActionListener{    public void actionPerformed(ActionEvent 
ae) {        String id = idtf.getSelectedItem().toString();         if(ae.getSource() ==  search)                  {            
 int a =0;            if(id.isEmpty())            {                JOptionPane.showMessageDialog(null, "Please Enter 
ID","Warning",JOptionPane.ERROR_MESSAGE);            }            else{                  try {                        String 
sql = "SELECT  `Name`, `Gender`, `Date of Birth`, `Email`, `Contact Number`, `Location`,`Password`  FROM `userregistration` 
WHERE `ID`=? ";                      con = (Connection) DriverManager.getConnection("jdbc:mysql://localhost/MedConnect","root", 
"");            pst =   (PreparedStatement) con.prepareStatement(sql);            pst.setString(1, id);          rs = 
pst.executeQuery();          while(rs.next()){                                   nametf.setText(rs.getString("Name"));          
                  gendertf.setText(rs.getString("Gender"));                           agetf.setText(rs.getString("Date of 
Birth"));                           emailtf.setText(rs.getString("Email"));                          
contacttf.setText(rs.getString("Contact Number"));                         locationtf.setText(rs.getString("Location"));        
     n = rs.getString("Password");                         a =1;               break;                                 }         
                con.close();           pst.close();                   } catch (SQLException ex) {             
JOptionPane.showMessageDialog(null, "Something Error "+ex);                   }                  if(a==0)                  {    
                    JOptionPane.showMessageDialog(null, "Please Enter Correct ID ","Warning",JOptionPane.ERROR_MESSAGE);        
          }            }                   }                    if(ae.getSource() ==  assign)                    {            
if(id.isEmpty()|| nametf.getText().isEmpty() || gendertf.getText().isEmpty() || agetf.getText().isEmpty() || 
emailtf.getText().isEmpty()||contacttf.getText().isEmpty() || locationtf.getText().isEmpty())            { 
JOptionPane.showMessageDialog(null, "Please Enter ID or name or gender or age or email or contact number or 
location","Warning",JOptionPane.ERROR_MESSAGE);                }            else if(checkusername(nametf.getText() 
,emailtf.getText()))                   {                                  JOptionPane.showMessageDialog(null, "This user 
already assigned");                 }                        else            {                                                  
String sql = "INSERT INTO `executive`(`Name`,`Gender`, `Date Of Birth`, `Email`, `Contact Number`, `Location`,`Password`, 
`NGO`,`NGO Email`)" + "VALUES (?,?,? ,?, ?, ?,?,?,?)";                  try{              con = (Connection) 
DriverManager.getConnection("jdbc:mysql://localhost/MedConnect","root", "");                      pst =  (PreparedStatement) 
con.prepareStatement(sql);            pst.setString(1, nametf.getText());                            
pst.setString(2,gendertf.getText());                         pst.setString(3, agetf.getText());            pst.setString(4, 
emailtf.getText());            pst.setString(5, contacttf.getText());            pst.setString(6, locationtf.getText());        
  pst.setString(7, n);           pst.setString(8, uname);            pst.setString(9, email);                         
pst.executeUpdate();            con.close();                            JOptionPane.showMessageDialog(null, "Assign Executive 
successfully");                    }                      catch (SQLException ex) {                        
JOptionPane.showMessageDialog(null, "Assign Executive unsuccessfully"+ex);        }                  }        }        
if(ae.getSource()==update)        {            nametf.setEditable(true);            emailtf.setEditable(true);            
gendertf.setEditable(true);            agetf.setEditable(true);            contacttf.setEditable(true);            
locationtf.setEditable(true);            if(nametf.getText().isEmpty()||emailtf.getText().isEmpty())            {               
 JOptionPane.showMessageDialog(null, "Please Enter Name and Email ","Warning",JOptionPane.ERROR_MESSAGE);                 }     
      else if(  gendertf.getText().isEmpty() || agetf.getText().isEmpty() ||contacttf.getText().isEmpty() || 
locationtf.getText().isEmpty())            { JOptionPane.showMessageDialog(null, "Please Enter   gender or Date of Birth or 
contact number or location","Warning",JOptionPane.ERROR_MESSAGE);                }           else{              String sql = 
"UPDATE `executive` SET  `Gender` =?, `Date of Birth`=?, `Contact Number`=? ,`Location`=?,`NGO`=?, `NGO Email` =? WHERE  
`Name`=? AND`Email`=?";               try{              con =  (Connection) 
DriverManager.getConnection("jdbc:mysql://localhost/MedConnect","root", "");                      pst =  (PreparedStatement) 
con.prepareStatement(sql);                      pst.setString(7,nametf.getText());            
pst.setString(8,emailtf.getText());            pst.setString(1,gendertf.getText());            
pst.setString(2,agetf.getText());            pst.setString(3,contacttf.getText());            
pst.setString(4,locationtf.getText());             pst.setString(5, uname);            pst.setString(6, email);                 
       pst.executeUpdate();            con.close();                            JOptionPane.showMessageDialog(null, "Executive 
Updated Successfully");                    }          catch (SQLException ex) {                        
JOptionPane.showMessageDialog(null, " Executive Updated Unsuccessfully " +ex);        }           }                     }       
 if(ae.getSource()==delete)        {            nametf.setEditable(true);            emailtf.setEditable(true);            
gendertf.setEditable(false);            agetf.setEditable(false);            contacttf.setEditable(false);            
locationtf.setEditable(false);            if(nametf.getText().isEmpty()||emailtf.getText().isEmpty())            {              
  JOptionPane.showMessageDialog(null, "Please Enter Name and Email ","Warning",JOptionPane.ERROR_MESSAGE);                 }    
        else{            try{                String sql ="DELETE FROM `executive` WHERE  `Name`=? AND`Email`=?";                
            con = (Connection) DriverManager.getConnection("jdbc:mysql://localhost/MedConnect","root", "");                     
 pst =  (PreparedStatement) con.prepareStatement(sql);                      pst.setString(1, nametf.getText());              
pst.setString(2, emailtf.getText());            pst.executeUpdate();            con.close();                            
JOptionPane.showMessageDialog(null, "Executive Deleted Successfully");                    }          catch (SQLException ex) {  
                      JOptionPane.showMessageDialog(null, "Executive Deleted Unsuccessfully "+ex);        }                     
                    }        }        if(ae.getSource() ==  homepage)                    {            setVisible(false);        
    HomePage frame = new  HomePage();            frame.setVisible(true);        }                 if(ae.getSource() ==  viwngo) 
                   {            setVisible(false);           ViewNGOngo frame = new   ViewNGOngo();           
frame.setVisible(true);                    }         if(ae.getSource() ==  viewmed)                    {            
setVisible(false);           ViewMedNGO frame = new    ViewMedNGO();           frame.setVisible(true);                    }     
    if(ae.getSource() ==  user)                    {            setVisible(false);          UserView frame = new UserView();    
      frame.setVisible(true);                 }                if(ae.getSource() ==  viewexecutive)                    {        
    setVisible(false);          ViewExecutive frame = new ViewExecutive();          frame.setVisible(true);                 }   
     if(ae.getSource() ==  collect)                    {            setVisible(false);          ViewCollectMedicine frame = new 
ViewCollectMedicine ();          frame.setVisible(true);                 }                       if(ae.getSource()==logout)     
   {                   int a = JOptionPane.showConfirmDialog(null, "Are You Sure?");          if(a==JOptionPane.YES_OPTION){    
       setVisible(false);           NGOLogin frame = new NGOLogin();          frame.setVisible(true);          }        }       
                    }    }     public boolean checkusername(String username, String ema) {    boolean checkuser = false;      
boolean email = false;       Connection con2=null;    PreparedStatement pst2=null;      ResultSet rs;     String sql = "SELECT 
* FROM `executive` WHERE `Name` =? AND `Email`=?";              try{              con2 = (Connection) 
DriverManager.getConnection("jdbc:mysql://localhost/MedConnect","root", "");                      pst2 =  (PreparedStatement) 
con2.prepareStatement(sql);            pst2.setString(1, username);                       pst2.setString(2, ema);               
         rs = pst2.executeQuery();                  if(rs.next()){                    checkuser = true;                    
email = true;                                                       }    }        catch (SQLException ex) {             
Logger.getLogger(UserRegistrationForm.class.getName()).log(Level.SEVERE, null, ex);         }         return checkuser && email 
 ;                 }     void  ComboBox()    {        try{           String sql1 = "SELECT * FROM `userregistration` " ;        
                        con1 = (Connection) DriverManager.getConnection("jdbc:mysql://localhost/MedConnect","root", "");        
        pst1 =   (PreparedStatement) con1.prepareStatement(sql1);                               rs1 = pst1.executeQuery();      
          while(rs1.next()){                    String id = rs1.getString("ID");                        idtf.addItem(id);       
                    }        }catch(Exception e)        {                    }    }        public static void main(String[] 
args) {      AssignExecutive frame = new AssignExecutive();                frame.setVisible(true);                              
                     }    }
                                                                                                                                
                                                                                                                                
                                                                                                                                
                                                                                                                                
                                                                                                                                
                                                                                                                                
                                                                                                                                
                                                                                                                                
                                                                                                                                
                                                                                                                                
                                                                                                                                
                                                                                                                                
                                                                                                                                
                                                                                                                                
                                                                                                                                
                                                                                                                                
                                                                                                                                
                                                                                                                                
                                                                                                                                
                                                                                                                                
                                                                                                                                
                                                                                                                                
                                                                                                                                
                                                                                                                                
                                                                                                                                
                                                                                                                                
                                                                                                                                
                                                                                                                                
                                                                                                                                
                                                                                                                                
                                                                                                                                
                                                                                                                                
                                                                                                                                
                                                                                                                                
                                                                                                                                
                                                                                                                                
                                                                                                                                
                                                                                                                                
                                                                                                                                
                                                                                                                                
                                                                                                                                
                                                                                                                                
                                                                                                                                
                                                                                                                                
                                                                                                                                
                                                                                                                                
                                                                                                                                
                                                                                                                                
                                                                                                                                
                                                                                                                                
                                                                                                                                
                                                                                                                                
                                                                                                                                
                                                                                                                                
                                                                                                                                
                                                                                                                                
                                                                                                                                
                                                                                                                                
                                                                                                                                
                                                                                                                                
                                                                                                                                
                                                                                                                                
                                                                                                                                
                                                                                                                                
                                                                                                                                
                                                                                                                                
                                                                                                                                
                                                                                                                                
                                                                                                                                
                                                                                                                                
                                                                                                                                
                                                                                                                                
                                                                                                                                
                                                                                                                                
                                                                                                                                
                                                                                                                                
                                                                                                                                
                                                                                                                                
                                                                                                                                
                                                                                                                                
                                                                                                                                
                                                                                                                                
                                                                                                                                
                                                                                                                                
                                                                                                                                
                                                                                                                                
                                                                                                                                
                                                                                                                                
                                                                                                                                
                                                                                                                                
                                                                                                                                
                                                                                                                                
                                                                                                                                
                                                                                                                                
                                                                                                                                
                                                                                                                                
                                                                                                                                
                                                                                                                                
                                                                                                                                
                                                                                                                                
                                                                                                                                
                                                                                                                                
                                                                                                                                
                                                                                                                                
                                                                                                                                
                                                                                                                                
                                                                                                                                
                                                                                                                                
                                                                                                                                
                                                                                                                                
                                                                                                                                
                                                                                                                                
                                                                                                                                
                                                                                                                                
                                                                                                                                
                                                                                                                                
                                                                                                                                
                                                                                                                                
                                                                                                                                
                                                                                                                                
                                                                                                                                
                                                                                                                                
                                                                                                                                
                                                                                                                                
                                                                                                                                
                                                                                                                                
                                                                                                                                
                                                                                                                                
                                                                                                                                
                                                                                                                                
                                                                                                                                
                                                                                                                                
                                                                                                                                
                                                                                                                                
                                                                                                                                
                                                                                                                                
                                                                                                                                
                                                                                                                                
                                                                                                                                
                                                                                                                                
                                                                                                                                
                                                                              ^
  where E is a type-variable:
    E extends Object declared in class JComboBox
BuyMedicine.java:1: warning: [unchecked] unchecked call to addItem(E) as a member of the raw type JComboBox
/* * To change this license header, choose License Headers in Project Properties. * To change this template file, choose Tools 
| Templates * and open the template in the editor. */package online.medicine.donation.system;import 
com.mysql.jdbc.Connection;import com.mysql.jdbc.PreparedStatement;import java.awt.Color;import java.awt.Container;import 
java.awt.Cursor;import java.awt.Font;import java.awt.event.ActionEvent;import java.awt.event.ActionListener;import 
java.sql.DriverManager;import java.sql.ResultSet;import java.sql.SQLException;import java.util.logging.Level;import 
java.util.logging.Logger;import javax.swing.ImageIcon;import javax.swing.JButton;import javax.swing.JCheckBox;import 
javax.swing.JComboBox;import javax.swing.JFrame;import javax.swing.JLabel;import javax.swing.JOptionPane;import 
javax.swing.JPasswordField;import javax.swing.JTextField;/** * * @author Hp */public class BuyMedicine extends JFrame {    
private JLabel title,userlabel,title1,label2,label,label1,namel,pricel,mnfl,expl,title2;    private JButton viewmedicine 
,homepage,logout,assign,collect,buymed,search,buymedicine,viewuser,donate;   private Cursor cursor;    private JPasswordField 
passwordtf;    private JCheckBox showpasscheckbox;    private ImageIcon icon;    private JTextField priceltf,mnfltf,expltf;    
private JComboBox nameltf;    private Container c;    private Connection con,con1;   private PreparedStatement pst,pst1;   
private ResultSet rs,rs1;             String uname = ExecutiveLogin.nametf.getText();         String eamil = 
ExecutiveLogin.emailtf.getText();     BuyMedicine()    {              initComponents();          ComboBox();    }     void 
initComponents()    {              this.setDefaultCloseOperation(JFrame.EXIT_ON_CLOSE);        this.setSize(1930, 1030);        
this.setTitle("Executive ");        c = this.getContentPane();        c.setLayout(null);        this.setResizable(false);       
  c.setBackground(Color.GRAY);                       Font font = new Font("Arial",Font.BOLD,42);         title = new 
JLabel("MedConnect");        title.setFont(font);        title.setBounds(2, 2, 1930, 80);        
title.setForeground(Color.BLUE);        title.setOpaque(true);        title.setBackground(Color.ORANGE);     c.add(title);      
  label = new JLabel();        label.setBounds(1, 100, 1930, 150);        label.setOpaque(true);        
label.setBackground(Color.MAGENTA);       c.add(label);        Cursor cursor = new Cursor(Cursor.HAND_CURSOR);              
Font font1 = new Font("Arial",Font.BOLD,24);        homepage = new JButton("Home Page");        homepage.setFont(font1);        
       homepage.setBounds(20, 30, 170, 80);                homepage.setCursor(cursor);         label.add(homepage);             
     assign = new JButton("View Assigned User");     assign.setFont(font1);     assign.setBounds(191, 30, 270, 80);       
assign.setCursor(cursor);        label.add(assign);        viewmedicine = new JButton("View Medicine");      
viewmedicine.setFont(font1);        viewmedicine.setBounds(462, 30, 224, 80);      viewmedicine.setCursor(cursor);        
label.add(viewmedicine);        viewuser = new JButton("View Buy Med");     viewuser.setFont(font1);        
viewuser.setBounds(687, 30, 199, 80);      viewuser.setCursor(cursor);        label.add(viewuser);              donate = new 
JButton("View Donate");      donate.setFont(font1);        donate.setBounds(887, 30, 180, 80);      donate.setCursor(cursor);   
     label.add(donate);collect = new JButton("Collect Medicine");       collect.setCursor(cursor);        
collect.setFont(font1);      collect.setBounds(1068, 30, 230, 80);       label.add(collect);                    logout = new 
JButton("LogOut");       logout.setFont(font1);        logout.setBounds(1299, 30, 120, 80);       logout.setCursor(cursor);     
   label.add(logout);                            label2 = new JLabel("Hi "+uname);                            
label2.setBounds(1660, 30, 500, 80);         label2.setFont(font1);         label2.setToolTipText(uname);                       
      label.add(label2);               label1 = new JLabel();         label1.setBounds(1, 260,1930,1030);         
label1.setOpaque(true);          label1.setBackground(Color.LIGHT_GRAY);        c.add(  label1);         title1 = new 
JLabel("Buy Medicine");        title1.setFont(font1);        title1.setBounds(1, 1, 1900, 60);        
title1.setForeground(Color.BLUE);       title1.setOpaque(true);       title1.setBackground(Color.ORANGE);         
label1.add(title1);         title2 = new JLabel("Please Enter medicine Name and click the search button");        
title2.setFont(font1);        title2.setBounds(600, 68, 1900, 27);         label1.add(title2);        namel = new 
JLabel("Medicine Name");       namel.setFont(font1);      namel.setBounds(50, 100, 300, 40);        label1.add(namel);       
nameltf = new JComboBox();      nameltf.setFont(font1);        nameltf.setBounds(290, 100,1400, 40);                  
label1.add(nameltf);         search = new JButton("Search");       search .setCursor(cursor);         search.setFont(font1);    
    search.setBounds(1710, 100, 150, 60);        label1.add( search);      pricel = new JLabel("Price (10 pcs)");       
pricel.setFont(font1);      pricel.setBounds(50, 160, 300, 40);         label1.add(pricel);         priceltf = new 
JTextField("");        priceltf.setFont(font1);        priceltf.setBounds(290, 160, 1400, 40);        
priceltf.setEditable(false);          label1.add(priceltf);          mnfl  = new JLabel("Manufacture Date");        
mnfl.setFont(font1);       mnfl.setBounds(50, 220, 300, 40);           label1.add(mnfl);         mnfltf  = new JTextField("");  
      mnfltf.setFont(font1);       mnfltf.setBounds(290, 220, 1400, 40);      mnfltf.setEditable(false);         
label1.add(mnfltf);               expl = new JLabel("Expiry Date");         expl.setFont(font1);         expl.setBounds(50,280, 
300, 40);        label1.add( expl);         expltf = new JTextField("");        expltf.setFont(font1);       
expltf.setBounds(290, 280,1400, 40);        expltf.setEditable(false);         label1.add( expltf);                             
  buymedicine = new JButton("Buy Medicine");      buymedicine  .setCursor(cursor);        buymedicine .setFont(font1);      
buymedicine .setBounds(600,450,600, 60);        label1.add( buymedicine );                                     Handler handler 
= new Handler();    search.addActionListener(handler);    assign.addActionListener(handler);        
homepage.addActionListener(handler);        collect.addActionListener(handler);        viewuser.addActionListener(handler);     
 viewmedicine.addActionListener(handler);      donate.addActionListener(handler);       logout.addActionListener(handler);      
 buymedicine.addActionListener(handler);    }                   class Handler implements ActionListener{    public void 
actionPerformed(ActionEvent ae) {        String name = nameltf.getSelectedItem().toString();         if(ae.getSource() ==  
search)                    { int a=0;            if(name.isEmpty())            {                
JOptionPane.showMessageDialog(null, "Please Enter medicine name","Warning",JOptionPane.ERROR_MESSAGE);            }            
else{                  try {                        String sql = "SELECT  `Price`, `Manufacture Date`, `Expire Date` FROM 
`addmedicine` WHERE `Medicine Name`=? ";                      con = (Connection) 
DriverManager.getConnection("jdbc:mysql://localhost/MedConnect","root", "");            pst =   (PreparedStatement) 
con.prepareStatement(sql);            pst.setString(1, name);          rs = pst.executeQuery();          while(rs.next()){      
                             priceltf.setText(rs.getString("Price"));                            
mnfltf.setText(rs.getString("Manufacture Date"));                           expltf.setText(rs.getString("Expire Date"));        
                   a=1;             break;                                                          }                         
con.close();           pst.close();                   } catch (SQLException ex) {             
JOptionPane.showMessageDialog(null, "Something Error "+ex);                   }                  if(a==0){                      
 JOptionPane.showMessageDialog(null, "Please Enter Correct Medicine Name ","Warning",JOptionPane.ERROR_MESSAGE);                
  }            }                   }          if(ae.getSource() ==  buymedicine)                    {            
if(name.isEmpty()|| priceltf.getText().isEmpty() || mnfltf.getText().isEmpty() || expltf.getText().isEmpty())            { 
JOptionPane.showMessageDialog(null, "Please Enter medicine name or Manufacture Date or Expiry Date 
","Warning",JOptionPane.ERROR_MESSAGE);                }            else if(checkusername(name ))                   {           
                       JOptionPane.showMessageDialog(null, "This medicine already exist");                 }                    
    else            {                                                  String sql = "INSERT INTO `buymedicine`(`Medicine Name`, 
`Price`, `Manufacture Date`, `Expiry Date`,`Executive Name`, `Executive Email`)" + "VALUES (?,?,?,?,?,?)";                try{  
            con = (Connection) DriverManager.getConnection("jdbc:mysql://localhost/MedConnect","root", "");                     
 pst =  (PreparedStatement) con.prepareStatement(sql);            pst.setString(1, name);                            
pst.setString(2,priceltf.getText());                         pst.setString(3, mnfltf.getText());            pst.setString(4, 
expltf.getText());             pst.setString(5, uname);              pst.setString(6, eamil);                        
pst.executeUpdate();            con.close();                            JOptionPane.showMessageDialog(null, "Buy Medicine 
successfully");                    }                      catch (SQLException ex) {                        
JOptionPane.showMessageDialog(null, "Buy Medicine unsuccessfully"+ex);        }                  }        }        
if(ae.getSource() ==  homepage)                    {            setVisible(false);            HomePage frame = new  HomePage(); 
           frame.setVisible(true);        }        if(ae.getSource() ==  assign)                    {            
setVisible(false);          Viewassignexecutive frame = new Viewassignexecutive();          frame.setVisible(true);             
    }              if(ae.getSource() ==  viewmedicine)                    {            setVisible(false);          MedicineView 
frame = new MedicineView();          frame.setVisible(true);                 }       if(ae.getSource() ==  viewuser)            
        {            setVisible(false);          User frame = new User();          frame.setVisible(true);                 }    
  if(ae.getSource() ==  donate)                    {            setVisible(false);          ViewDonateMedicine frame = new 
ViewDonateMedicine ();          frame.setVisible(true);                 }        if(ae.getSource() ==  collect)                 
   {            setVisible(false);          CollectMedicine frame = new  CollectMedicine();          frame.setVisible(true);    
             }                              if(ae.getSource()==logout)        {                   int a = 
JOptionPane.showConfirmDialog(null, "Are You Sure?");          if(a==JOptionPane.YES_OPTION){           setVisible(false);      
    ExecutiveLogin frame = new  ExecutiveLogin();          frame.setVisible(true);          }        }           }              
  }                                   public boolean checkusername(String medname) {    boolean med = false;            
Connection con2=null;    PreparedStatement pst2=null;      ResultSet rs;     String sql = "SELECT * FROM `buymedicine` WHERE 
`Medicine Name`=?";              try{              con2 = (Connection) 
DriverManager.getConnection("jdbc:mysql://localhost/MedConnect","root", "");                      pst2 =  (PreparedStatement) 
con2.prepareStatement(sql);            pst2.setString(1, medname);                                              rs = 
pst2.executeQuery();                  if(rs.next()){                   med = true;                                              
                            }    }        catch (SQLException ex) {             
Logger.getLogger(UserRegistrationForm.class.getName()).log(Level.SEVERE, null, ex);         }         return med  ;             
    }    void  ComboBox()    {        try{           String sql1 = "SELECT * FROM `addmedicine` " ;                             
   con1 = (Connection) DriverManager.getConnection("jdbc:mysql://localhost/MedConnect","root", "");                pst1 =   
(PreparedStatement) con1.prepareStatement(sql1);                               rs1 = pst1.executeQuery();                
while(rs1.next()){                    String name= rs1.getString("Medicine Name");                       nameltf.addItem(name); 
                          }        }catch(Exception e)        {                    }    }        public static void 
main(String[] args) {        BuyMedicine frame = new BuyMedicine();        frame.setVisible(true);        } }        
                                                                                                                                
                                                                                                                                
                                                                                                                                
                                                                                                                                
                                                                                                                                
                                                                                                                                
                                                                                                                                
                                                                                                                                
                                                                                                                                
                                                                                                                                
                                                                                                                                
                                                                                                                                
                                                                                                                                
                                                                                                                                
                                                                                                                                
                                                                                                                                
                                                                                                                                
                                                                                                                                
                                                                                                                                
                                                                                                                                
                                                                                                                                
                                                                                                                                
                                                                                                                                
                                                                                                                                
                                                                                                                                
                                                                                                                                
                                                                                                                                
                                                                                                                                
                                                                                                                                
                                                                                                                                
                                                                                                                                
                                                                                                                                
                                                                                                                                
                                                                                                                                
                                                                                                                                
                                                                                                                                
                                                                                                                                
                                                                                                                                
                                                                                                                                
                                                                                                                                
                                                                                                                                
                                                                                                                                
                                                                                                                                
                                                                                                                                
                                                                                                                                
                                                                                                                                
                                                                                                                                
                                                                                                                                
                                                                                                                                
                                                                                                                                
                                                                                                                                
                                                                                                                                
                                                                                                                                
                                                                                                                                
                                                                                                                                
                                                                                                                                
                                                                                                                                
                                                                                                                                
                                                                                                                                
                                                                                                                                
                                                                                                                                
                                                                                                                                
                                                                                                                                
                                                                                                                                
                                                                                                                                
                                                                                                                                
                                                                                                                                
                                                                                                                                
                                                                                                                                
                                                                                                                                
                                                                                                                                
                                                                                                                                
                                                                                                                                
                                                                                                                                
                                                                                                                                
                                                                                                                                
                                                                                                                                
                                                                                                                                
                                                                                                                                
                                                                                                                                
                                                                                                                                
                                                                                                                                
                                                                                                                                
                                                                                                                                
                                                                                                                                
                                                                                                                                
                                                                                                                                
                                                                                                                                
                                                                                                                                
                                                                                                                                
                                                                                                                                
                                                                                                                                
                                                                                                                                
                                                                                                                                
                                                                                                                                
                                                                                                                                
                                                                                                                                
                                                                                                                                
                                                                                                                                
                                                                                                                                
                                                                                                                                
            ^
  where E is a type-variable:
    E extends Object declared in class JComboBox
CollectMedicine.java:1: warning: [unchecked] unchecked call to addItem(E) as a member of the raw type JComboBox
/* * To change this license header, choose License Headers in Project Properties. * To change this template file, choose Tools 
| Templates * and open the template in the editor. */package online.medicine.donation.system;import 
com.mysql.jdbc.Connection;import com.mysql.jdbc.PreparedStatement;import com.toedter.calendar.JDateChooser;import 
java.awt.Color;import java.awt.Container;import java.awt.Cursor;import java.awt.Font;import java.awt.event.ActionEvent;import 
java.awt.event.ActionListener;import java.awt.event.FocusEvent;import java.awt.event.FocusListener;import 
java.sql.DriverManager;import java.sql.ResultSet;import java.sql.SQLException;import java.text.DateFormat;import 
java.text.SimpleDateFormat;import java.time.LocalDate;import java.time.LocalTime;import 
java.time.format.DateTimeFormatter;import java.util.Date;import javax.swing.JButton;import javax.swing.JComboBox;import 
javax.swing.JFrame;import javax.swing.JLabel;import javax.swing.JOptionPane;import javax.swing.JTextField;    public class 
CollectMedicine extends JFrame{     private Container c;      private JLabel 
time,datel,label,expl,mnfl,typel,numl,med,label2,title,title1,title2,label1,namel,emaill,contactl,locationl, 
passwordl,confirml,genderl,agel,idl,eml, enamel,n;     private JTextField 
nametf,emailtf,contacttf,locationtf,gendertf,agetf,idtf,enamef,etf,nf,mnfltf,expltf,typetf,numtf,timetf;    private JButton  
homepage,user, logout,search,assign,viwngo,viewuser,viewexecutive,collect,viewmedicine,donate,buymed;    private JComboBox 
nameltf;    private JDateChooser datetf;  private Connection con,con2,con1;   private PreparedStatement pst,pst1;   private 
ResultSet rs,rs1;    int Current_year,Current_month,Current_day;   String uname = ExecutiveLogin.nametf.getText();    String 
email = ExecutiveLogin.emailtf.getText();      CollectMedicine()    {        initComponents();            ComboBox();    }      
 void initComponents()    {         this.setDefaultCloseOperation(JFrame.EXIT_ON_CLOSE);        this.setSize(1930, 1030);       
 this.setTitle("Executive");        c = this.getContentPane();        c.setLayout(null);        this.setResizable(false);       
  c.setBackground(Color.GRAY);                           Font font = new Font("Arial",Font.BOLD,42);         title = new 
JLabel("MedConnect");        title.setFont(font);        title.setBounds(2, 2, 1930, 80);        
title.setForeground(Color.BLUE);        title.setOpaque(true);        title.setBackground(Color.ORANGE);        c.add(title);   
     label = new JLabel();        label.setBounds(1, 100, 1930, 150);        label.setOpaque(true);        
label.setBackground(Color.MAGENTA);        c.add(label);        Cursor cursor = new Cursor(Cursor.HAND_CURSOR);              
Font font1 = new Font("Arial",Font.BOLD,24);             homepage = new JButton("Home Page");        homepage.setFont(font1);   
            homepage.setBounds(20, 30, 170, 80);                homepage.setCursor(cursor);         label.add(homepage);        
          assign = new JButton("View Assigned User");     assign.setFont(font1);     assign.setBounds(191, 30, 270, 80);       
assign.setCursor(cursor);        label.add(assign);        viewmedicine = new JButton("View Medicine");      
viewmedicine.setFont(font1);        viewmedicine.setBounds(462, 30, 224, 80);      viewmedicine.setCursor(cursor);        
label.add(viewmedicine);        viewuser = new JButton("View Buy Med");     viewuser.setFont(font1);        
viewuser.setBounds(687, 30, 199, 80);      viewuser.setCursor(cursor);        label.add(viewuser);        buymed = new 
JButton("Buy Medicine");       buymed.setFont(font1);        buymed.setBounds(887, 30, 190, 80);       
buymed.setCursor(cursor);        label.add(buymed);       donate = new JButton("View Donate");      donate.setFont(font1);      
  donate.setBounds(1078, 30, 180, 80);      donate.setCursor(cursor);        label.add(donate);                    logout = new 
JButton("LogOut");       logout.setFont(font1);        logout.setBounds(1259, 30, 120, 80);       logout.setCursor(cursor);     
   label.add(logout);                             label2 = new JLabel("Hi "+uname);                            
label2.setBounds(1660, 30, 500, 80);         label2.setFont(font1);         label2.setToolTipText(uname);                       
      label.add(label2);          label1 = new JLabel();         label1.setBounds(1, 260,1930,1030);         
label1.setOpaque(true);          label1.setBackground(Color.LIGHT_GRAY);        c.add(  label1);         title1 = new 
JLabel("Collect Medicine");        title1.setFont(font1);        title1.setBounds(1, 1, 1900, 40);        
title1.setForeground(Color.BLUE);       title1.setOpaque(true);       title1.setBackground(Color.ORANGE);         
label1.add(title1);         Font font3 = new Font("Arial",Font.BOLD,26);          Font font4 = new Font("Arial",Font.BOLD,21);  
       title2 = new JLabel("Please Enter medicine Name  and click the search button then enter collect date and Collect Time"); 
       title2.setFont(font4);        title2.setBounds(420, 45, 1900, 27);         label1.add(title2);         namel = new 
JLabel("Medicine Name  ");       namel.setFont(font4);      namel.setBounds(2, 100, 320, 30);        label1.add(namel);       
nameltf = new JComboBox();       nameltf.setFont(font4);            nameltf.setBounds(200, 100,300, 30);             
label1.add(nameltf);         enamel = new JLabel("Executive Name ");        enamel.setFont(font4);     enamel.setBounds(550, 
100, 320, 30);        label1.add( enamel);        enamef = new JTextField(uname);          enamef.setFont(font4);     
enamef.setBounds(740, 100, 300, 30);     enamef.setEditable(false);        label1.add( enamef);                eml = new 
JLabel("Executive Email ");        eml.setFont(font4);     eml.setBounds(1090, 100, 320, 30);        label1.add(eml);        
etf = new JTextField(email);         etf .setFont(font4);      etf .setBounds(1280, 100, 300, 30);      etf.setEditable(false); 
       label1.add( etf );               search = new JButton("Search");       search .setCursor(cursor);         
search.setFont(font1);        search.setBounds(700, 140, 400, 40);        label1.add( search);         n = new 
JLabel("Executive Details  ");        n.setFont(font3);     n.setBounds(2, 200, 320, 30);        label1.add(n);              
genderl  = new JLabel("Gender");        genderl.setFont(font4);      genderl.setBounds(2, 260, 300, 30);           
label1.add(genderl);       gendertf  = new JTextField("");        gendertf.setFont(font4);        gendertf.setBounds(150, 260, 
300, 30);       gendertf.setEditable(false);         label1.add(gendertf);           agel = new JLabel("Date of Birth ");       
 agel.setFont(font4);      agel.setBounds(550,260, 300, 30);        label1.add(agel);                 agetf = new 
JTextField("");        agetf.setFont(font4);       agetf.setBounds(700, 260,300, 30);       agetf.setEditable(false);         
label1.add(agetf);               contactl = new JLabel("Contact Number");        contactl.setFont(font4);        
contactl.setBounds(1100, 260, 300, 30);         label1.add(contactl);        contacttf = new JTextField("");        
contacttf.setFont(font4);        contacttf.setBounds(1280, 260, 300, 30);         contacttf.setEditable(false);           
label1.add(contacttf);         locationl = new JLabel("Location");        locationl.setFont(font4);        
locationl.setBounds(2, 300, 300, 30);        label1.add(locationl);         locationtf = new JTextField("");        
locationtf.setFont(font4);        locationtf.setBounds(150,300, 300, 30);        locationtf.setEditable(false);        
label1.add(locationtf);            datel = new JLabel("Collect Date  ");         datel.setFont(font4);          
datel.setBounds(550,300, 320, 30);                  label1.add( datel);         datetf = new JDateChooser();     
datetf.setFont(font4);      datetf.setBounds(700, 300,300, 30);               label1.add(datetf);          time = new 
JLabel("Collect Time ");        time.setFont(font4);          time.setBounds(1100,300, 320, 30);                  label1.add( 
time);         timetf = new JTextField("hh:mm a   12:30 PM");     timetf.setFont(font4);      timetf.setBounds(1280, 300,300, 
30);               label1.add(timetf);                med = new JLabel("Medicine Details ");         med.setFont(font3);     
med.setBounds(2, 360, 320, 30);        label1.add(med);                                     mnfl  = new JLabel("Manufacture 
Date  ");        mnfl.setFont(font4);       mnfl.setBounds(2, 400, 320, 30);           label1.add(mnfl);         mnfltf  = new 
JTextField("");        mnfltf.setFont(font4);       mnfltf.setBounds(200, 400, 300, 30);      mnfltf.setEditable(false);        
 label1.add(mnfltf);               expl = new JLabel("Expiry Date   ");         expl.setFont(font4);         
expl.setBounds(680,400, 320, 30);        label1.add( expl);         expltf = new JTextField("");        expltf.setFont(font4);  
     expltf.setBounds(900, 400,300, 30);        expltf.setEditable(false);         label1.add( expltf);                typel = 
new JLabel("Type  ");         typel.setFont(font4);          typel.setBounds(2,440, 320, 30);        label1.add( typel);        
  typetf = new JTextField("");        typetf.setFont(font4);        typetf.setBounds(200, 440,300, 30);         
typetf.setEditable(false);         label1.add( typetf);       numl = new JLabel("Number of Tablet or Syrup   ");          
numl.setFont(font4);          numl.setBounds(600,440, 320, 30);        label1.add(  numl);         numtf = new JTextField("");  
      numtf.setFont(font4);       numtf.setBounds(900, 440,300, 30);       numtf.setEditable(false);         label1.add(numtf); 
         user = new JButton("Collect Medicine");      user .setCursor(cursor);         user.setFont(font1);      
user.setBounds(580,520,600, 60);        label1.add(user);                 timetf.addFocusListener(new FocusListener(){          
  @Override            public void focusGained(FocusEvent fe) {                if(timetf.getText().equals("hh:mm a   12:30 
PM")){                    timetf.setText(null);                    timetf.requestFocus();                }                      
      }          @Override            public void focusLost(FocusEvent fe) {                if(timetf.getText().length()==0){   
             timetf.setText("hh:mm a   12:30 PM");                }            }                          });            
Handler handler = new Handler();    search.addActionListener(handler);    assign.addActionListener(handler);        
homepage.addActionListener(handler);         viewmedicine.addActionListener(handler);         
viewuser.addActionListener(handler);       buymed .addActionListener(handler);         donate.addActionListener(handler);       
        user.addActionListener(handler);       logout.addActionListener(handler);           }    class Handler implements 
ActionListener{    public void actionPerformed(ActionEvent ae) {              String name = 
nameltf.getSelectedItem().toString();                  if(ae.getSource()==search){                            int a=0;        
if(name.isEmpty()|| enamef.getText().isEmpty()|| etf.getText().isEmpty())            {                
JOptionPane.showMessageDialog(null, "Please Enter medicine name or Executive Name or Executive Email 
","Warning",JOptionPane.ERROR_MESSAGE);            }               else{            try {                        String sql = 
"SELECT `Medicine Name`, `Manufacture Date`, `Expiry Date`, `Medicine Type`, `Number of Tablet` FROM `donate medicine` WHERE 
`Medicine Name`=?" ;                      con = (Connection) 
DriverManager.getConnection("jdbc:mysql://localhost/MedConnect","root", "");            pst =   (PreparedStatement) 
con.prepareStatement(sql);            pst.setString(1, name);                                 rs = pst.executeQuery();          
while(rs.next()){                     mnfltf.setText(rs.getString("Manufacture Date"));             
expltf.setText(rs.getString("Expiry Date"));           typetf.setText(rs.getString("Medicine Type"));           
numtf.setText(rs.getString("Number of Tablet"));                                            a=1;          break;                
                               }                         con.close();           pst.close();                   } catch 
(SQLException ex) {             JOptionPane.showMessageDialog(null, "Something Error "+ex);                   }            
if(a==0){                  JOptionPane.showMessageDialog(null, "Please Enter Correct medicine 
name","Warning",JOptionPane.ERROR_MESSAGE);            }            if(ae.getSource()==search)            {                     
            try {                        String sql = "SELECT `Gender`, `Date of Birth`, `Contact Number`, `Location` FROM 
`executive`  WHERE `Name`=? AND `Email`=?" ;                      con = (Connection) 
DriverManager.getConnection("jdbc:mysql://localhost/MedConnect","root", "");            pst =   (PreparedStatement) 
con.prepareStatement(sql);            pst.setString(1, enamef.getText());           pst.setString(2, etf.getText());            
          rs = pst.executeQuery();          while(rs.next()){                                
gendertf.setText(rs.getString("Gender"));             agetf.setText(rs.getString("Date of Birth"));              
contacttf.setText(rs.getString("Contact Number"));             locationtf.setText(rs.getString("Location"));                    
                      }                         con.close();           pst.close();                   } catch (SQLException ex) 
{             JOptionPane.showMessageDialog(null, "Something Error ");                   }                             }        
    }                           }          if(ae.getSource()==user)          {                            int b=0;              
             if(datetf.getDate()==null || timetf.getText().isEmpty()||agetf.getText().isEmpty()||gendertf.getText().isEmpty()||c
ontacttf.getText().isEmpty()||locationtf.getText().isEmpty()||name.isEmpty()|| enamef.getText().isEmpty()|| 
etf.getText().isEmpty()|| mnfltf.getText().isEmpty() || expltf.getText().isEmpty()|| numtf.getText().isEmpty() || 
typetf.getText().isEmpty())              {                  JOptionPane.showMessageDialog(null, "Fill up the all information  
","Warning",JOptionPane.ERROR_MESSAGE);              }                            if(datetf.getDate()!=null || 
!timetf.getText().isEmpty())              {                  SimpleDateFormat dateformat1 = new SimpleDateFormat("YYYY-MM-dd"); 
                        SimpleDateFormat dateformat2 = new SimpleDateFormat("hh:mm a");                                         
                                try{                                                   Date date = new Date();       DateFormat 
dateformat = new SimpleDateFormat("dd-MM-YYYY");             String current = dateformat.format(date);         String dates = 
dateformat.format(datetf.getDate());                  String times =timetf.getText();                  Date date1 = 
dateformat1.parse(dates);                                                        Date date2 = dateformat1.parse(current);       
                                 Date time1 = dateformat2.parse(times);                   if(date2.before(date1))               
     {                       JOptionPane.showMessageDialog(null, "Please Enter Collect Date  is less than or equal current Date 
");                   }                                 else{                                     String sql = "INSERT INTO 
`collect medicine`(`Executive Name`, `Executive Email`, `Gender`, `Date of Birth`, `Contact Number`, `Location`, `Medicine 
Name`, `Manufacture Date`, `Expiry Date`, `Medicine Type`, `Number of Tablet`, `Collect Date`,`Collect Time`)" + "VALUES 
(?,?,?,?,?,?,?,?,?,?,?,?,?)";                  try{              con = (Connection) 
DriverManager.getConnection("jdbc:mysql://localhost/MedConnect","root", "");                      pst =  (PreparedStatement) 
con.prepareStatement(sql);            pst.setString(1, enamef.getText());            pst.setString(2, etf.getText());           
  pst.setString(3, gendertf.getText());             pst.setString(4, agetf.getText());             pst.setString(5, 
contacttf.getText());             pst.setString(6, locationtf.getText());             pst.setString(7, name);             
pst.setString(8, mnfltf.getText());             pst.setString(9, expltf.getText());             pst.setString(10, 
typetf.getText());             pst.setString(11, numtf.getText());             pst.setString(12, dates);             
pst.setString(13, timetf.getText());                                                                                  
pst.executeUpdate();            con.close();                            JOptionPane.showMessageDialog(null, "Collect Medicine 
successfully");                    }                                               catch (SQLException ex) {                    
    JOptionPane.showMessageDialog(null, "Collect Medicine unsuccessfully");        }                   }                     } 
catch (Exception ex) {                        JOptionPane.showMessageDialog(null, "Collect Medicine unsuccessfully");        }  
          }          }                                               if(ae.getSource() ==  homepage)                    {       
     setVisible(false);            HomePage frame = new  HomePage();            frame.setVisible(true);        }         
if(ae.getSource() ==  assign)                    {             setVisible(false);          Viewassignexecutive frame = new 
Viewassignexecutive();          frame.setVisible(true);        }               if(ae.getSource() ==  viewmedicine)              
      {            setVisible(false);          MedicineView frame = new MedicineView();          frame.setVisible(true);        
         }        if(ae.getSource() ==  viewuser)                    {            setVisible(false);          User frame = new 
User();          frame.setVisible(true);                 }        if(ae.getSource()==buymed)        {             
setVisible(false);         BuyMedicine frame = new BuyMedicine();          frame.setVisible(true);        }        
if(ae.getSource() ==  donate)                    {            setVisible(false);          ViewDonateMedicine frame = new 
ViewDonateMedicine ();          frame.setVisible(true);                 }                             
if(ae.getSource()==logout)        {                   int a = JOptionPane.showConfirmDialog(null, "Are You Sure?");          
if(a==JOptionPane.YES_OPTION){           setVisible(false);           ExecutiveLogin frame = new ExecutiveLogin();          
frame.setVisible(true);          }        }                           }    }               void  ComboBox()    {        try{    
       String sql1 = "SELECT * FROM `donate medicine` " ;                                con1 = (Connection) 
DriverManager.getConnection("jdbc:mysql://localhost/MedConnect","root", "");                pst1 =   (PreparedStatement) 
con1.prepareStatement(sql1);                               rs1 = pst1.executeQuery();                while(rs1.next()){         
           String name= rs1.getString("Medicine Name");                       nameltf.addItem(name);                           
}        }catch(Exception e)        {                    }    }        public static void main(String[] args) {      
CollectMedicine frame = new CollectMedicine ();                frame.setVisible(true);                                          
         }    }        
                                                                                                                                
                                                                                                                                
                                                                                                                                
                                                                                                                                
                                                                                                                                
                                                                                                                                
                                                                                                                                
                                                                                                                                
                                                                                                                                
                                                                                                                                
                                                                                                                                
                                                                                                                                
                                                                                                                                
                                                                                                                                
                                                                                                                                
                                                                                                                                
                                                                                                                                
                                                                                                                                
                                                                                                                                
                                                                                                                                
                                                                                                                                
                                                                                                                                
                                                                                                                                
                                                                                                                                
                                                                                                                                
                                                                                                                                
                                                                                                                                
                                                                                                                                
                                                                                                                                
                                                                                                                                
                                                                                                                                
                                                                                                                                
                                                                                                                                
                                                                                                                                
                                                                                                                                
                                                                                                                                
                                                                                                                                
                                                                                                                                
                                                                                                                                
                                                                                                                                
                                                                                                                                
                                                                                                                                
                                                                                                                                
                                                                                                                                
                                                                                                                                
                                                                                                                                
                                                                                                                                
                                                                                                                                
                                                                                                                                
                                                                                                                                
                                                                                                                                
                                                                                                                                
                                                                                                                                
                                                                                                                                
                                                                                                                                
                                                                                                                                
                                                                                                                                
                                                                                                                                
                                                                                                                                
                                                                                                                                
                                                                                                                                
                                                                                                                                
                                                                                                                                
                                                                                                                                
                                                                                                                                
                                                                                                                                
                                                                                                                                
                                                                                                                                
                                                                                                                                
                                                                                                                                
                                                                                                                                
                                                                                                                                
                                                                                                                                
                                                                                                                                
                                                                                                                                
                                                                                                                                
                                                                                                                                
                                                                                                                                
                                                                                                                                
                                                                                                                                
                                                                                                                                
                                                                                                                                
                                                                                                                                
                                                                                                                                
                                                                                                                                
                                                                                                                                
                                                                                                                                
                                                                                                                                
                                                                                                                                
                                                                                                                                
                                                                                                                                
                                                                                                                                
                                                                                                                                
                                                                                                                                
                                                                                                                                
                                                                                                                                
                                                                                                                                
                                                                                                                                
                                                                                                                                
                                                                                                                                
                                                                                                                                
                                                                                                                                
                                                                                                                                
                                                                                                                                
                                                                                                                                
                                                                                                                                
                                                                                                                                
                                                                                                                                
                                                                                                                                
                                                                                                                                
                                                                                                                                
                                                                                                                                
                                                                                                                                
                                                                                                                                
                                                                                                                                
                                                                                                                                
                                                                                                                                
                                                                                                                                
                                                                                                                                
                                                                                                                                
                                                                                                                                
                                                                                                                                
                                                                                                                                
                                                                                                                                
                                                                                                                                
                                                                                                                                
                                                                                                                                
                                                                                                                                
                                                                                                                                
                                                                                                                                
                                                                                                                                
                                                                                                                                
                                                                                                                                
                                                                                                                                
                                                                                                                                
                                                                                                                                
                                                                                                                                
                                                                                                                                
                                                                                                                                
                                                                                                                                
                                                                                                                                
                                                                                                                                
                                                                                                                                
                                                                                                                                
                                                                                                                                
                                                                                                                                
                                                                                                                                
                                                                                                                                
                                                                                                                                
                                                                                                                                
                                                                                                          ^
  where E is a type-variable:
    E extends Object declared in class JComboBox
DonateMedicine.java:1: warning: [unchecked] unchecked call to JComboBox(E[]) as a member of the raw type JComboBox
/* * To change this license header, choose License Headers in Project Properties. * To change this template file, choose Tools 
| Templates * and open the template in the editor. */package online.medicine.donation.system;import 
com.mysql.jdbc.Connection;import com.mysql.jdbc.PreparedStatement;import com.toedter.calendar.JDateChooser;import 
java.awt.Color;import java.awt.Container;import java.awt.Cursor;import java.awt.Font;import java.awt.event.ActionEvent;import 
java.awt.event.ActionListener;import java.awt.event.FocusEvent;import java.awt.event.FocusListener;import 
java.sql.DriverManager;import java.sql.ResultSet;import java.sql.SQLException;import java.text.DateFormat;import 
java.text.SimpleDateFormat;import java.time.LocalTime;import java.time.format.DateTimeFormatter;import java.util.Date;import 
javax.swing.JButton;import javax.swing.JComboBox;import javax.swing.JFrame;import javax.swing.JLabel;import 
javax.swing.JOptionPane;import javax.swing.JScrollPane;import javax.swing.JTable;import javax.swing.JTextField;import 
javax.swing.table.DefaultTableModel;import javax.swing.table.JTableHeader;/** * * @author Hp */public class DonateMedicine 
extends JFrame{      private Container c;       private JLabel timel,datel,eml, med, 
label,title,title1,label2,label1,namel,pricel,mnfl,expl,title2,numl,typel,exel,personal,rl,ml,enamel,fl,sl,al,pl,stl,cl,n,e,c1; 
   private JTextField priceltf,mnfltf,expltf,numtf,ftf,stf,atf,ptf,sttf,ctf,nf,cf,ef,medtf,timetf;     private JButton  
homepage,logout,order,donate,search, assign,executive;     private JTable table;     private JComboBox 
typetf,nameltf,enamef,etf;     private JDateChooser datetf;     private DefaultTableModel mode;    private JScrollPane scroll;  
  Connection con1,con2,con3,con4;    PreparedStatement pst1,pst2,pst3,pst4;    ResultSet rs1,rs2,rs3,rs4;        String 
item[]={"Tablet","Syrup"};   String uname =  UserLogin.usernametf.getText();  String email=  UserLogin.emailtf.getText();    
DonateMedicine()    {        initComponents();          ComboBox();        ComboBox1();    }       void initComponents()    {   
      this.setDefaultCloseOperation(JFrame.EXIT_ON_CLOSE);        this.setSize(1930, 1030);        this.setTitle("User");       
 c = this.getContentPane();        c.setLayout(null);        this.setResizable(false);         c.setBackground(Color.GRAY);     
                      Font font = new Font("Arial",Font.BOLD,42);         title = new JLabel("MedConnect");        
title.setFont(font);        title.setBounds(2, 2, 1930, 80);        title.setForeground(Color.BLUE);        
title.setOpaque(true);        title.setBackground(Color.ORANGE);        c.add(title);        label = new JLabel();        
label.setBounds(1, 100, 1930, 150);        label.setOpaque(true);        label.setBackground(Color.MAGENTA);        
c.add(label);        Cursor cursor = new Cursor(Cursor.HAND_CURSOR);              Font font1 = new Font("Arial",Font.BOLD,24);  
         homepage = new JButton("Home Page");        homepage.setFont(font1);               homepage.setBounds(20, 30, 170, 
80);                homepage.setCursor(cursor);         label.add(homepage);                  order = new JButton("My Order");  
   order.setFont(font1);    order.setBounds(191, 30, 170, 80);      order.setCursor(cursor);        label.add(order);           
 executive = new JButton("View Executive");   executive.setFont(font1);    executive.setBounds(362, 30, 250, 80);      
executive.setCursor(cursor);        label.add(executive);       logout = new JButton("Logout");      logout.setFont(font1);     
   logout.setBounds(613, 30, 190, 80);       logout.setCursor(cursor);        label.add(logout);                                
  label2 = new JLabel("Hi "+uname);                            label2.setBounds(1660, 30, 500, 80);         
label2.setFont(font1);         label2.setToolTipText(uname);label.add(label2);                                                  
         label1 = new JLabel();         label1.setBounds(1, 260,1930,1030);         label1.setOpaque(true);          
label1.setBackground(Color.LIGHT_GRAY);        c.add(  label1);         title1 = new JLabel("Donate Medicine");        
title1.setFont(font1);        title1.setBounds(1, 1, 1900, 60);        title1.setForeground(Color.BLUE);       
title1.setOpaque(true);       title1.setBackground(Color.ORANGE);         label1.add(title1);          Font font3 = new 
Font("Arial",Font.BOLD,26);          Font font4 = new Font("Arial",Font.BOLD,21);         exel = new JLabel("Executive 
Delatils");        exel.setFont(font3);      exel.setBounds(2, 60, 320, 50);        label1.add( exel);        enamel = new 
JLabel("Executive Name : ");        enamel.setFont(font4);     enamel.setBounds(2, 120, 320, 30);        label1.add( enamel);   
     enamef = new JComboBox();        enamef.setFont(font4);     enamef.setBounds(200, 120, 470, 30);           label1.add( 
enamef);                eml = new JLabel("Executive Email : ");        eml.setFont(font4);     eml.setBounds(800, 120, 320, 
30);        label1.add(eml);        etf = new JComboBox();         etf .setFont(font4);      etf .setBounds(1000, 120, 470, 
30);            label1.add( etf );        pl = new JLabel("Personal Details");        pl.setFont(font3);     pl.setBounds(2, 
180, 320, 50);        label1.add(pl);        n = new JLabel("Name : ");        n.setFont(font4);     n.setBounds(2, 240, 320, 
30);        label1.add(n);        nf = new JTextField(uname);        nf.setEditable(false);      nf.setFont(font4);        
nf.setBounds(220, 240,380, 30);             label1.add(nf);           e = new JLabel("Email : ");        e.setFont(font4);     
e.setBounds(750, 240, 320, 30);        label1.add(e);         ef = new JTextField(email);      ef.setFont(font4);        
ef.setBounds(850, 240,380, 30);          ef.setEditable(false);          label1.add(ef);            c1 = new JLabel("Contact 
Number : ");        c1.setFont(font4);     c1.setBounds(1270, 240, 320, 30);        label1.add(c1);         cf = new 
JTextField("");      cf.setFont(font4);        cf.setBounds(1450, 240,400, 30);             label1.add(cf);            rl = new 
JLabel("Residential Address ");        rl.setFont(font3);     rl.setBounds(2, 300, 320, 30);        label1.add(rl);         fl 
= new JLabel("Flate/Door/Block No : ");        fl.setFont(font4);     fl.setBounds(2, 340, 320, 30);        label1.add(fl);     
    ftf = new JTextField("");      ftf.setFont(font4);        ftf.setBounds(220, 340,370, 30);             label1.add(ftf);     
     sl = new JLabel("Street/Lane : ");        sl.setFont(font4);    sl.setBounds(700, 340, 320, 30);        label1.add(sl);    
     stf = new JTextField("");      stf.setFont(font4);        stf.setBounds(850, 340,370, 30);             label1.add(stf);    
      al = new JLabel("Area/Locality : ");        al.setFont(font4);    al.setBounds(1280, 340, 320, 30);        
label1.add(al);         atf = new JTextField("");      atf.setFont(font4);        atf.setBounds(1450, 340,400, 30);             
label1.add(atf);          pl = new JLabel("Pin Code : ");        pl.setFont(font4);    pl.setBounds(2, 380, 320, 30);        
label1.add( pl);          ptf = new JTextField("");     ptf.setFont(font4);        ptf.setBounds(220,380,370, 30);             
label1.add(ptf);          stl = new JLabel("State : ");        stl.setFont(font4);     stl.setBounds(700, 380, 320, 30);        
label1.add( stl);          sttf = new JTextField("");      sttf.setFont(font4);         sttf.setBounds(850, 380,370, 30);       
      label1.add( sttf);           cl = new JLabel("CityTown : ");         cl.setFont(font4);      cl.setBounds(1280, 380, 320, 
30);        label1.add(  cl);           ctf = new JTextField("");      ctf.setFont(font4);          ctf.setBounds(1450, 
380,400, 30);             label1.add(  ctf);          med = new JLabel("Medicine Details ");         med.setFont(font3);     
med.setBounds(2, 440, 320, 30);        label1.add(med);        title2 = new JLabel("Please Enter medicine Name and click the 
search button then Enter medicine type or number of tablet or donate time or donate date");        title2.setFont(font4);       
 title2.setBounds(280, 470, 1900, 27);         label1.add(title2);        namel = new JLabel("Medicine Name : ");       
namel.setFont(font4);      namel.setBounds(2, 510, 320, 30);        label1.add(namel);       nameltf = new JComboBox();      
nameltf.setFont(font4);        nameltf.setBounds(286, 510,300, 30);             label1.add(nameltf);         search = new 
JButton("Search");       search .setCursor(cursor);         search.setFont(font3);        search.setBounds(900, 510, 250, 30);  
      label1.add( search);                     mnfl  = new JLabel("Manufacture Date : ");        mnfl.setFont(font4);       
mnfl.setBounds(2, 570, 320, 30);           label1.add(mnfl);         mnfltf  = new JTextField("");        
mnfltf.setFont(font4);       mnfltf.setBounds(286, 570, 300, 30);      mnfltf.setEditable(false);         label1.add(mnfltf);   
            expl = new JLabel("Expiry Date : ");         expl.setFont(font4);         expl.setBounds(700,570, 320, 30);        
label1.add( expl);         expltf = new JTextField("");        expltf.setFont(font4);       expltf.setBounds(850, 570,300, 30); 
       expltf.setEditable(false);         label1.add( expltf);                typel = new JLabel("Type : ");         
typel.setFont(font4);          typel.setBounds(1280,570, 320, 30);        label1.add( typel);          typetf = new 
JComboBox(item);        typetf.setFont(font4);        typetf.setBounds(1450, 570,300, 30);         typetf.setEditable(false);   
      label1.add( typetf);       numl = new JLabel("Number of Tablet or Syrup : ");          numl.setFont(font4);          
numl.setBounds(2,610, 320, 30);        label1.add(  numl);         numtf = new JTextField("");        numtf.setFont(font4);     
  numtf.setBounds(286, 610,300, 30);                label1.add(numtf);         timel = new JLabel("Donate Time : ");         
timel.setFont(font4);          timel.setBounds(700,610, 320, 30);        label1.add( timel);         timetf = new 
JTextField("hh:mm a   12:30 PM");       timetf.setFont(font4);      timetf.setBounds(850, 610,300, 30);                
label1.add(timetf);         datel = new JLabel("Donate Date : ");         datel.setFont(font4);          
datel.setBounds(1280,610, 320, 30);        label1.add( datel);         datetf = new JDateChooser();     datetf.setFont(font4);  
    datetf.setBounds(1450, 610,300, 30);                label1.add(datetf);                 assign = new JButton("Donate 
Medicine");     assign.setCursor(cursor);       assign.setFont(font3);     assign.setBounds(600,680,600, 40);        
label1.add( assign);                   timetf.addFocusListener(new FocusListener(){            @Override            public void 
focusGained(FocusEvent fe) {                if(timetf.getText().equals("hh:mm a   12:30 PM")){                    
timetf.setText(null);                    timetf.requestFocus();                }                            }          
@Override            public void focusLost(FocusEvent fe) {                if(timetf.getText().length()==0){                
timetf.setText("hh:mm a   12:30 PM");                }            }                          });                 Handler 
handler = new Handler();        homepage.addActionListener(handler);        executive.addActionListener(handler);     
order.addActionListener(handler);    search.addActionListener(handler);    assign.addActionListener(handler);     
logout.addActionListener(handler);             }    class Handler implements ActionListener{    public void 
actionPerformed(ActionEvent ae) {        String exname = enamef.getSelectedItem().toString();        String exemail = 
etf.getSelectedItem().toString();        if(ae.getSource() ==  search)                    { int a=0;        String name1 = 
nameltf.getSelectedItem().toString();            if(name1.isEmpty())            {                
JOptionPane.showMessageDialog(null, "Please Enter medicine name ","Warning",JOptionPane.ERROR_MESSAGE);            }            
                         else{                  try {                        String sql = "SELECT `Medicine Name`,  
`Manufacture Date`, `Expiry Date` FROM `buymedicine` WHERE `Medicine Name`=? ";                      con1 = (Connection) 
DriverManager.getConnection("jdbc:mysql://localhost/MedConnect","root", "");            pst1 =   (PreparedStatement) 
con1.prepareStatement(sql);            pst1.setString(1, name1);          rs1 = pst1.executeQuery();          
while(rs1.next()){                                                              mnfltf.setText(rs1.getString("Manufacture 
Date"));                           expltf.setText(rs1.getString("Expiry Date"));                           a=1;             
break;                                                          }                         con1.close();           pst1.close(); 
                  } catch (SQLException ex) {             JOptionPane.showMessageDialog(null, "Something Error "+ex);           
        }                  if(a==0)                  {                        JOptionPane.showMessageDialog(null, "Please Enter 
Correct medicine name ","Warning",JOptionPane.ERROR_MESSAGE);                  }            }                   }          
if(ae.getSource() ==  assign)                    { String name1 = nameltf.getSelectedItem().toString();            
if(timetf.getText().isEmpty()||datetf.getDate()==null||exemail.isEmpty()|| exname.isEmpty()|| nf.getText().isEmpty() || 
cf.getText().isEmpty()|| ef.getText().isEmpty()||ftf.getText().isEmpty()|| stf.getText().isEmpty() || atf.getText().isEmpty()|| 
ptf.getText().isEmpty()|| sttf.getText().isEmpty()|| ctf.getText().isEmpty() || name1.isEmpty()  || mnfltf.getText().isEmpty() 
|| expltf.getText().isEmpty()|| numtf.getText().isEmpty() || typetf.getSelectedItem().toString().isEmpty())            { 
JOptionPane.showMessageDialog(null, "Fill up the all information  ","Warning",JOptionPane.ERROR_MESSAGE);                }      
     else            {                int a =0;                String sql1 = "SELECT * FROM `executive` WHERE `Name` =? AND 
`Email`=? ";              try {                                              con1 = (Connection) 
DriverManager.getConnection("jdbc:mysql://localhost/MedConnect","root", "");                  pst1 =   (PreparedStatement) 
con1.prepareStatement(sql1);                  pst1.setString(1, exname);                  pst1.setString(2, exemail);           
                        rs1 = pst1.executeQuery();                  while(rs1.next()){                                          
                                     a=1;                   break;                   }                  con1.close();           
                   } catch (SQLException ex) {                          JOptionPane.showMessageDialog(null, "Please Correct 
Executive Name and Email "+ ex);                 }                                                         if(a==0)             
      {                      JOptionPane.showMessageDialog(null, "Please Correct Executive Name and Email 
","Warning",JOptionPane.ERROR_MESSAGE);                   }                 else{             if(datetf.getDate()!=null || 
!timetf.getText().isEmpty())              {                  SimpleDateFormat dateformat1 = new SimpleDateFormat("YYYY-MM-dd"); 
                        SimpleDateFormat dateformat2 = new SimpleDateFormat("hh:mm a");                                         
                                try{                                     Date date = new Date();       DateFormat dateformat = 
new SimpleDateFormat("dd-MM-YYYY");             String current = dateformat.format(date);         String dates = 
dateformat.format(datetf.getDate());                  String times =timetf.getText();                  Date date1 = 
dateformat1.parse(dates);                                                        Date date2 = dateformat1.parse(current);       
                                  Date time1 = dateformat2.parse(times);                   if(date2.after(date1) )              
      {                       JOptionPane.showMessageDialog(null, "Please Enter Donate Date is grater than or equal current 
Date ");                   }                    else{        String sql = "INSERT INTO `donate medicine`(`Medicine Name`, 
`Manufacture Date`, `Expiry Date`, `Medicine Type`, `Number of Tablet`, `Donate Time`, `Donate Date`, `Executive 
Name`,`Executive Email`, `User Name`, `User Email`, `Contact Number`, `Flat No`, `Street`, `Area`, `Pin Code`, `State`, 
`CityTown`)" + "VALUES (?,?,?,?,?,?,?,?,?,?,?,?,?,?,?,?,?,?)";                  try{              con2 = (Connection) 
DriverManager.getConnection("jdbc:mysql://localhost/MedConnect","root", "");                      pst2 =  (PreparedStatement) 
con2.prepareStatement(sql);            pst2.setString(1, name1);                                                    
pst2.setString(2, mnfltf.getText());            pst2.setString(3, expltf.getText());             pst2.setString(4, 
typetf.getSelectedItem().toString());            pst2.setString(5, numtf.getText());            pst2.setString(6, 
timetf.getText());              pst2.setString(7, dates);             pst2.setString(8, exname);              pst2.setString(9, 
exemail);              pst2.setString(10, nf.getText());               pst2.setString(11, ef.getText());                
pst2.setString(12, cf.getText());                 pst2.setString(13, ftf.getText());                  pst2.setString(14, 
stf.getText());                   pst2.setString(15, atf.getText());                    pst2.setString(16, ptf.getText());      
               pst2.setString(17, sttf.getText());                      pst2.setString(18, ctf.getText());                      
                       pst2.executeUpdate();            con2.close();                            
JOptionPane.showMessageDialog(null, "Donate Medicine successfully");                    }                      catch 
(SQLException ex) {                        JOptionPane.showMessageDialog(null, "Donate Medicine unsuccessfully"+ex);        }   
                }                  }catch(Exception ex){                        JOptionPane.showMessageDialog(null, "Donate 
Medicine unsuccessfully"+ex);        }                          }        }            }        }        if(ae.getSource() ==  
homepage)                    {            setVisible(false);            HomePage frame = new  HomePage();            
frame.setVisible(true);        }        if(ae.getSource() ==  order)                    {            setVisible(false);         
 MyOrder frame = new MyOrder();          frame.setVisible(true);                 }       if(ae.getSource()==executive){         
  setVisible(false);          ViewexUser frame = new  ViewexUser();          frame.setVisible(true);                 }          
    if(ae.getSource()==logout)        {                   int a = JOptionPane.showConfirmDialog(null, "Are You Sure?");         
 if(a==JOptionPane.YES_OPTION){           setVisible(false);           UserLogin frame = new UserLogin();          
frame.setVisible(true);          }        }           }                }         void  ComboBox()    {        try{           
String sql3 = "SELECT * FROM `buymedicine` " ;                                con3 = (Connection) 
DriverManager.getConnection("jdbc:mysql://localhost/MedConnect","root", "");                pst3 =   (PreparedStatement) 
con3.prepareStatement(sql3);                               rs3 = pst3.executeQuery();                while(rs3.next()){         
           String name = rs3.getString("Medicine Name");                        nameltf.addItem(name);                          
 }        }catch(Exception e)        {                    }    }     void  ComboBox1()    {        try{           String sql4 = 
"SELECT * FROM `executive` " ;                                con4 = (Connection) 
DriverManager.getConnection("jdbc:mysql://localhost/MedConnect","root", "");                pst4 =   (PreparedStatement) 
con4.prepareStatement(sql4);                               rs4 = pst4.executeQuery();                while(rs4.next()){         
           String name = rs4.getString("Name");                    String email = rs4.getString("Email");                       
 enamef.addItem(name);            etf.addItem(email);                           }        }catch(Exception e)        {           
         }    }         public static void main(String[] args) {       DonateMedicine frame = new  DonateMedicine();        
frame.setVisible(true);        } }
                                                                                                                                
                                                                                                                                
                                                                                                                                
                                                                                                                                
                                                                                                                                
                                                                                                                                
                                                                                                                                
                                                                                                                                
                                                                                                                                
                                                                                                                                
                                                                                                                                
                                                                                                                                
                                                                                                                                
                                                                                                                                
                                                                                                                                
                                                                                                                                
                                                                                                                                
                                                                                                                                
                                                                                                                                
                                                                                                                                
                                                                                                                                
                                                                                                                                
                                                                                                                                
                                                                                                                                
                                                                                                                                
                                                                                                                                
                                                                                                                                
                                                                                                                                
                                                                                                                                
                                                                                                                                
                                                                                                                                
                                                                                                                                
                                                                                                                                
                                                                                                                                
                                                                                                                                
                                                                                                                                
                                                                                                                                
                                                                                                                                
                                                                                                                                
                                                                                                                                
                                                                                                                                
                                                                                                                                
                                                                                                                                
                                                                                                                                
                                                                                                                                
                                                                                                                                
                                                                                                                                
                                                                                                                                
                                                                                                                                
                                                                                                                                
                                                                                                                                
                                                                                                                                
                                                                                                                                
                                                                                                                                
                                                                                                                                
                                                                                                                                
                                                                                                                                
                                                                                                                                
                                                                                                                                
                                                                                                                                
                                                                                                                                
                                                                                                                                
                                                                                                                                
                                                                                                                                
                                                                                                                                
                                                                                                                                
                                                                                                                                
                                                                                                                                
                                                                                                                                
                                                                                                                                
                                                                                                                                
                                                                                                                                
                                                                                                                                
                                                                                                                                
             ^
  where E is a type-variable:
    E extends Object declared in class JComboBox
DonateMedicine.java:1: warning: [unchecked] unchecked call to addItem(E) as a member of the raw type JComboBox
/* * To change this license header, choose License Headers in Project Properties. * To change this template file, choose Tools 
| Templates * and open the template in the editor. */package online.medicine.donation.system;import 
com.mysql.jdbc.Connection;import com.mysql.jdbc.PreparedStatement;import com.toedter.calendar.JDateChooser;import 
java.awt.Color;import java.awt.Container;import java.awt.Cursor;import java.awt.Font;import java.awt.event.ActionEvent;import 
java.awt.event.ActionListener;import java.awt.event.FocusEvent;import java.awt.event.FocusListener;import 
java.sql.DriverManager;import java.sql.ResultSet;import java.sql.SQLException;import java.text.DateFormat;import 
java.text.SimpleDateFormat;import java.time.LocalTime;import java.time.format.DateTimeFormatter;import java.util.Date;import 
javax.swing.JButton;import javax.swing.JComboBox;import javax.swing.JFrame;import javax.swing.JLabel;import 
javax.swing.JOptionPane;import javax.swing.JScrollPane;import javax.swing.JTable;import javax.swing.JTextField;import 
javax.swing.table.DefaultTableModel;import javax.swing.table.JTableHeader;/** * * @author Hp */public class DonateMedicine 
extends JFrame{      private Container c;       private JLabel timel,datel,eml, med, 
label,title,title1,label2,label1,namel,pricel,mnfl,expl,title2,numl,typel,exel,personal,rl,ml,enamel,fl,sl,al,pl,stl,cl,n,e,c1; 
   private JTextField priceltf,mnfltf,expltf,numtf,ftf,stf,atf,ptf,sttf,ctf,nf,cf,ef,medtf,timetf;     private JButton  
homepage,logout,order,donate,search, assign,executive;     private JTable table;     private JComboBox 
typetf,nameltf,enamef,etf;     private JDateChooser datetf;     private DefaultTableModel mode;    private JScrollPane scroll;  
  Connection con1,con2,con3,con4;    PreparedStatement pst1,pst2,pst3,pst4;    ResultSet rs1,rs2,rs3,rs4;        String 
item[]={"Tablet","Syrup"};   String uname =  UserLogin.usernametf.getText();  String email=  UserLogin.emailtf.getText();    
DonateMedicine()    {        initComponents();          ComboBox();        ComboBox1();    }       void initComponents()    {   
      this.setDefaultCloseOperation(JFrame.EXIT_ON_CLOSE);        this.setSize(1930, 1030);        this.setTitle("User");       
 c = this.getContentPane();        c.setLayout(null);        this.setResizable(false);         c.setBackground(Color.GRAY);     
                      Font font = new Font("Arial",Font.BOLD,42);         title = new JLabel("MedConnect");        
title.setFont(font);        title.setBounds(2, 2, 1930, 80);        title.setForeground(Color.BLUE);        
title.setOpaque(true);        title.setBackground(Color.ORANGE);        c.add(title);        label = new JLabel();        
label.setBounds(1, 100, 1930, 150);        label.setOpaque(true);        label.setBackground(Color.MAGENTA);        
c.add(label);        Cursor cursor = new Cursor(Cursor.HAND_CURSOR);              Font font1 = new Font("Arial",Font.BOLD,24);  
         homepage = new JButton("Home Page");        homepage.setFont(font1);               homepage.setBounds(20, 30, 170, 
80);                homepage.setCursor(cursor);         label.add(homepage);                  order = new JButton("My Order");  
   order.setFont(font1);    order.setBounds(191, 30, 170, 80);      order.setCursor(cursor);        label.add(order);           
 executive = new JButton("View Executive");   executive.setFont(font1);    executive.setBounds(362, 30, 250, 80);      
executive.setCursor(cursor);        label.add(executive);       logout = new JButton("Logout");      logout.setFont(font1);     
   logout.setBounds(613, 30, 190, 80);       logout.setCursor(cursor);        label.add(logout);                                
  label2 = new JLabel("Hi "+uname);                            label2.setBounds(1660, 30, 500, 80);         
label2.setFont(font1);         label2.setToolTipText(uname);label.add(label2);                                                  
         label1 = new JLabel();         label1.setBounds(1, 260,1930,1030);         label1.setOpaque(true);          
label1.setBackground(Color.LIGHT_GRAY);        c.add(  label1);         title1 = new JLabel("Donate Medicine");        
title1.setFont(font1);        title1.setBounds(1, 1, 1900, 60);        title1.setForeground(Color.BLUE);       
title1.setOpaque(true);       title1.setBackground(Color.ORANGE);         label1.add(title1);          Font font3 = new 
Font("Arial",Font.BOLD,26);          Font font4 = new Font("Arial",Font.BOLD,21);         exel = new JLabel("Executive 
Delatils");        exel.setFont(font3);      exel.setBounds(2, 60, 320, 50);        label1.add( exel);        enamel = new 
JLabel("Executive Name : ");        enamel.setFont(font4);     enamel.setBounds(2, 120, 320, 30);        label1.add( enamel);   
     enamef = new JComboBox();        enamef.setFont(font4);     enamef.setBounds(200, 120, 470, 30);           label1.add( 
enamef);                eml = new JLabel("Executive Email : ");        eml.setFont(font4);     eml.setBounds(800, 120, 320, 
30);        label1.add(eml);        etf = new JComboBox();         etf .setFont(font4);      etf .setBounds(1000, 120, 470, 
30);            label1.add( etf );        pl = new JLabel("Personal Details");        pl.setFont(font3);     pl.setBounds(2, 
180, 320, 50);        label1.add(pl);        n = new JLabel("Name : ");        n.setFont(font4);     n.setBounds(2, 240, 320, 
30);        label1.add(n);        nf = new JTextField(uname);        nf.setEditable(false);      nf.setFont(font4);        
nf.setBounds(220, 240,380, 30);             label1.add(nf);           e = new JLabel("Email : ");        e.setFont(font4);     
e.setBounds(750, 240, 320, 30);        label1.add(e);         ef = new JTextField(email);      ef.setFont(font4);        
ef.setBounds(850, 240,380, 30);          ef.setEditable(false);          label1.add(ef);            c1 = new JLabel("Contact 
Number : ");        c1.setFont(font4);     c1.setBounds(1270, 240, 320, 30);        label1.add(c1);         cf = new 
JTextField("");      cf.setFont(font4);        cf.setBounds(1450, 240,400, 30);             label1.add(cf);            rl = new 
JLabel("Residential Address ");        rl.setFont(font3);     rl.setBounds(2, 300, 320, 30);        label1.add(rl);         fl 
= new JLabel("Flate/Door/Block No : ");        fl.setFont(font4);     fl.setBounds(2, 340, 320, 30);        label1.add(fl);     
    ftf = new JTextField("");      ftf.setFont(font4);        ftf.setBounds(220, 340,370, 30);             label1.add(ftf);     
     sl = new JLabel("Street/Lane : ");        sl.setFont(font4);    sl.setBounds(700, 340, 320, 30);        label1.add(sl);    
     stf = new JTextField("");      stf.setFont(font4);        stf.setBounds(850, 340,370, 30);             label1.add(stf);    
      al = new JLabel("Area/Locality : ");        al.setFont(font4);    al.setBounds(1280, 340, 320, 30);        
label1.add(al);         atf = new JTextField("");      atf.setFont(font4);        atf.setBounds(1450, 340,400, 30);             
label1.add(atf);          pl = new JLabel("Pin Code : ");        pl.setFont(font4);    pl.setBounds(2, 380, 320, 30);        
label1.add( pl);          ptf = new JTextField("");     ptf.setFont(font4);        ptf.setBounds(220,380,370, 30);             
label1.add(ptf);          stl = new JLabel("State : ");        stl.setFont(font4);     stl.setBounds(700, 380, 320, 30);        
label1.add( stl);          sttf = new JTextField("");      sttf.setFont(font4);         sttf.setBounds(850, 380,370, 30);       
      label1.add( sttf);           cl = new JLabel("CityTown : ");         cl.setFont(font4);      cl.setBounds(1280, 380, 320, 
30);        label1.add(  cl);           ctf = new JTextField("");      ctf.setFont(font4);          ctf.setBounds(1450, 
380,400, 30);             label1.add(  ctf);          med = new JLabel("Medicine Details ");         med.setFont(font3);     
med.setBounds(2, 440, 320, 30);        label1.add(med);        title2 = new JLabel("Please Enter medicine Name and click the 
search button then Enter medicine type or number of tablet or donate time or donate date");        title2.setFont(font4);       
 title2.setBounds(280, 470, 1900, 27);         label1.add(title2);        namel = new JLabel("Medicine Name : ");       
namel.setFont(font4);      namel.setBounds(2, 510, 320, 30);        label1.add(namel);       nameltf = new JComboBox();      
nameltf.setFont(font4);        nameltf.setBounds(286, 510,300, 30);             label1.add(nameltf);         search = new 
JButton("Search");       search .setCursor(cursor);         search.setFont(font3);        search.setBounds(900, 510, 250, 30);  
      label1.add( search);                     mnfl  = new JLabel("Manufacture Date : ");        mnfl.setFont(font4);       
mnfl.setBounds(2, 570, 320, 30);           label1.add(mnfl);         mnfltf  = new JTextField("");        
mnfltf.setFont(font4);       mnfltf.setBounds(286, 570, 300, 30);      mnfltf.setEditable(false);         label1.add(mnfltf);   
            expl = new JLabel("Expiry Date : ");         expl.setFont(font4);         expl.setBounds(700,570, 320, 30);        
label1.add( expl);         expltf = new JTextField("");        expltf.setFont(font4);       expltf.setBounds(850, 570,300, 30); 
       expltf.setEditable(false);         label1.add( expltf);                typel = new JLabel("Type : ");         
typel.setFont(font4);          typel.setBounds(1280,570, 320, 30);        label1.add( typel);          typetf = new 
JComboBox(item);        typetf.setFont(font4);        typetf.setBounds(1450, 570,300, 30);         typetf.setEditable(false);   
      label1.add( typetf);       numl = new JLabel("Number of Tablet or Syrup : ");          numl.setFont(font4);          
numl.setBounds(2,610, 320, 30);        label1.add(  numl);         numtf = new JTextField("");        numtf.setFont(font4);     
  numtf.setBounds(286, 610,300, 30);                label1.add(numtf);         timel = new JLabel("Donate Time : ");         
timel.setFont(font4);          timel.setBounds(700,610, 320, 30);        label1.add( timel);         timetf = new 
JTextField("hh:mm a   12:30 PM");       timetf.setFont(font4);      timetf.setBounds(850, 610,300, 30);                
label1.add(timetf);         datel = new JLabel("Donate Date : ");         datel.setFont(font4);          
datel.setBounds(1280,610, 320, 30);        label1.add( datel);         datetf = new JDateChooser();     datetf.setFont(font4);  
    datetf.setBounds(1450, 610,300, 30);                label1.add(datetf);                 assign = new JButton("Donate 
Medicine");     assign.setCursor(cursor);       assign.setFont(font3);     assign.setBounds(600,680,600, 40);        
label1.add( assign);                   timetf.addFocusListener(new FocusListener(){            @Override            public void 
focusGained(FocusEvent fe) {                if(timetf.getText().equals("hh:mm a   12:30 PM")){                    
timetf.setText(null);                    timetf.requestFocus();                }                            }          
@Override            public void focusLost(FocusEvent fe) {                if(timetf.getText().length()==0){                
timetf.setText("hh:mm a   12:30 PM");                }            }                          });                 Handler 
handler = new Handler();        homepage.addActionListener(handler);        executive.addActionListener(handler);     
order.addActionListener(handler);    search.addActionListener(handler);    assign.addActionListener(handler);     
logout.addActionListener(handler);             }    class Handler implements ActionListener{    public void 
actionPerformed(ActionEvent ae) {        String exname = enamef.getSelectedItem().toString();        String exemail = 
etf.getSelectedItem().toString();        if(ae.getSource() ==  search)                    { int a=0;        String name1 = 
nameltf.getSelectedItem().toString();            if(name1.isEmpty())            {                
JOptionPane.showMessageDialog(null, "Please Enter medicine name ","Warning",JOptionPane.ERROR_MESSAGE);            }            
                         else{                  try {                        String sql = "SELECT `Medicine Name`,  
`Manufacture Date`, `Expiry Date` FROM `buymedicine` WHERE `Medicine Name`=? ";                      con1 = (Connection) 
DriverManager.getConnection("jdbc:mysql://localhost/MedConnect","root", "");            pst1 =   (PreparedStatement) 
con1.prepareStatement(sql);            pst1.setString(1, name1);          rs1 = pst1.executeQuery();          
while(rs1.next()){                                                              mnfltf.setText(rs1.getString("Manufacture 
Date"));                           expltf.setText(rs1.getString("Expiry Date"));                           a=1;             
break;                                                          }                         con1.close();           pst1.close(); 
                  } catch (SQLException ex) {             JOptionPane.showMessageDialog(null, "Something Error "+ex);           
        }                  if(a==0)                  {                        JOptionPane.showMessageDialog(null, "Please Enter 
Correct medicine name ","Warning",JOptionPane.ERROR_MESSAGE);                  }            }                   }          
if(ae.getSource() ==  assign)                    { String name1 = nameltf.getSelectedItem().toString();            
if(timetf.getText().isEmpty()||datetf.getDate()==null||exemail.isEmpty()|| exname.isEmpty()|| nf.getText().isEmpty() || 
cf.getText().isEmpty()|| ef.getText().isEmpty()||ftf.getText().isEmpty()|| stf.getText().isEmpty() || atf.getText().isEmpty()|| 
ptf.getText().isEmpty()|| sttf.getText().isEmpty()|| ctf.getText().isEmpty() || name1.isEmpty()  || mnfltf.getText().isEmpty() 
|| expltf.getText().isEmpty()|| numtf.getText().isEmpty() || typetf.getSelectedItem().toString().isEmpty())            { 
JOptionPane.showMessageDialog(null, "Fill up the all information  ","Warning",JOptionPane.ERROR_MESSAGE);                }      
     else            {                int a =0;                String sql1 = "SELECT * FROM `executive` WHERE `Name` =? AND 
`Email`=? ";              try {                                              con1 = (Connection) 
DriverManager.getConnection("jdbc:mysql://localhost/MedConnect","root", "");                  pst1 =   (PreparedStatement) 
con1.prepareStatement(sql1);                  pst1.setString(1, exname);                  pst1.setString(2, exemail);           
                        rs1 = pst1.executeQuery();                  while(rs1.next()){                                          
                                     a=1;                   break;                   }                  con1.close();           
                   } catch (SQLException ex) {                          JOptionPane.showMessageDialog(null, "Please Correct 
Executive Name and Email "+ ex);                 }                                                         if(a==0)             
      {                      JOptionPane.showMessageDialog(null, "Please Correct Executive Name and Email 
","Warning",JOptionPane.ERROR_MESSAGE);                   }                 else{             if(datetf.getDate()!=null || 
!timetf.getText().isEmpty())              {                  SimpleDateFormat dateformat1 = new SimpleDateFormat("YYYY-MM-dd"); 
                        SimpleDateFormat dateformat2 = new SimpleDateFormat("hh:mm a");                                         
                                try{                                     Date date = new Date();       DateFormat dateformat = 
new SimpleDateFormat("dd-MM-YYYY");             String current = dateformat.format(date);         String dates = 
dateformat.format(datetf.getDate());                  String times =timetf.getText();                  Date date1 = 
dateformat1.parse(dates);                                                        Date date2 = dateformat1.parse(current);       
                                  Date time1 = dateformat2.parse(times);                   if(date2.after(date1) )              
      {                       JOptionPane.showMessageDialog(null, "Please Enter Donate Date is grater than or equal current 
Date ");                   }                    else{        String sql = "INSERT INTO `donate medicine`(`Medicine Name`, 
`Manufacture Date`, `Expiry Date`, `Medicine Type`, `Number of Tablet`, `Donate Time`, `Donate Date`, `Executive 
Name`,`Executive Email`, `User Name`, `User Email`, `Contact Number`, `Flat No`, `Street`, `Area`, `Pin Code`, `State`, 
`CityTown`)" + "VALUES (?,?,?,?,?,?,?,?,?,?,?,?,?,?,?,?,?,?)";                  try{              con2 = (Connection) 
DriverManager.getConnection("jdbc:mysql://localhost/MedConnect","root", "");                      pst2 =  (PreparedStatement) 
con2.prepareStatement(sql);            pst2.setString(1, name1);                                                    
pst2.setString(2, mnfltf.getText());            pst2.setString(3, expltf.getText());             pst2.setString(4, 
typetf.getSelectedItem().toString());            pst2.setString(5, numtf.getText());            pst2.setString(6, 
timetf.getText());              pst2.setString(7, dates);             pst2.setString(8, exname);              pst2.setString(9, 
exemail);              pst2.setString(10, nf.getText());               pst2.setString(11, ef.getText());                
pst2.setString(12, cf.getText());                 pst2.setString(13, ftf.getText());                  pst2.setString(14, 
stf.getText());                   pst2.setString(15, atf.getText());                    pst2.setString(16, ptf.getText());      
               pst2.setString(17, sttf.getText());                      pst2.setString(18, ctf.getText());                      
                       pst2.executeUpdate();            con2.close();                            
JOptionPane.showMessageDialog(null, "Donate Medicine successfully");                    }                      catch 
(SQLException ex) {                        JOptionPane.showMessageDialog(null, "Donate Medicine unsuccessfully"+ex);        }   
                }                  }catch(Exception ex){                        JOptionPane.showMessageDialog(null, "Donate 
Medicine unsuccessfully"+ex);        }                          }        }            }        }        if(ae.getSource() ==  
homepage)                    {            setVisible(false);            HomePage frame = new  HomePage();            
frame.setVisible(true);        }        if(ae.getSource() ==  order)                    {            setVisible(false);         
 MyOrder frame = new MyOrder();          frame.setVisible(true);                 }       if(ae.getSource()==executive){         
  setVisible(false);          ViewexUser frame = new  ViewexUser();          frame.setVisible(true);                 }          
    if(ae.getSource()==logout)        {                   int a = JOptionPane.showConfirmDialog(null, "Are You Sure?");         
 if(a==JOptionPane.YES_OPTION){           setVisible(false);           UserLogin frame = new UserLogin();          
frame.setVisible(true);          }        }           }                }         void  ComboBox()    {        try{           
String sql3 = "SELECT * FROM `buymedicine` " ;                                con3 = (Connection) 
DriverManager.getConnection("jdbc:mysql://localhost/MedConnect","root", "");                pst3 =   (PreparedStatement) 
con3.prepareStatement(sql3);                               rs3 = pst3.executeQuery();                while(rs3.next()){         
           String name = rs3.getString("Medicine Name");                        nameltf.addItem(name);                          
 }        }catch(Exception e)        {                    }    }     void  ComboBox1()    {        try{           String sql4 = 
"SELECT * FROM `executive` " ;                                con4 = (Connection) 
DriverManager.getConnection("jdbc:mysql://localhost/MedConnect","root", "");                pst4 =   (PreparedStatement) 
con4.prepareStatement(sql4);                               rs4 = pst4.executeQuery();                while(rs4.next()){         
           String name = rs4.getString("Name");                    String email = rs4.getString("Email");                       
 enamef.addItem(name);            etf.addItem(email);                           }        }catch(Exception e)        {           
         }    }         public static void main(String[] args) {       DonateMedicine frame = new  DonateMedicine();        
frame.setVisible(true);        } }
                                                                                                                                
                                                                                                                                
                                                                                                                                
                                                                                                                                
                                                                                                                                
                                                                                                                                
                                                                                                                                
                                                                                                                                
                                                                                                                                
                                                                                                                                
                                                                                                                                
                                                                                                                                
                                                                                                                                
                                                                                                                                
                                                                                                                                
                                                                                                                                
                                                                                                                                
                                                                                                                                
                                                                                                                                
                                                                                                                                
                                                                                                                                
                                                                                                                                
                                                                                                                                
                                                                                                                                
                                                                                                                                
                                                                                                                                
                                                                                                                                
                                                                                                                                
                                                                                                                                
                                                                                                                                
                                                                                                                                
                                                                                                                                
                                                                                                                                
                                                                                                                                
                                                                                                                                
                                                                                                                                
                                                                                                                                
                                                                                                                                
                                                                                                                                
                                                                                                                                
                                                                                                                                
                                                                                                                                
                                                                                                                                
                                                                                                                                
                                                                                                                                
                                                                                                                                
                                                                                                                                
                                                                                                                                
                                                                                                                                
                                                                                                                                
                                                                                                                                
                                                                                                                                
                                                                                                                                
                                                                                                                                
                                                                                                                                
                                                                                                                                
                                                                                                                                
                                                                                                                                
                                                                                                                                
                                                                                                                                
                                                                                                                                
                                                                                                                                
                                                                                                                                
                                                                                                                                
                                                                                                                                
                                                                                                                                
                                                                                                                                
                                                                                                                                
                                                                                                                                
                                                                                                                                
                                                                                                                                
                                                                                                                                
                                                                                                                                
                                                                                                                                
                                                                                                                                
                                                                                                                                
                                                                                                                                
                                                                                                                                
                                                                                                                                
                                                                                                                                
                                                                                                                                
                                                                                                                                
                                                                                                                                
                                                                                                                                
                                                                                                                                
                                                                                                                                
                                                                                                                                
                                                                                                                                
                                                                                                                                
                                                                                                                                
                                                                                                                                
                                                                                                                                
                                                                                                                                
                                                                                                                                
                                                                                                                                
                                                                                                                                
                                                                                                                                
                                                                                                                                
                                                                                                                                
                                                                                                                                
                                                                                                                                
                                                                                                                                
                                                                                                                                
                                                                                                                                
                                                                                                                                
                                                                                                                                
                                                                                                                                
                                                                                                                                
                                                                                                                                
                                                                                                                                
                                                                                                                                
                                                                                                                                
                                                                                                                                
                                                                                                                                
                                                                                                                                
                                                                                                                                
                                                                                                                                
                                                                                                                                
                                                                                                                                
                                                                                                                                
                                                                                                                                
                                                                                                                                
                                                                                                                                
                                                                                                                                
                                                                                                                                
                                                                                                                                
                                                                                                                                
                                                                                                                                
                                                                                                                                
                                                                                                                                
                                                                                                                                
                                                                                                                                
                                                                                                                                
                                                                                                                                
                                                                                                                                
                                                                                                                                
                                                                                                                                
                                                                                                                                
                                                                                                                                
                                                                                                                                
                                                                                                                                
                                                                                                                                
                                                                                                                                
                                                                                                                                
                                                                                                                                
                                                                                                                                
                                                                                                                                
                                                                                                                                
                                                                                                                                
                                                                                                                                
                                                                                                                                
                                                                                                                                
                                                                                                                                
                                                                                                                                
                          ^
  where E is a type-variable:
    E extends Object declared in class JComboBox
DonateMedicine.java:1: warning: [unchecked] unchecked call to addItem(E) as a member of the raw type JComboBox
/* * To change this license header, choose License Headers in Project Properties. * To change this template file, choose Tools 
| Templates * and open the template in the editor. */package online.medicine.donation.system;import 
com.mysql.jdbc.Connection;import com.mysql.jdbc.PreparedStatement;import com.toedter.calendar.JDateChooser;import 
java.awt.Color;import java.awt.Container;import java.awt.Cursor;import java.awt.Font;import java.awt.event.ActionEvent;import 
java.awt.event.ActionListener;import java.awt.event.FocusEvent;import java.awt.event.FocusListener;import 
java.sql.DriverManager;import java.sql.ResultSet;import java.sql.SQLException;import java.text.DateFormat;import 
java.text.SimpleDateFormat;import java.time.LocalTime;import java.time.format.DateTimeFormatter;import java.util.Date;import 
javax.swing.JButton;import javax.swing.JComboBox;import javax.swing.JFrame;import javax.swing.JLabel;import 
javax.swing.JOptionPane;import javax.swing.JScrollPane;import javax.swing.JTable;import javax.swing.JTextField;import 
javax.swing.table.DefaultTableModel;import javax.swing.table.JTableHeader;/** * * @author Hp */public class DonateMedicine 
extends JFrame{      private Container c;       private JLabel timel,datel,eml, med, 
label,title,title1,label2,label1,namel,pricel,mnfl,expl,title2,numl,typel,exel,personal,rl,ml,enamel,fl,sl,al,pl,stl,cl,n,e,c1; 
   private JTextField priceltf,mnfltf,expltf,numtf,ftf,stf,atf,ptf,sttf,ctf,nf,cf,ef,medtf,timetf;     private JButton  
homepage,logout,order,donate,search, assign,executive;     private JTable table;     private JComboBox 
typetf,nameltf,enamef,etf;     private JDateChooser datetf;     private DefaultTableModel mode;    private JScrollPane scroll;  
  Connection con1,con2,con3,con4;    PreparedStatement pst1,pst2,pst3,pst4;    ResultSet rs1,rs2,rs3,rs4;        String 
item[]={"Tablet","Syrup"};   String uname =  UserLogin.usernametf.getText();  String email=  UserLogin.emailtf.getText();    
DonateMedicine()    {        initComponents();          ComboBox();        ComboBox1();    }       void initComponents()    {   
      this.setDefaultCloseOperation(JFrame.EXIT_ON_CLOSE);        this.setSize(1930, 1030);        this.setTitle("User");       
 c = this.getContentPane();        c.setLayout(null);        this.setResizable(false);         c.setBackground(Color.GRAY);     
                      Font font = new Font("Arial",Font.BOLD,42);         title = new JLabel("MedConnect");        
title.setFont(font);        title.setBounds(2, 2, 1930, 80);        title.setForeground(Color.BLUE);        
title.setOpaque(true);        title.setBackground(Color.ORANGE);        c.add(title);        label = new JLabel();        
label.setBounds(1, 100, 1930, 150);        label.setOpaque(true);        label.setBackground(Color.MAGENTA);        
c.add(label);        Cursor cursor = new Cursor(Cursor.HAND_CURSOR);              Font font1 = new Font("Arial",Font.BOLD,24);  
         homepage = new JButton("Home Page");        homepage.setFont(font1);               homepage.setBounds(20, 30, 170, 
80);                homepage.setCursor(cursor);         label.add(homepage);                  order = new JButton("My Order");  
   order.setFont(font1);    order.setBounds(191, 30, 170, 80);      order.setCursor(cursor);        label.add(order);           
 executive = new JButton("View Executive");   executive.setFont(font1);    executive.setBounds(362, 30, 250, 80);      
executive.setCursor(cursor);        label.add(executive);       logout = new JButton("Logout");      logout.setFont(font1);     
   logout.setBounds(613, 30, 190, 80);       logout.setCursor(cursor);        label.add(logout);                                
  label2 = new JLabel("Hi "+uname);                            label2.setBounds(1660, 30, 500, 80);         
label2.setFont(font1);         label2.setToolTipText(uname);label.add(label2);                                                  
         label1 = new JLabel();         label1.setBounds(1, 260,1930,1030);         label1.setOpaque(true);          
label1.setBackground(Color.LIGHT_GRAY);        c.add(  label1);         title1 = new JLabel("Donate Medicine");        
title1.setFont(font1);        title1.setBounds(1, 1, 1900, 60);        title1.setForeground(Color.BLUE);       
title1.setOpaque(true);       title1.setBackground(Color.ORANGE);         label1.add(title1);          Font font3 = new 
Font("Arial",Font.BOLD,26);          Font font4 = new Font("Arial",Font.BOLD,21);         exel = new JLabel("Executive 
Delatils");        exel.setFont(font3);      exel.setBounds(2, 60, 320, 50);        label1.add( exel);        enamel = new 
JLabel("Executive Name : ");        enamel.setFont(font4);     enamel.setBounds(2, 120, 320, 30);        label1.add( enamel);   
     enamef = new JComboBox();        enamef.setFont(font4);     enamef.setBounds(200, 120, 470, 30);           label1.add( 
enamef);                eml = new JLabel("Executive Email : ");        eml.setFont(font4);     eml.setBounds(800, 120, 320, 
30);        label1.add(eml);        etf = new JComboBox();         etf .setFont(font4);      etf .setBounds(1000, 120, 470, 
30);            label1.add( etf );        pl = new JLabel("Personal Details");        pl.setFont(font3);     pl.setBounds(2, 
180, 320, 50);        label1.add(pl);        n = new JLabel("Name : ");        n.setFont(font4);     n.setBounds(2, 240, 320, 
30);        label1.add(n);        nf = new JTextField(uname);        nf.setEditable(false);      nf.setFont(font4);        
nf.setBounds(220, 240,380, 30);             label1.add(nf);           e = new JLabel("Email : ");        e.setFont(font4);     
e.setBounds(750, 240, 320, 30);        label1.add(e);         ef = new JTextField(email);      ef.setFont(font4);        
ef.setBounds(850, 240,380, 30);          ef.setEditable(false);          label1.add(ef);            c1 = new JLabel("Contact 
Number : ");        c1.setFont(font4);     c1.setBounds(1270, 240, 320, 30);        label1.add(c1);         cf = new 
JTextField("");      cf.setFont(font4);        cf.setBounds(1450, 240,400, 30);             label1.add(cf);            rl = new 
JLabel("Residential Address ");        rl.setFont(font3);     rl.setBounds(2, 300, 320, 30);        label1.add(rl);         fl 
= new JLabel("Flate/Door/Block No : ");        fl.setFont(font4);     fl.setBounds(2, 340, 320, 30);        label1.add(fl);     
    ftf = new JTextField("");      ftf.setFont(font4);        ftf.setBounds(220, 340,370, 30);             label1.add(ftf);     
     sl = new JLabel("Street/Lane : ");        sl.setFont(font4);    sl.setBounds(700, 340, 320, 30);        label1.add(sl);    
     stf = new JTextField("");      stf.setFont(font4);        stf.setBounds(850, 340,370, 30);             label1.add(stf);    
      al = new JLabel("Area/Locality : ");        al.setFont(font4);    al.setBounds(1280, 340, 320, 30);        
label1.add(al);         atf = new JTextField("");      atf.setFont(font4);        atf.setBounds(1450, 340,400, 30);             
label1.add(atf);          pl = new JLabel("Pin Code : ");        pl.setFont(font4);    pl.setBounds(2, 380, 320, 30);        
label1.add( pl);          ptf = new JTextField("");     ptf.setFont(font4);        ptf.setBounds(220,380,370, 30);             
label1.add(ptf);          stl = new JLabel("State : ");        stl.setFont(font4);     stl.setBounds(700, 380, 320, 30);        
label1.add( stl);          sttf = new JTextField("");      sttf.setFont(font4);         sttf.setBounds(850, 380,370, 30);       
      label1.add( sttf);           cl = new JLabel("CityTown : ");         cl.setFont(font4);      cl.setBounds(1280, 380, 320, 
30);        label1.add(  cl);           ctf = new JTextField("");      ctf.setFont(font4);          ctf.setBounds(1450, 
380,400, 30);             label1.add(  ctf);          med = new JLabel("Medicine Details ");         med.setFont(font3);     
med.setBounds(2, 440, 320, 30);        label1.add(med);        title2 = new JLabel("Please Enter medicine Name and click the 
search button then Enter medicine type or number of tablet or donate time or donate date");        title2.setFont(font4);       
 title2.setBounds(280, 470, 1900, 27);         label1.add(title2);        namel = new JLabel("Medicine Name : ");       
namel.setFont(font4);      namel.setBounds(2, 510, 320, 30);        label1.add(namel);       nameltf = new JComboBox();      
nameltf.setFont(font4);        nameltf.setBounds(286, 510,300, 30);             label1.add(nameltf);         search = new 
JButton("Search");       search .setCursor(cursor);         search.setFont(font3);        search.setBounds(900, 510, 250, 30);  
      label1.add( search);                     mnfl  = new JLabel("Manufacture Date : ");        mnfl.setFont(font4);       
mnfl.setBounds(2, 570, 320, 30);           label1.add(mnfl);         mnfltf  = new JTextField("");        
mnfltf.setFont(font4);       mnfltf.setBounds(286, 570, 300, 30);      mnfltf.setEditable(false);         label1.add(mnfltf);   
            expl = new JLabel("Expiry Date : ");         expl.setFont(font4);         expl.setBounds(700,570, 320, 30);        
label1.add( expl);         expltf = new JTextField("");        expltf.setFont(font4);       expltf.setBounds(850, 570,300, 30); 
       expltf.setEditable(false);         label1.add( expltf);                typel = new JLabel("Type : ");         
typel.setFont(font4);          typel.setBounds(1280,570, 320, 30);        label1.add( typel);          typetf = new 
JComboBox(item);        typetf.setFont(font4);        typetf.setBounds(1450, 570,300, 30);         typetf.setEditable(false);   
      label1.add( typetf);       numl = new JLabel("Number of Tablet or Syrup : ");          numl.setFont(font4);          
numl.setBounds(2,610, 320, 30);        label1.add(  numl);         numtf = new JTextField("");        numtf.setFont(font4);     
  numtf.setBounds(286, 610,300, 30);                label1.add(numtf);         timel = new JLabel("Donate Time : ");         
timel.setFont(font4);          timel.setBounds(700,610, 320, 30);        label1.add( timel);         timetf = new 
JTextField("hh:mm a   12:30 PM");       timetf.setFont(font4);      timetf.setBounds(850, 610,300, 30);                
label1.add(timetf);         datel = new JLabel("Donate Date : ");         datel.setFont(font4);          
datel.setBounds(1280,610, 320, 30);        label1.add( datel);         datetf = new JDateChooser();     datetf.setFont(font4);  
    datetf.setBounds(1450, 610,300, 30);                label1.add(datetf);                 assign = new JButton("Donate 
Medicine");     assign.setCursor(cursor);       assign.setFont(font3);     assign.setBounds(600,680,600, 40);        
label1.add( assign);                   timetf.addFocusListener(new FocusListener(){            @Override            public void 
focusGained(FocusEvent fe) {                if(timetf.getText().equals("hh:mm a   12:30 PM")){                    
timetf.setText(null);                    timetf.requestFocus();                }                            }          
@Override            public void focusLost(FocusEvent fe) {                if(timetf.getText().length()==0){                
timetf.setText("hh:mm a   12:30 PM");                }            }                          });                 Handler 
handler = new Handler();        homepage.addActionListener(handler);        executive.addActionListener(handler);     
order.addActionListener(handler);    search.addActionListener(handler);    assign.addActionListener(handler);     
logout.addActionListener(handler);             }    class Handler implements ActionListener{    public void 
actionPerformed(ActionEvent ae) {        String exname = enamef.getSelectedItem().toString();        String exemail = 
etf.getSelectedItem().toString();        if(ae.getSource() ==  search)                    { int a=0;        String name1 = 
nameltf.getSelectedItem().toString();            if(name1.isEmpty())            {                
JOptionPane.showMessageDialog(null, "Please Enter medicine name ","Warning",JOptionPane.ERROR_MESSAGE);            }            
                         else{                  try {                        String sql = "SELECT `Medicine Name`,  
`Manufacture Date`, `Expiry Date` FROM `buymedicine` WHERE `Medicine Name`=? ";                      con1 = (Connection) 
DriverManager.getConnection("jdbc:mysql://localhost/MedConnect","root", "");            pst1 =   (PreparedStatement) 
con1.prepareStatement(sql);            pst1.setString(1, name1);          rs1 = pst1.executeQuery();          
while(rs1.next()){                                                              mnfltf.setText(rs1.getString("Manufacture 
Date"));                           expltf.setText(rs1.getString("Expiry Date"));                           a=1;             
break;                                                          }                         con1.close();           pst1.close(); 
                  } catch (SQLException ex) {             JOptionPane.showMessageDialog(null, "Something Error "+ex);           
        }                  if(a==0)                  {                        JOptionPane.showMessageDialog(null, "Please Enter 
Correct medicine name ","Warning",JOptionPane.ERROR_MESSAGE);                  }            }                   }          
if(ae.getSource() ==  assign)                    { String name1 = nameltf.getSelectedItem().toString();            
if(timetf.getText().isEmpty()||datetf.getDate()==null||exemail.isEmpty()|| exname.isEmpty()|| nf.getText().isEmpty() || 
cf.getText().isEmpty()|| ef.getText().isEmpty()||ftf.getText().isEmpty()|| stf.getText().isEmpty() || atf.getText().isEmpty()|| 
ptf.getText().isEmpty()|| sttf.getText().isEmpty()|| ctf.getText().isEmpty() || name1.isEmpty()  || mnfltf.getText().isEmpty() 
|| expltf.getText().isEmpty()|| numtf.getText().isEmpty() || typetf.getSelectedItem().toString().isEmpty())            { 
JOptionPane.showMessageDialog(null, "Fill up the all information  ","Warning",JOptionPane.ERROR_MESSAGE);                }      
     else            {                int a =0;                String sql1 = "SELECT * FROM `executive` WHERE `Name` =? AND 
`Email`=? ";              try {                                              con1 = (Connection) 
DriverManager.getConnection("jdbc:mysql://localhost/MedConnect","root", "");                  pst1 =   (PreparedStatement) 
con1.prepareStatement(sql1);                  pst1.setString(1, exname);                  pst1.setString(2, exemail);           
                        rs1 = pst1.executeQuery();                  while(rs1.next()){                                          
                                     a=1;                   break;                   }                  con1.close();           
                   } catch (SQLException ex) {                          JOptionPane.showMessageDialog(null, "Please Correct 
Executive Name and Email "+ ex);                 }                                                         if(a==0)             
      {                      JOptionPane.showMessageDialog(null, "Please Correct Executive Name and Email 
","Warning",JOptionPane.ERROR_MESSAGE);                   }                 else{             if(datetf.getDate()!=null || 
!timetf.getText().isEmpty())              {                  SimpleDateFormat dateformat1 = new SimpleDateFormat("YYYY-MM-dd"); 
                        SimpleDateFormat dateformat2 = new SimpleDateFormat("hh:mm a");                                         
                                try{                                     Date date = new Date();       DateFormat dateformat = 
new SimpleDateFormat("dd-MM-YYYY");             String current = dateformat.format(date);         String dates = 
dateformat.format(datetf.getDate());                  String times =timetf.getText();                  Date date1 = 
dateformat1.parse(dates);                                                        Date date2 = dateformat1.parse(current);       
                                  Date time1 = dateformat2.parse(times);                   if(date2.after(date1) )              
      {                       JOptionPane.showMessageDialog(null, "Please Enter Donate Date is grater than or equal current 
Date ");                   }                    else{        String sql = "INSERT INTO `donate medicine`(`Medicine Name`, 
`Manufacture Date`, `Expiry Date`, `Medicine Type`, `Number of Tablet`, `Donate Time`, `Donate Date`, `Executive 
Name`,`Executive Email`, `User Name`, `User Email`, `Contact Number`, `Flat No`, `Street`, `Area`, `Pin Code`, `State`, 
`CityTown`)" + "VALUES (?,?,?,?,?,?,?,?,?,?,?,?,?,?,?,?,?,?)";                  try{              con2 = (Connection) 
DriverManager.getConnection("jdbc:mysql://localhost/MedConnect","root", "");                      pst2 =  (PreparedStatement) 
con2.prepareStatement(sql);            pst2.setString(1, name1);                                                    
pst2.setString(2, mnfltf.getText());            pst2.setString(3, expltf.getText());             pst2.setString(4, 
typetf.getSelectedItem().toString());            pst2.setString(5, numtf.getText());            pst2.setString(6, 
timetf.getText());              pst2.setString(7, dates);             pst2.setString(8, exname);              pst2.setString(9, 
exemail);              pst2.setString(10, nf.getText());               pst2.setString(11, ef.getText());                
pst2.setString(12, cf.getText());                 pst2.setString(13, ftf.getText());                  pst2.setString(14, 
stf.getText());                   pst2.setString(15, atf.getText());                    pst2.setString(16, ptf.getText());      
               pst2.setString(17, sttf.getText());                      pst2.setString(18, ctf.getText());                      
                       pst2.executeUpdate();            con2.close();                            
JOptionPane.showMessageDialog(null, "Donate Medicine successfully");                    }                      catch 
(SQLException ex) {                        JOptionPane.showMessageDialog(null, "Donate Medicine unsuccessfully"+ex);        }   
                }                  }catch(Exception ex){                        JOptionPane.showMessageDialog(null, "Donate 
Medicine unsuccessfully"+ex);        }                          }        }            }        }        if(ae.getSource() ==  
homepage)                    {            setVisible(false);            HomePage frame = new  HomePage();            
frame.setVisible(true);        }        if(ae.getSource() ==  order)                    {            setVisible(false);         
 MyOrder frame = new MyOrder();          frame.setVisible(true);                 }       if(ae.getSource()==executive){         
  setVisible(false);          ViewexUser frame = new  ViewexUser();          frame.setVisible(true);                 }          
    if(ae.getSource()==logout)        {                   int a = JOptionPane.showConfirmDialog(null, "Are You Sure?");         
 if(a==JOptionPane.YES_OPTION){           setVisible(false);           UserLogin frame = new UserLogin();          
frame.setVisible(true);          }        }           }                }         void  ComboBox()    {        try{           
String sql3 = "SELECT * FROM `buymedicine` " ;                                con3 = (Connection) 
DriverManager.getConnection("jdbc:mysql://localhost/MedConnect","root", "");                pst3 =   (PreparedStatement) 
con3.prepareStatement(sql3);                               rs3 = pst3.executeQuery();                while(rs3.next()){         
           String name = rs3.getString("Medicine Name");                        nameltf.addItem(name);                          
 }        }catch(Exception e)        {                    }    }     void  ComboBox1()    {        try{           String sql4 = 
"SELECT * FROM `executive` " ;                                con4 = (Connection) 
DriverManager.getConnection("jdbc:mysql://localhost/MedConnect","root", "");                pst4 =   (PreparedStatement) 
con4.prepareStatement(sql4);                               rs4 = pst4.executeQuery();                while(rs4.next()){         
           String name = rs4.getString("Name");                    String email = rs4.getString("Email");                       
 enamef.addItem(name);            etf.addItem(email);                           }        }catch(Exception e)        {           
         }    }         public static void main(String[] args) {       DonateMedicine frame = new  DonateMedicine();        
frame.setVisible(true);        } }
                                                                                                                                
                                                                                                                                
                                                                                                                                
                                                                                                                                
                                                                                                                                
                                                                                                                                
                                                                                                                                
                                                                                                                                
                                                                                                                                
                                                                                                                                
                                                                                                                                
                                                                                                                                
                                                                                                                                
                                                                                                                                
                                                                                                                                
                                                                                                                                
                                                                                                                                
                                                                                                                                
                                                                                                                                
                                                                                                                                
                                                                                                                                
                                                                                                                                
                                                                                                                                
                                                                                                                                
                                                                                                                                
                                                                                                                                
                                                                                                                                
                                                                                                                                
                                                                                                                                
                                                                                                                                
                                                                                                                                
                                                                                                                                
                                                                                                                                
                                                                                                                                
                                                                                                                                
                                                                                                                                
                                                                                                                                
                                                                                                                                
                                                                                                                                
                                                                                                                                
                                                                                                                                
                                                                                                                                
                                                                                                                                
                                                                                                                                
                                                                                                                                
                                                                                                                                
                                                                                                                                
                                                                                                                                
                                                                                                                                
                                                                                                                                
                                                                                                                                
                                                                                                                                
                                                                                                                                
                                                                                                                                
                                                                                                                                
                                                                                                                                
                                                                                                                                
                                                                                                                                
                                                                                                                                
                                                                                                                                
                                                                                                                                
                                                                                                                                
                                                                                                                                
                                                                                                                                
                                                                                                                                
                                                                                                                                
                                                                                                                                
                                                                                                                                
                                                                                                                                
                                                                                                                                
                                                                                                                                
                                                                                                                                
                                                                                                                                
                                                                                                                                
                                                                                                                                
                                                                                                                                
                                                                                                                                
                                                                                                                                
                                                                                                                                
                                                                                                                                
                                                                                                                                
                                                                                                                                
                                                                                                                                
                                                                                                                                
                                                                                                                                
                                                                                                                                
                                                                                                                                
                                                                                                                                
                                                                                                                                
                                                                                                                                
                                                                                                                                
                                                                                                                                
                                                                                                                                
                                                                                                                                
                                                                                                                                
                                                                                                                                
                                                                                                                                
                                                                                                                                
                                                                                                                                
                                                                                                                                
                                                                                                                                
                                                                                                                                
                                                                                                                                
                                                                                                                                
                                                                                                                                
                                                                                                                                
                                                                                                                                
                                                                                                                                
                                                                                                                                
                                                                                                                                
                                                                                                                                
                                                                                                                                
                                                                                                                                
                                                                                                                                
                                                                                                                                
                                                                                                                                
                                                                                                                                
                                                                                                                                
                                                                                                                                
                                                                                                                                
                                                                                                                                
                                                                                                                                
                                                                                                                                
                                                                                                                                
                                                                                                                                
                                                                                                                                
                                                                                                                                
                                                                                                                                
                                                                                                                                
                                                                                                                                
                                                                                                                                
                                                                                                                                
                                                                                                                                
                                                                                                                                
                                                                                                                                
                                                                                                                                
                                                                                                                                
                                                                                                                                
                                                                                                                                
                                                                                                                                
                                                                                                                                
                                                                                                                                
                                                                                                                                
                                                                                                                                
                                                                                                                                
                                                                                                                                
                                                                                                                                
                                                                                                                                
                                                                                                                                
                                                                                                                                
                                                                                                                                
                                                                                                                                
                                                                                                                                
                                                                                                                                
                                                                                                                                
                                                                                                                                
                                                                                                                                
                                                                                                                                
                                                                                                                                
                     ^
  where E is a type-variable:
    E extends Object declared in class JComboBox
DonateMedicine.java:1: warning: [unchecked] unchecked call to addItem(E) as a member of the raw type JComboBox
/* * To change this license header, choose License Headers in Project Properties. * To change this template file, choose Tools 
| Templates * and open the template in the editor. */package online.medicine.donation.system;import 
com.mysql.jdbc.Connection;import com.mysql.jdbc.PreparedStatement;import com.toedter.calendar.JDateChooser;import 
java.awt.Color;import java.awt.Container;import java.awt.Cursor;import java.awt.Font;import java.awt.event.ActionEvent;import 
java.awt.event.ActionListener;import java.awt.event.FocusEvent;import java.awt.event.FocusListener;import 
java.sql.DriverManager;import java.sql.ResultSet;import java.sql.SQLException;import java.text.DateFormat;import 
java.text.SimpleDateFormat;import java.time.LocalTime;import java.time.format.DateTimeFormatter;import java.util.Date;import 
javax.swing.JButton;import javax.swing.JComboBox;import javax.swing.JFrame;import javax.swing.JLabel;import 
javax.swing.JOptionPane;import javax.swing.JScrollPane;import javax.swing.JTable;import javax.swing.JTextField;import 
javax.swing.table.DefaultTableModel;import javax.swing.table.JTableHeader;/** * * @author Hp */public class DonateMedicine 
extends JFrame{      private Container c;       private JLabel timel,datel,eml, med, 
label,title,title1,label2,label1,namel,pricel,mnfl,expl,title2,numl,typel,exel,personal,rl,ml,enamel,fl,sl,al,pl,stl,cl,n,e,c1; 
   private JTextField priceltf,mnfltf,expltf,numtf,ftf,stf,atf,ptf,sttf,ctf,nf,cf,ef,medtf,timetf;     private JButton  
homepage,logout,order,donate,search, assign,executive;     private JTable table;     private JComboBox 
typetf,nameltf,enamef,etf;     private JDateChooser datetf;     private DefaultTableModel mode;    private JScrollPane scroll;  
  Connection con1,con2,con3,con4;    PreparedStatement pst1,pst2,pst3,pst4;    ResultSet rs1,rs2,rs3,rs4;        String 
item[]={"Tablet","Syrup"};   String uname =  UserLogin.usernametf.getText();  String email=  UserLogin.emailtf.getText();    
DonateMedicine()    {        initComponents();          ComboBox();        ComboBox1();    }       void initComponents()    {   
      this.setDefaultCloseOperation(JFrame.EXIT_ON_CLOSE);        this.setSize(1930, 1030);        this.setTitle("User");       
 c = this.getContentPane();        c.setLayout(null);        this.setResizable(false);         c.setBackground(Color.GRAY);     
                      Font font = new Font("Arial",Font.BOLD,42);         title = new JLabel("MedConnect");        
title.setFont(font);        title.setBounds(2, 2, 1930, 80);        title.setForeground(Color.BLUE);        
title.setOpaque(true);        title.setBackground(Color.ORANGE);        c.add(title);        label = new JLabel();        
label.setBounds(1, 100, 1930, 150);        label.setOpaque(true);        label.setBackground(Color.MAGENTA);        
c.add(label);        Cursor cursor = new Cursor(Cursor.HAND_CURSOR);              Font font1 = new Font("Arial",Font.BOLD,24);  
         homepage = new JButton("Home Page");        homepage.setFont(font1);               homepage.setBounds(20, 30, 170, 
80);                homepage.setCursor(cursor);         label.add(homepage);                  order = new JButton("My Order");  
   order.setFont(font1);    order.setBounds(191, 30, 170, 80);      order.setCursor(cursor);        label.add(order);           
 executive = new JButton("View Executive");   executive.setFont(font1);    executive.setBounds(362, 30, 250, 80);      
executive.setCursor(cursor);        label.add(executive);       logout = new JButton("Logout");      logout.setFont(font1);     
   logout.setBounds(613, 30, 190, 80);       logout.setCursor(cursor);        label.add(logout);                                
  label2 = new JLabel("Hi "+uname);                            label2.setBounds(1660, 30, 500, 80);         
label2.setFont(font1);         label2.setToolTipText(uname);label.add(label2);                                                  
         label1 = new JLabel();         label1.setBounds(1, 260,1930,1030);         label1.setOpaque(true);          
label1.setBackground(Color.LIGHT_GRAY);        c.add(  label1);         title1 = new JLabel("Donate Medicine");        
title1.setFont(font1);        title1.setBounds(1, 1, 1900, 60);        title1.setForeground(Color.BLUE);       
title1.setOpaque(true);       title1.setBackground(Color.ORANGE);         label1.add(title1);          Font font3 = new 
Font("Arial",Font.BOLD,26);          Font font4 = new Font("Arial",Font.BOLD,21);         exel = new JLabel("Executive 
Delatils");        exel.setFont(font3);      exel.setBounds(2, 60, 320, 50);        label1.add( exel);        enamel = new 
JLabel("Executive Name : ");        enamel.setFont(font4);     enamel.setBounds(2, 120, 320, 30);        label1.add( enamel);   
     enamef = new JComboBox();        enamef.setFont(font4);     enamef.setBounds(200, 120, 470, 30);           label1.add( 
enamef);                eml = new JLabel("Executive Email : ");        eml.setFont(font4);     eml.setBounds(800, 120, 320, 
30);        label1.add(eml);        etf = new JComboBox();         etf .setFont(font4);      etf .setBounds(1000, 120, 470, 
30);            label1.add( etf );        pl = new JLabel("Personal Details");        pl.setFont(font3);     pl.setBounds(2, 
180, 320, 50);        label1.add(pl);        n = new JLabel("Name : ");        n.setFont(font4);     n.setBounds(2, 240, 320, 
30);        label1.add(n);        nf = new JTextField(uname);        nf.setEditable(false);      nf.setFont(font4);        
nf.setBounds(220, 240,380, 30);             label1.add(nf);           e = new JLabel("Email : ");        e.setFont(font4);     
e.setBounds(750, 240, 320, 30);        label1.add(e);         ef = new JTextField(email);      ef.setFont(font4);        
ef.setBounds(850, 240,380, 30);          ef.setEditable(false);          label1.add(ef);            c1 = new JLabel("Contact 
Number : ");        c1.setFont(font4);     c1.setBounds(1270, 240, 320, 30);        label1.add(c1);         cf = new 
JTextField("");      cf.setFont(font4);        cf.setBounds(1450, 240,400, 30);             label1.add(cf);            rl = new 
JLabel("Residential Address ");        rl.setFont(font3);     rl.setBounds(2, 300, 320, 30);        label1.add(rl);         fl 
= new JLabel("Flate/Door/Block No : ");        fl.setFont(font4);     fl.setBounds(2, 340, 320, 30);        label1.add(fl);     
    ftf = new JTextField("");      ftf.setFont(font4);        ftf.setBounds(220, 340,370, 30);             label1.add(ftf);     
     sl = new JLabel("Street/Lane : ");        sl.setFont(font4);    sl.setBounds(700, 340, 320, 30);        label1.add(sl);    
     stf = new JTextField("");      stf.setFont(font4);        stf.setBounds(850, 340,370, 30);             label1.add(stf);    
      al = new JLabel("Area/Locality : ");        al.setFont(font4);    al.setBounds(1280, 340, 320, 30);        
label1.add(al);         atf = new JTextField("");      atf.setFont(font4);        atf.setBounds(1450, 340,400, 30);             
label1.add(atf);          pl = new JLabel("Pin Code : ");        pl.setFont(font4);    pl.setBounds(2, 380, 320, 30);        
label1.add( pl);          ptf = new JTextField("");     ptf.setFont(font4);        ptf.setBounds(220,380,370, 30);             
label1.add(ptf);          stl = new JLabel("State : ");        stl.setFont(font4);     stl.setBounds(700, 380, 320, 30);        
label1.add( stl);          sttf = new JTextField("");      sttf.setFont(font4);         sttf.setBounds(850, 380,370, 30);       
      label1.add( sttf);           cl = new JLabel("CityTown : ");         cl.setFont(font4);      cl.setBounds(1280, 380, 320, 
30);        label1.add(  cl);           ctf = new JTextField("");      ctf.setFont(font4);          ctf.setBounds(1450, 
380,400, 30);             label1.add(  ctf);          med = new JLabel("Medicine Details ");         med.setFont(font3);     
med.setBounds(2, 440, 320, 30);        label1.add(med);        title2 = new JLabel("Please Enter medicine Name and click the 
search button then Enter medicine type or number of tablet or donate time or donate date");        title2.setFont(font4);       
 title2.setBounds(280, 470, 1900, 27);         label1.add(title2);        namel = new JLabel("Medicine Name : ");       
namel.setFont(font4);      namel.setBounds(2, 510, 320, 30);        label1.add(namel);       nameltf = new JComboBox();      
nameltf.setFont(font4);        nameltf.setBounds(286, 510,300, 30);             label1.add(nameltf);         search = new 
JButton("Search");       search .setCursor(cursor);         search.setFont(font3);        search.setBounds(900, 510, 250, 30);  
      label1.add( search);                     mnfl  = new JLabel("Manufacture Date : ");        mnfl.setFont(font4);       
mnfl.setBounds(2, 570, 320, 30);           label1.add(mnfl);         mnfltf  = new JTextField("");        
mnfltf.setFont(font4);       mnfltf.setBounds(286, 570, 300, 30);      mnfltf.setEditable(false);         label1.add(mnfltf);   
            expl = new JLabel("Expiry Date : ");         expl.setFont(font4);         expl.setBounds(700,570, 320, 30);        
label1.add( expl);         expltf = new JTextField("");        expltf.setFont(font4);       expltf.setBounds(850, 570,300, 30); 
       expltf.setEditable(false);         label1.add( expltf);                typel = new JLabel("Type : ");         
typel.setFont(font4);          typel.setBounds(1280,570, 320, 30);        label1.add( typel);          typetf = new 
JComboBox(item);        typetf.setFont(font4);        typetf.setBounds(1450, 570,300, 30);         typetf.setEditable(false);   
      label1.add( typetf);       numl = new JLabel("Number of Tablet or Syrup : ");          numl.setFont(font4);          
numl.setBounds(2,610, 320, 30);        label1.add(  numl);         numtf = new JTextField("");        numtf.setFont(font4);     
  numtf.setBounds(286, 610,300, 30);                label1.add(numtf);         timel = new JLabel("Donate Time : ");         
timel.setFont(font4);          timel.setBounds(700,610, 320, 30);        label1.add( timel);         timetf = new 
JTextField("hh:mm a   12:30 PM");       timetf.setFont(font4);      timetf.setBounds(850, 610,300, 30);                
label1.add(timetf);         datel = new JLabel("Donate Date : ");         datel.setFont(font4);          
datel.setBounds(1280,610, 320, 30);        label1.add( datel);         datetf = new JDateChooser();     datetf.setFont(font4);  
    datetf.setBounds(1450, 610,300, 30);                label1.add(datetf);                 assign = new JButton("Donate 
Medicine");     assign.setCursor(cursor);       assign.setFont(font3);     assign.setBounds(600,680,600, 40);        
label1.add( assign);                   timetf.addFocusListener(new FocusListener(){            @Override            public void 
focusGained(FocusEvent fe) {                if(timetf.getText().equals("hh:mm a   12:30 PM")){                    
timetf.setText(null);                    timetf.requestFocus();                }                            }          
@Override            public void focusLost(FocusEvent fe) {                if(timetf.getText().length()==0){                
timetf.setText("hh:mm a   12:30 PM");                }            }                          });                 Handler 
handler = new Handler();        homepage.addActionListener(handler);        executive.addActionListener(handler);     
order.addActionListener(handler);    search.addActionListener(handler);    assign.addActionListener(handler);     
logout.addActionListener(handler);             }    class Handler implements ActionListener{    public void 
actionPerformed(ActionEvent ae) {        String exname = enamef.getSelectedItem().toString();        String exemail = 
etf.getSelectedItem().toString();        if(ae.getSource() ==  search)                    { int a=0;        String name1 = 
nameltf.getSelectedItem().toString();            if(name1.isEmpty())            {                
JOptionPane.showMessageDialog(null, "Please Enter medicine name ","Warning",JOptionPane.ERROR_MESSAGE);            }            
                         else{                  try {                        String sql = "SELECT `Medicine Name`,  
`Manufacture Date`, `Expiry Date` FROM `buymedicine` WHERE `Medicine Name`=? ";                      con1 = (Connection) 
DriverManager.getConnection("jdbc:mysql://localhost/MedConnect","root", "");            pst1 =   (PreparedStatement) 
con1.prepareStatement(sql);            pst1.setString(1, name1);          rs1 = pst1.executeQuery();          
while(rs1.next()){                                                              mnfltf.setText(rs1.getString("Manufacture 
Date"));                           expltf.setText(rs1.getString("Expiry Date"));                           a=1;             
break;                                                          }                         con1.close();           pst1.close(); 
                  } catch (SQLException ex) {             JOptionPane.showMessageDialog(null, "Something Error "+ex);           
        }                  if(a==0)                  {                        JOptionPane.showMessageDialog(null, "Please Enter 
Correct medicine name ","Warning",JOptionPane.ERROR_MESSAGE);                  }            }                   }          
if(ae.getSource() ==  assign)                    { String name1 = nameltf.getSelectedItem().toString();            
if(timetf.getText().isEmpty()||datetf.getDate()==null||exemail.isEmpty()|| exname.isEmpty()|| nf.getText().isEmpty() || 
cf.getText().isEmpty()|| ef.getText().isEmpty()||ftf.getText().isEmpty()|| stf.getText().isEmpty() || atf.getText().isEmpty()|| 
ptf.getText().isEmpty()|| sttf.getText().isEmpty()|| ctf.getText().isEmpty() || name1.isEmpty()  || mnfltf.getText().isEmpty() 
|| expltf.getText().isEmpty()|| numtf.getText().isEmpty() || typetf.getSelectedItem().toString().isEmpty())            { 
JOptionPane.showMessageDialog(null, "Fill up the all information  ","Warning",JOptionPane.ERROR_MESSAGE);                }      
     else            {                int a =0;                String sql1 = "SELECT * FROM `executive` WHERE `Name` =? AND 
`Email`=? ";              try {                                              con1 = (Connection) 
DriverManager.getConnection("jdbc:mysql://localhost/MedConnect","root", "");                  pst1 =   (PreparedStatement) 
con1.prepareStatement(sql1);                  pst1.setString(1, exname);                  pst1.setString(2, exemail);           
                        rs1 = pst1.executeQuery();                  while(rs1.next()){                                          
                                     a=1;                   break;                   }                  con1.close();           
                   } catch (SQLException ex) {                          JOptionPane.showMessageDialog(null, "Please Correct 
Executive Name and Email "+ ex);                 }                                                         if(a==0)             
      {                      JOptionPane.showMessageDialog(null, "Please Correct Executive Name and Email 
","Warning",JOptionPane.ERROR_MESSAGE);                   }                 else{             if(datetf.getDate()!=null || 
!timetf.getText().isEmpty())              {                  SimpleDateFormat dateformat1 = new SimpleDateFormat("YYYY-MM-dd"); 
                        SimpleDateFormat dateformat2 = new SimpleDateFormat("hh:mm a");                                         
                                try{                                     Date date = new Date();       DateFormat dateformat = 
new SimpleDateFormat("dd-MM-YYYY");             String current = dateformat.format(date);         String dates = 
dateformat.format(datetf.getDate());                  String times =timetf.getText();                  Date date1 = 
dateformat1.parse(dates);                                                        Date date2 = dateformat1.parse(current);       
                                  Date time1 = dateformat2.parse(times);                   if(date2.after(date1) )              
      {                       JOptionPane.showMessageDialog(null, "Please Enter Donate Date is grater than or equal current 
Date ");                   }                    else{        String sql = "INSERT INTO `donate medicine`(`Medicine Name`, 
`Manufacture Date`, `Expiry Date`, `Medicine Type`, `Number of Tablet`, `Donate Time`, `Donate Date`, `Executive 
Name`,`Executive Email`, `User Name`, `User Email`, `Contact Number`, `Flat No`, `Street`, `Area`, `Pin Code`, `State`, 
`CityTown`)" + "VALUES (?,?,?,?,?,?,?,?,?,?,?,?,?,?,?,?,?,?)";                  try{              con2 = (Connection) 
DriverManager.getConnection("jdbc:mysql://localhost/MedConnect","root", "");                      pst2 =  (PreparedStatement) 
con2.prepareStatement(sql);            pst2.setString(1, name1);                                                    
pst2.setString(2, mnfltf.getText());            pst2.setString(3, expltf.getText());             pst2.setString(4, 
typetf.getSelectedItem().toString());            pst2.setString(5, numtf.getText());            pst2.setString(6, 
timetf.getText());              pst2.setString(7, dates);             pst2.setString(8, exname);              pst2.setString(9, 
exemail);              pst2.setString(10, nf.getText());               pst2.setString(11, ef.getText());                
pst2.setString(12, cf.getText());                 pst2.setString(13, ftf.getText());                  pst2.setString(14, 
stf.getText());                   pst2.setString(15, atf.getText());                    pst2.setString(16, ptf.getText());      
               pst2.setString(17, sttf.getText());                      pst2.setString(18, ctf.getText());                      
                       pst2.executeUpdate();            con2.close();                            
JOptionPane.showMessageDialog(null, "Donate Medicine successfully");                    }                      catch 
(SQLException ex) {                        JOptionPane.showMessageDialog(null, "Donate Medicine unsuccessfully"+ex);        }   
                }                  }catch(Exception ex){                        JOptionPane.showMessageDialog(null, "Donate 
Medicine unsuccessfully"+ex);        }                          }        }            }        }        if(ae.getSource() ==  
homepage)                    {            setVisible(false);            HomePage frame = new  HomePage();            
frame.setVisible(true);        }        if(ae.getSource() ==  order)                    {            setVisible(false);         
 MyOrder frame = new MyOrder();          frame.setVisible(true);                 }       if(ae.getSource()==executive){         
  setVisible(false);          ViewexUser frame = new  ViewexUser();          frame.setVisible(true);                 }          
    if(ae.getSource()==logout)        {                   int a = JOptionPane.showConfirmDialog(null, "Are You Sure?");         
 if(a==JOptionPane.YES_OPTION){           setVisible(false);           UserLogin frame = new UserLogin();          
frame.setVisible(true);          }        }           }                }         void  ComboBox()    {        try{           
String sql3 = "SELECT * FROM `buymedicine` " ;                                con3 = (Connection) 
DriverManager.getConnection("jdbc:mysql://localhost/MedConnect","root", "");                pst3 =   (PreparedStatement) 
con3.prepareStatement(sql3);                               rs3 = pst3.executeQuery();                while(rs3.next()){         
           String name = rs3.getString("Medicine Name");                        nameltf.addItem(name);                          
 }        }catch(Exception e)        {                    }    }     void  ComboBox1()    {        try{           String sql4 = 
"SELECT * FROM `executive` " ;                                con4 = (Connection) 
DriverManager.getConnection("jdbc:mysql://localhost/MedConnect","root", "");                pst4 =   (PreparedStatement) 
con4.prepareStatement(sql4);                               rs4 = pst4.executeQuery();                while(rs4.next()){         
           String name = rs4.getString("Name");                    String email = rs4.getString("Email");                       
 enamef.addItem(name);            etf.addItem(email);                           }        }catch(Exception e)        {           
         }    }         public static void main(String[] args) {       DonateMedicine frame = new  DonateMedicine();        
frame.setVisible(true);        } }
                                                                                                                                
                                                                                                                                
                                                                                                                                
                                                                                                                                
                                                                                                                                
                                                                                                                                
                                                                                                                                
                                                                                                                                
                                                                                                                                
                                                                                                                                
                                                                                                                                
                                                                                                                                
                                                                                                                                
                                                                                                                                
                                                                                                                                
                                                                                                                                
                                                                                                                                
                                                                                                                                
                                                                                                                                
                                                                                                                                
                                                                                                                                
                                                                                                                                
                                                                                                                                
                                                                                                                                
                                                                                                                                
                                                                                                                                
                                                                                                                                
                                                                                                                                
                                                                                                                                
                                                                                                                                
                                                                                                                                
                                                                                                                                
                                                                                                                                
                                                                                                                                
                                                                                                                                
                                                                                                                                
                                                                                                                                
                                                                                                                                
                                                                                                                                
                                                                                                                                
                                                                                                                                
                                                                                                                                
                                                                                                                                
                                                                                                                                
                                                                                                                                
                                                                                                                                
                                                                                                                                
                                                                                                                                
                                                                                                                                
                                                                                                                                
                                                                                                                                
                                                                                                                                
                                                                                                                                
                                                                                                                                
                                                                                                                                
                                                                                                                                
                                                                                                                                
                                                                                                                                
                                                                                                                                
                                                                                                                                
                                                                                                                                
                                                                                                                                
                                                                                                                                
                                                                                                                                
                                                                                                                                
                                                                                                                                
                                                                                                                                
                                                                                                                                
                                                                                                                                
                                                                                                                                
                                                                                                                                
                                                                                                                                
                                                                                                                                
                                                                                                                                
                                                                                                                                
                                                                                                                                
                                                                                                                                
                                                                                                                                
                                                                                                                                
                                                                                                                                
                                                                                                                                
                                                                                                                                
                                                                                                                                
                                                                                                                                
                                                                                                                                
                                                                                                                                
                                                                                                                                
                                                                                                                                
                                                                                                                                
                                                                                                                                
                                                                                                                                
                                                                                                                                
                                                                                                                                
                                                                                                                                
                                                                                                                                
                                                                                                                                
                                                                                                                                
                                                                                                                                
                                                                                                                                
                                                                                                                                
                                                                                                                                
                                                                                                                                
                                                                                                                                
                                                                                                                                
                                                                                                                                
                                                                                                                                
                                                                                                                                
                                                                                                                                
                                                                                                                                
                                                                                                                                
                                                                                                                                
                                                                                                                                
                                                                                                                                
                                                                                                                                
                                                                                                                                
                                                                                                                                
                                                                                                                                
                                                                                                                                
                                                                                                                                
                                                                                                                                
                                                                                                                                
                                                                                                                                
                                                                                                                                
                                                                                                                                
                                                                                                                                
                                                                                                                                
                                                                                                                                
                                                                                                                                
                                                                                                                                
                                                                                                                                
                                                                                                                                
                                                                                                                                
                                                                                                                                
                                                                                                                                
                                                                                                                                
                                                                                                                                
                                                                                                                                
                                                                                                                                
                                                                                                                                
                                                                                                                                
                                                                                                                                
                                                                                                                                
                                                                                                                                
                                                                                                                                
                                                                                                                                
                                                                                                                                
                                                                                                                                
                                                                                                                                
                                                                                                                                
                                                                                                                                
                                                                                                                                
                                                                                                                                
                                                                                                                                
                                                                                                                                
                                                                                                                                
                                                                                                                                
                                                                                                                                
                                                                                                                                
                                                                                                                                
                                                   ^
  where E is a type-variable:
    E extends Object declared in class JComboBox
NGOLogin.java:1: warning: [deprecation] getText() in JPasswordField has been deprecated
/* * To change this license header, choose License Headers in Project Properties. * To change this template file, choose Tools 
| Templates * and open the template in the editor. */package online.medicine.donation.system;import 
com.mysql.jdbc.Connection;import com.mysql.jdbc.PreparedStatement;import java.awt.Color;import java.awt.Container;import 
java.awt.Cursor;import java.awt.Font;import java.awt.Image;import java.awt.event.ActionEvent;import 
java.awt.event.ActionListener;import java.sql.DriverManager;import java.sql.ResultSet;import java.sql.SQLException;import 
javax.swing.ImageIcon;import javax.swing.JButton;import javax.swing.JCheckBox;import javax.swing.JFrame;import 
javax.swing.JLabel;import javax.swing.JOptionPane;import javax.swing.JPanel;import javax.swing.JPasswordField;import 
javax.swing.JScrollPane;import javax.swing.JTextField;/** * * @author Hp */public class NGOLogin extends JFrame {   private 
JLabel emaillabel,passwordlabel,imglabel,title,userlabel,title1,label2,label;    private JButton login,clear 
,homepage,logout,ngo,user,executive,admin,account;   private Cursor cursor;    private JPasswordField passwordtf;    private 
JCheckBox showpasscheckbox;    private ImageIcon icon;        public static JTextField usernametf,emailtf;    private Container 
c;   Connection con;    PreparedStatement pst,pst1;    ResultSet rs,rs1;          NGOLogin()    {              
initComponents();         }     void initComponents()    {              this.setDefaultCloseOperation(JFrame.EXIT_ON_CLOSE);    
    this.setSize(1930, 1030);        this.setTitle("NGO Login");        c = this.getContentPane();        c.setLayout(null);    
    this.setResizable(false);         c.setBackground(Color.GRAY);                       Font font = new 
Font("Arial",Font.BOLD,42);         title = new JLabel("MedConnect");        title.setFont(font);        title.setBounds(2, 2, 
1930, 80);        title.setForeground(Color.BLUE);        title.setOpaque(true);        title.setBackground(Color.ORANGE);     
c.add(title);        label = new JLabel();        label.setBounds(1, 100, 1930, 150);        label.setOpaque(true);        
label.setBackground(Color.MAGENTA);       c.add(label);        Cursor cursor = new Cursor(Cursor.HAND_CURSOR);              
Font font1 = new Font("Arial",Font.BOLD,24);         homepage = new JButton("Home Page");        homepage.setFont(font1);       
        homepage.setBounds(20, 30, 200, 80);                homepage.setCursor(cursor);         label.add(homepage);            
       admin = new JButton("Admin");      admin.setFont(font1);      admin.setBounds(221, 30, 200, 80);       
admin.setCursor(cursor);        label.add(admin);                executive = new JButton("Executive");       
executive.setFont(font1);      executive.setBounds(422, 30, 200, 80);       executive.setCursor(cursor);       
label.add(executive);         user = new JButton("User");        user.setFont(font1);       user.setBounds(623,30, 200, 80);    
    user.setCursor(cursor);        label.add(user);        logout = new JButton("LogOut");       logout.setFont(font1);        
logout.setBounds(824, 30, 200, 80);       logout.setCursor(cursor);        label.add(logout);         JPanel panel1 = new 
JPanel();        panel1.setBounds(1, 260,1960,1030);        c.add(panel1);        JScrollPane scroll = new 
JScrollPane(panel1,JScrollPane.VERTICAL_SCROLLBAR_ALWAYS,JScrollPane.HORIZONTAL_SCROLLBAR_AS_NEEDED);    scroll.setBounds(1, 
260,1910,720);    c.add(scroll);            icon = new ImageIcon(getClass().getResource("medicin.jpeg"));      Image img = 
icon.getImage();        Image newimage = img.getScaledInstance(panel1.getWidth(), panel1.getHeight(), Image.SCALE_SMOOTH);      
 icon = new ImageIcon(newimage);        imglabel = new JLabel(icon);                 panel1.add(imglabel);                
label2 = new JLabel();        label2.setFont(font);       label2.setBounds(500, 2, 1130, 900);       label2.setOpaque(true);    
   label2.setBackground(Color.LIGHT_GRAY);        imglabel.add(label2);                  title1 = new JLabel("NGO Login");      
  title1.setFont(font1);        title1.setBounds(2, 2,  1130, 60);        title1.setForeground(Color.BLUE);       
title1.setOpaque(true);       title1.setBackground(Color.ORANGE);        label2.add(title1);        JPanel panel2 = new 
JPanel();        panel2.setBounds(450, 80,230,230);        panel2.setBackground(Color.WHITE);        label2.add(panel2);        
  icon = new ImageIcon(getClass().getResource("login.png"));           Image img1 = icon.getImage();           Image newimage1 
= img1.getScaledInstance(panel2.getWidth(), panel2.getHeight(), Image.SCALE_SMOOTH);       icon = new ImageIcon(newimage1);     
   imglabel = new JLabel(icon);        panel2.add(imglabel);                   userlabel = new JLabel("User Name");        
userlabel.setFont(font1);       userlabel.setBounds(40, 360, 180, 40);        label2.add(userlabel);         usernametf = new 
JTextField("");        usernametf.setFont(font1);        usernametf.setBounds(180, 360, 900, 40);        
label2.add(usernametf);        emaillabel = new JLabel("Email");        emaillabel.setFont(font1);       
emaillabel.setBounds(40,410, 180, 40);        label2.add(emaillabel);         emailtf = new JTextField("");        
emailtf.setFont(font1);        emailtf.setBounds(180, 410, 900, 40);        label2.add(emailtf);          passwordlabel = new 
JLabel("Password");        passwordlabel.setFont(font1);         passwordlabel.setBounds(40,460, 180, 40);        
label2.add(passwordlabel);         passwordtf = new JPasswordField("");        passwordtf.setFont(font1);        
passwordtf.setBounds(180, 460, 900, 40);        passwordtf.setEchoChar('*');        label2.add(passwordtf);         
showpasscheckbox = new JCheckBox("Show Password");        showpasscheckbox .setBounds(200, 510, 250, 40);         
showpasscheckbox .setFont(font1);        showpasscheckbox .setBackground(Color.LIGHT_GRAY);        label2.add( showpasscheckbox 
);              login = new JButton("Login");        login.setBounds(360, 580, 150, 50);        login.setFont(font1);        
login.setCursor(cursor);         label2.add(login);         clear = new JButton("Reset");         clear .setBounds(680, 580, 
150, 50);        clear .setFont(font1);        clear .setCursor(cursor);         label2.add( clear );         account = new 
JButton("Click Here Create New Account");        account .setBounds(350, 680, 430, 50);        account .setFont(font1);        
account.setBackground(Color.LIGHT_GRAY);       account .setCursor(cursor);         label2.add( account );         Handler 
handler = new Handler();         login.addActionListener(handler);        showpasscheckbox.addActionListener(handler);       
clear.addActionListener(handler);       account.addActionListener(handler);       homepage.addActionListener(handler);         
admin.addActionListener(handler);       user.addActionListener(handler);        executive.addActionListener(handler);           
        logout.addActionListener(handler);    }            class Handler implements ActionListener{    public void 
actionPerformed(ActionEvent ae) {    if(ae.getSource()==login){            String Email = emailtf.getText();                
String Name = usernametf.getText();                 String Password = passwordtf.getText();        if(Name.isEmpty())          
{            JOptionPane.showMessageDialog(null, "Please Enter User Name","Warning",JOptionPane.ERROR_MESSAGE);           }     
      else if(Email.isEmpty())           {             JOptionPane.showMessageDialog(null, "Please Enter  
Email","Warning",JOptionPane.ERROR_MESSAGE);            }                            else if(Password.isEmpty())            {   
           JOptionPane.showMessageDialog(null, "Please Enter  Password","Warning",JOptionPane.ERROR_MESSAGE);             }     
        else if(!Name.isEmpty()&& !Email.isEmpty() && !Password.isEmpty()) {                int a =0;              String sql = 
"SELECT * FROM `ngoregistrationform` WHERE `User Name` =? AND `Email`=? AND `Password`=?";                 try {                
                              con = (Connection) DriverManager.getConnection("jdbc:mysql://localhost/MedConnect","root", "");   
               pst =   (PreparedStatement) con.prepareStatement(sql);                  pst.setString(1, Name);                  
pst.setString(2, Email);                  pst.setString(3, Password);                  rs = pst.executeQuery();                 
 while(rs.next()){                   JOptionPane.showMessageDialog(null, "NGO Logined Succesfully");                    
setVisible(false) ;                                    NGO frame = new NGO();                      frame.setVisible(true);      
                                                      a=1;                   break;                   }                  
con.close();                              } catch (SQLException ex) {                          
JOptionPane.showMessageDialog(null, "NGO Logined Unsuccesfully "+ ex);                 }                   if(a==0)             
      {                      JOptionPane.showMessageDialog(null, "Please Enter Correct User Name or Email or 
Password","Warning",JOptionPane.ERROR_MESSAGE);                   }              }                           }                  
                                                                                                         
if(ae.getSource()==clear){                  emailtf.setText("");               usernametf.setText("");                  
passwordtf.setText("");        }            if(ae.getSource()==showpasscheckbox) {            if(showpasscheckbox.isSelected()) 
           {                passwordtf.setEchoChar((char)0);            }            else{                
passwordtf.setEchoChar('*');            }                                }         if(ae.getSource()==account){                 
             setVisible(false);           NGORegistration frame = new NGORegistration();             frame.setVisible(true);    
                 }         if(ae.getSource()==homepage){                   homepage.setBackground(Color.LIGHT_GRAY);            
setVisible(false);            HomePage frame = new HomePage();             frame.setVisible(true);                     }        
  if(ae.getSource()==admin){                        admin.setBackground(Color.LIGHT_GRAY);            setVisible(false);        
    Login frame = new Login();             frame.setVisible(true);             }              if(ae.getSource()==executive){    
     setVisible(false);            executive.setBackground(Color.LIGHT_GRAY);            ExecutiveLogin frame = new 
ExecutiveLogin();             frame.setVisible(true);       }       if(ae.getSource()==user){                  
user.setBackground(Color.LIGHT_GRAY);            setVisible(false);           UserLogin frame = new   UserLogin();             
frame.setVisible(true);                     }                           if(ae.getSource()==logout){                             
     System.exit(0);    }                          }           }                                  public static void 
main(String[] args) {        NGOLogin  frame = new NGOLogin();        frame.setVisible(true);        } }    
                                                                                                                                
                                                                                                                                
                                                                                                                                
                                                                                                                                
                                                                                                                                
                                                                                                                                
                                                                                                                                
                                                                                                                                
                                                                                                                                
                                                                                                                                
                                                                                                                                
                                                                                                                                
                                                                                                                                
                                                                                                                                
                                                                                                                                
                                                                                                                                
                                                                                                                                
                                                                                                                                
                                                                                                                                
                                                                                                                                
                                                                                                                                
                                                                                                                                
                                                                                                                                
                                                                                                                                
                                                                                                                                
                                                                                                                                
                                                                                                                                
                                                                                                                                
                                                                                                                                
                                                                                                                                
                                                                                                                                
                                                                                                                                
                                                                                                                                
                                                                                                                                
                                                                                                                                
                                                                                                                                
                                                                                                                                
                                                                                                                                
                                                                                                                                
                                                                                                                                
                                                                                                                                
                                                                                                                                
                                                                                                                                
                                                                                                                                
                                                                                                                                
                                                                                                                                
                                                                                                                                
                                                                                                                                
                                                                                                                                
                                                                                                                                
                                                                                                                                
                                                                                                                                
                                                                                                                                
                                                                                                                                
                                                                                                                                
                                                                                                                                
                                                                                                                                
         ^
NGORegistration.java:1: warning: [deprecation] getText() in JPasswordField has been deprecated
/* * To change this license header, choose License Headers in Project Properties. * To change this template file, choose Tools 
| Templates * and open the template in the editor. */package online.medicine.donation.system;import 
com.mysql.jdbc.Connection;import com.mysql.jdbc.PreparedStatement;import java.awt.Color;import java.awt.Container;import 
java.awt.Cursor;import java.awt.Font;import java.awt.Image;import java.awt.event.ActionEvent;import 
java.awt.event.ActionListener;import java.sql.DriverManager;import java.sql.ResultSet;import java.sql.SQLException;import 
java.util.logging.Level;import java.util.logging.Logger;import javax.swing.ButtonGroup;import javax.swing.ImageIcon;import 
javax.swing.JButton;import javax.swing.JCheckBox;import javax.swing.JFrame;import javax.swing.JLabel;import 
javax.swing.JOptionPane;import javax.swing.JPanel;import javax.swing.JPasswordField;import javax.swing.JRadioButton;import 
javax.swing.JScrollPane;import javax.swing.JTextField;/** * * @author Hp */public class NGORegistration extends JFrame {        
 private JLabel title,imglabel, namel,emaill,contactl,locationl, passwordl,confirml,label2,title1,label;    private JTextField 
nametf,emailtf;      JPasswordField passwordtf,confirmtf;      private Container c;      private JButton login,clear 
,homepage,logout,ngo,user,executive, register,back,reset,admin;      private Cursor cursor;     private ImageIcon icon;     
private JCheckBox showpasscheckbox;      private JRadioButton male,female;      private ButtonGroup grp;            Connection 
con2 = null;    PreparedStatement pst2=null;                    NGORegistration ()     {        initComponents();            }  
         void initComponents()    {         this.setDefaultCloseOperation(JFrame.EXIT_ON_CLOSE);        this.setSize(1930, 
1030);        this.setTitle("NGO Registration Form");        c = this.getContentPane();        c.setLayout(null);        
this.setResizable(false);         c.setBackground(Color.GRAY);                       Font font = new 
Font("Arial",Font.BOLD,42);         title = new JLabel("MedConnect");        title.setFont(font);        title.setBounds(2, 2, 
1930, 80);        title.setForeground(Color.BLUE);        title.setOpaque(true);        title.setBackground(Color.ORANGE);     
c.add(title);        label = new JLabel();        label.setBounds(1, 100, 1930, 150);        label.setOpaque(true);        
label.setBackground(Color.MAGENTA);       c.add(label);        Cursor cursor = new Cursor(Cursor.HAND_CURSOR);              
Font font1 = new Font("Arial",Font.BOLD,24);         homepage = new JButton("Home Page");        homepage.setFont(font1);       
        homepage.setBounds(20, 30, 200, 80);                homepage.setCursor(cursor);         label.add(homepage);          
admin = new JButton("Admin");       admin.setFont(font1);        admin.setBounds(221, 30, 200, 80);       
admin.setCursor(cursor);        label.add(admin);              executive = new JButton("Executive");      
executive.setFont(font1);       executive.setBounds( 422, 30, 200, 80);       executive.setCursor(cursor);        
label.add(executive);           user = new JButton("User");     user .setFont(font1);      user .setBounds(623,30, 200, 80);    
  user .setCursor(cursor);       label.add(user );                logout = new JButton("LogOut");       logout.setFont(font1);  
      logout.setBounds(824, 30, 200, 80);       logout.setCursor(cursor);        label.add(logout);         JPanel panel1 = new 
JPanel();        panel1.setBounds(1, 260,1900,1030);        c.add(panel1);        JScrollPane scroll = new 
JScrollPane(panel1,JScrollPane.VERTICAL_SCROLLBAR_ALWAYS,JScrollPane.HORIZONTAL_SCROLLBAR_AS_NEEDED);    scroll.setBounds(1, 
260,1910,720);    c.add(scroll);            icon = new ImageIcon(getClass().getResource("medicin.jpeg"));      Image img = 
icon.getImage();        Image newimage = img.getScaledInstance(panel1.getWidth(), panel1.getHeight(), Image.SCALE_SMOOTH);      
 icon = new ImageIcon(newimage);        imglabel = new JLabel(icon);                 panel1.add(imglabel);                
label2 = new JLabel();        label2.setFont(font);       label2.setBounds(480, 2, 1200, 900);       label2.setOpaque(true);    
   label2.setBackground(Color.LIGHT_GRAY);        imglabel.add(label2);                  title1 = new JLabel("NGO Registration 
Form");        title1.setFont(font1);        title1.setBounds(2, 2,  11200, 60);        title1.setForeground(Color.BLUE);       
title1.setOpaque(true);       title1.setBackground(Color.ORANGE);        label2.add(title1);                 JPanel panel2 = 
new JPanel();        panel2.setBounds(480, 80,230,230);        panel2.setBackground(Color.WHITE);        label2.add(panel2);    
      icon = new ImageIcon(getClass().getResource("login.png"));           Image img1 = icon.getImage();           Image 
newimage1 = img1.getScaledInstance(panel2.getWidth(), panel2.getHeight(), Image.SCALE_SMOOTH);       icon = new 
ImageIcon(newimage1);        imglabel = new JLabel(icon);        panel2.add(imglabel);        namel = new JLabel("User Name");  
      namel.setFont(font1);       namel.setBounds(40, 360, 180, 40);        label2.add(namel);         nametf = new 
JTextField("");        nametf.setFont(font1);        nametf.setBounds(273, 360, 880, 40);        label2.add(nametf);          
emaill = new JLabel("Email");        emaill.setFont(font1);       emaill.setBounds(40,410, 180, 40);        label2.add(emaill); 
        emailtf = new JTextField("");        emailtf.setFont(font1);        emailtf.setBounds(273, 410, 880, 40);        
label2.add(emailtf);          passwordl = new JLabel("Password");        passwordl.setFont(font1);         
passwordl.setBounds(40,460, 180, 40);        label2.add(passwordl);         passwordtf = new JPasswordField("");        
passwordtf.setFont(font1);        passwordtf.setBounds(273, 460, 880, 40);        passwordtf.setEchoChar('*');        
label2.add(passwordtf);        confirml = new JLabel("Confirm Password");        confirml.setFont(font1);        
confirml.setBounds(35, 510, 300, 40);       label2.add(confirml);       confirmtf = new JPasswordField("");        
confirmtf.setFont(font1);        confirmtf.setBounds(273, 510, 880, 40);       confirmtf.setEchoChar('*');       
label2.add(confirmtf);         showpasscheckbox = new JCheckBox("Show Password");        showpasscheckbox .setBounds(300, 560, 
250, 40);       showpasscheckbox .setFont(font1);      showpasscheckbox .setBackground(Color.LIGHT_GRAY);        
label2.add(showpasscheckbox );        register = new JButton(" Register");        register.setBounds(360, 630, 150, 50);        
register.setFont(font1);         register.setCursor(cursor);         label2.add( register);         reset= new 
JButton("Reset");         reset .setBounds(680, 630, 150, 50);        reset .setFont(font1);        reset .setCursor(cursor);   
      label2.add( reset );        back= new JButton("Click Here Back to Login");        back .setBounds(385, 720, 390, 50);     
   back .setFont(font1);      back.setBackground(Color.LIGHT_GRAY);       back .setCursor(cursor);         label2.add( back );  
               Handler handler = new Handler();         register.addActionListener(handler);        
showpasscheckbox.addActionListener(handler);       reset.addActionListener(handler);       back.addActionListener(handler);     
 homepage.addActionListener(handler);        admin.addActionListener(handler);        executive.addActionListener(handler);     
 user.addActionListener(handler);              logout.addActionListener(handler);       }     class Handler implements 
ActionListener{    public void actionPerformed(ActionEvent ae) {        if(ae.getSource() ==  register){                        
String Email = emailtf.getText();                String Name = nametf.getText();                 String Password = 
passwordtf.getText();                  String Confirm = confirmtf.getText();               if(Name.isEmpty())                 { 
                    JOptionPane.showMessageDialog(null, "Please Enter User Name","Warning",JOptionPane.ERROR_MESSAGE);          
       }              else if(Email.isEmpty())                {                    JOptionPane.showMessageDialog(null, "Please 
Enter  Email","Warning",JOptionPane.ERROR_MESSAGE);                }                                               else 
if(Password.isEmpty() || Confirm.isEmpty()){                  JOptionPane.showMessageDialog(null, "Please Enter Password or 
Confirm Password","Warning",JOptionPane.ERROR_MESSAGE);             }                            else 
if(!Password.equals(Confirm)){                                                   JOptionPane.showMessageDialog(null, "Password 
and Confirm Password do not match");                                        }              else if(checkusername(Name,Email))   
                {                                  JOptionPane.showMessageDialog(null, "This user name and email already 
exist");                 }                                             else if(!Name.isEmpty()&& !Email.isEmpty()){             
     if(Password.equals(Confirm)) {                              String sql = "SELECT `Name`, `Email` FROM `addngo`";           
        try {                                        con2= (Connection) 
DriverManager.getConnection("jdbc:mysql://localhost/MedConnect","root", "");                  pst2 =   (PreparedStatement) 
con2.prepareStatement(sql);                  ResultSet rs = pst2.executeQuery();                            int bol = 0;        
                                    while(rs.next()){                                         String n =rs.getString("Name");   
                  String e =rs.getString("Email");                                 if(((Name.equals(n)))&& ((Email.equals(e)))) 
                 {                 String sql1 = "INSERT INTO `ngoregistrationform`(`User Name`, `Email`, `Password`)" + 
"VALUES(?,?,?)";                               try{                      con2 = (Connection) 
DriverManager.getConnection("jdbc:mysql://localhost/MedConnect","root", "");               pst2 =   (PreparedStatement) 
con2.prepareStatement(sql1);               pst2.setString(1, Name);                pst2.setString(2, Email);                
pst2.setString(3, Password);                              pst2.executeUpdate();                con2.close();                    
             JOptionPane.showMessageDialog(null, "NGO Registration Successfully");                 bol = 1;                 
break;                                }         catch (SQLException ex) {                              
JOptionPane.showMessageDialog(null, " NGO Registration Unsuccessfully  "+ex);                         }                 }       
        }               if(bol==0)               {                   JOptionPane.showMessageDialog(null, " You Not 
NGO","Warning",JOptionPane.ERROR_MESSAGE);               }                con2.close();                   pst2.close();         
                          } catch (SQLException ex) {                    JOptionPane.showMessageDialog(null, " NGO Registration 
Unsuccessfully  "+ex);                }                                                    }                                    
       }                                             }                         if(ae.getSource() ==  reset)                    
{           nametf.setText("");                    emailtf.setText("");                     passwordtf.setText("");          
confirmtf.setText("");                  }                                                 {            
if(showpasscheckbox.isSelected())            {                passwordtf.setEchoChar((char)0);                 
confirmtf.setEchoChar((char)0);            }            else{                passwordtf.setEchoChar('*');               
confirmtf.setEchoChar('*');            }        }         if(ae.getSource()==back){                               
setVisible(false);            NGOLogin frame = new NGOLogin();             frame.setVisible(true);                     }       
if(ae.getSource()==homepage){                   homepage.setBackground(Color.LIGHT_GRAY);            setVisible(false);         
   HomePage frame = new HomePage();             frame.setVisible(true);                     }          
if(ae.getSource()==admin){                        admin.setBackground(Color.LIGHT_GRAY);            setVisible(false);          
  Login frame = new Login();             frame.setVisible(true);             }       if(ae.getSource()==user){                  
user.setBackground(Color.LIGHT_GRAY);            setVisible(false);            UserLogin frame = new UserLogin();             
frame.setVisible(true);                     }       if(ae.getSource()==executive){         setVisible(false);            
executive.setBackground(Color.LIGHT_GRAY);            ExecutiveLogin frame = new ExecutiveLogin();             
frame.setVisible(true);       }                             if(ae.getSource()==logout){                                  
System.exit(0);    }                           }     }          public boolean checkusername(String username, String ema) {    
boolean checkuser = false;      boolean email = false;       Connection con2=null;    PreparedStatement pst2=null;      
ResultSet rs;     String sql = "SELECT * FROM `ngoregistrationform` WHERE `User Name` =? AND `Email`=?";              try{      
        con2 = (Connection) DriverManager.getConnection("jdbc:mysql://localhost/MedConnect","root", "");                      
pst2 =  (PreparedStatement) con2.prepareStatement(sql);            pst2.setString(1, username);                       
pst2.setString(2, ema);                        rs = pst2.executeQuery();                  if(rs.next()){                    
checkuser = true;                    email = true;                                                       }    }        catch 
(SQLException ex) {             Logger.getLogger(UserRegistrationForm.class.getName()).log(Level.SEVERE, null, ex);         }   
      return checkuser && email  ;                 }      public static void main(String[] args) {        NGORegistration frame 
= new NGORegistration();                frame.setVisible(true);    }       }
                                                                                                                                
                                                                                                                                
                                                                                                                                
                                                                                                                                
                                                                                                                                
                                                                                                                                
                                                                                                                                
                                                                                                                                
                                                                                                                                
                                                                                                                                
                                                                                                                                
                                                                                                                                
                                                                                                                                
                                                                                                                                
                                                                                                                                
                                                                                                                                
                                                                                                                                
                                                                                                                                
                                                                                                                                
                                                                                                                                
                                                                                                                                
                                                                                                                                
                                                                                                                                
                                                                                                                                
                                                                                                                                
                                                                                                                                
                                                                                                                                
                                                                                                                                
                                                                                                                                
                                                                                                                                
                                                                                                                                
                                                                                                                                
                                                                                                                                
                                                                                                                                
                                                                                                                                
                                                                                                                                
                                                                                                                                
                                                                                                                                
                                                                                                                                
                                                                                                                                
                                                                                                                                
                                                                                                                                
                                                                                                                                
                                                                                                                                
                                                                                                                                
                                                                                                                                
                                                                                                                                
                                                                                                                                
                                                                                                                                
                                                                                                                                
                                                                                                                                
                                                                                                                                
                                                                                                                                
                                                                                                                                
                                                                                                                                
                                                                                                                                
                                                                                                                                
                                                                                                                                
                                                                                                                                
                                                                                                                                
                                                                                                                                
                                               ^
NGORegistration.java:1: warning: [deprecation] getText() in JPasswordField has been deprecated
/* * To change this license header, choose License Headers in Project Properties. * To change this template file, choose Tools 
| Templates * and open the template in the editor. */package online.medicine.donation.system;import 
com.mysql.jdbc.Connection;import com.mysql.jdbc.PreparedStatement;import java.awt.Color;import java.awt.Container;import 
java.awt.Cursor;import java.awt.Font;import java.awt.Image;import java.awt.event.ActionEvent;import 
java.awt.event.ActionListener;import java.sql.DriverManager;import java.sql.ResultSet;import java.sql.SQLException;import 
java.util.logging.Level;import java.util.logging.Logger;import javax.swing.ButtonGroup;import javax.swing.ImageIcon;import 
javax.swing.JButton;import javax.swing.JCheckBox;import javax.swing.JFrame;import javax.swing.JLabel;import 
javax.swing.JOptionPane;import javax.swing.JPanel;import javax.swing.JPasswordField;import javax.swing.JRadioButton;import 
javax.swing.JScrollPane;import javax.swing.JTextField;/** * * @author Hp */public class NGORegistration extends JFrame {        
 private JLabel title,imglabel, namel,emaill,contactl,locationl, passwordl,confirml,label2,title1,label;    private JTextField 
nametf,emailtf;      JPasswordField passwordtf,confirmtf;      private Container c;      private JButton login,clear 
,homepage,logout,ngo,user,executive, register,back,reset,admin;      private Cursor cursor;     private ImageIcon icon;     
private JCheckBox showpasscheckbox;      private JRadioButton male,female;      private ButtonGroup grp;            Connection 
con2 = null;    PreparedStatement pst2=null;                    NGORegistration ()     {        initComponents();            }  
         void initComponents()    {         this.setDefaultCloseOperation(JFrame.EXIT_ON_CLOSE);        this.setSize(1930, 
1030);        this.setTitle("NGO Registration Form");        c = this.getContentPane();        c.setLayout(null);        
this.setResizable(false);         c.setBackground(Color.GRAY);                       Font font = new 
Font("Arial",Font.BOLD,42);         title = new JLabel("MedConnect");        title.setFont(font);        title.setBounds(2, 2, 
1930, 80);        title.setForeground(Color.BLUE);        title.setOpaque(true);        title.setBackground(Color.ORANGE);     
c.add(title);        label = new JLabel();        label.setBounds(1, 100, 1930, 150);        label.setOpaque(true);        
label.setBackground(Color.MAGENTA);       c.add(label);        Cursor cursor = new Cursor(Cursor.HAND_CURSOR);              
Font font1 = new Font("Arial",Font.BOLD,24);         homepage = new JButton("Home Page");        homepage.setFont(font1);       
        homepage.setBounds(20, 30, 200, 80);                homepage.setCursor(cursor);         label.add(homepage);          
admin = new JButton("Admin");       admin.setFont(font1);        admin.setBounds(221, 30, 200, 80);       
admin.setCursor(cursor);        label.add(admin);              executive = new JButton("Executive");      
executive.setFont(font1);       executive.setBounds( 422, 30, 200, 80);       executive.setCursor(cursor);        
label.add(executive);           user = new JButton("User");     user .setFont(font1);      user .setBounds(623,30, 200, 80);    
  user .setCursor(cursor);       label.add(user );                logout = new JButton("LogOut");       logout.setFont(font1);  
      logout.setBounds(824, 30, 200, 80);       logout.setCursor(cursor);        label.add(logout);         JPanel panel1 = new 
JPanel();        panel1.setBounds(1, 260,1900,1030);        c.add(panel1);        JScrollPane scroll = new 
JScrollPane(panel1,JScrollPane.VERTICAL_SCROLLBAR_ALWAYS,JScrollPane.HORIZONTAL_SCROLLBAR_AS_NEEDED);    scroll.setBounds(1, 
260,1910,720);    c.add(scroll);            icon = new ImageIcon(getClass().getResource("medicin.jpeg"));      Image img = 
icon.getImage();        Image newimage = img.getScaledInstance(panel1.getWidth(), panel1.getHeight(), Image.SCALE_SMOOTH);      
 icon = new ImageIcon(newimage);        imglabel = new JLabel(icon);                 panel1.add(imglabel);                
label2 = new JLabel();        label2.setFont(font);       label2.setBounds(480, 2, 1200, 900);       label2.setOpaque(true);    
   label2.setBackground(Color.LIGHT_GRAY);        imglabel.add(label2);                  title1 = new JLabel("NGO Registration 
Form");        title1.setFont(font1);        title1.setBounds(2, 2,  11200, 60);        title1.setForeground(Color.BLUE);       
title1.setOpaque(true);       title1.setBackground(Color.ORANGE);        label2.add(title1);                 JPanel panel2 = 
new JPanel();        panel2.setBounds(480, 80,230,230);        panel2.setBackground(Color.WHITE);        label2.add(panel2);    
      icon = new ImageIcon(getClass().getResource("login.png"));           Image img1 = icon.getImage();           Image 
newimage1 = img1.getScaledInstance(panel2.getWidth(), panel2.getHeight(), Image.SCALE_SMOOTH);       icon = new 
ImageIcon(newimage1);        imglabel = new JLabel(icon);        panel2.add(imglabel);        namel = new JLabel("User Name");  
      namel.setFont(font1);       namel.setBounds(40, 360, 180, 40);        label2.add(namel);         nametf = new 
JTextField("");        nametf.setFont(font1);        nametf.setBounds(273, 360, 880, 40);        label2.add(nametf);          
emaill = new JLabel("Email");        emaill.setFont(font1);       emaill.setBounds(40,410, 180, 40);        label2.add(emaill); 
        emailtf = new JTextField("");        emailtf.setFont(font1);        emailtf.setBounds(273, 410, 880, 40);        
label2.add(emailtf);          passwordl = new JLabel("Password");        passwordl.setFont(font1);         
passwordl.setBounds(40,460, 180, 40);        label2.add(passwordl);         passwordtf = new JPasswordField("");        
passwordtf.setFont(font1);        passwordtf.setBounds(273, 460, 880, 40);        passwordtf.setEchoChar('*');        
label2.add(passwordtf);        confirml = new JLabel("Confirm Password");        confirml.setFont(font1);        
confirml.setBounds(35, 510, 300, 40);       label2.add(confirml);       confirmtf = new JPasswordField("");        
confirmtf.setFont(font1);        confirmtf.setBounds(273, 510, 880, 40);       confirmtf.setEchoChar('*');       
label2.add(confirmtf);         showpasscheckbox = new JCheckBox("Show Password");        showpasscheckbox .setBounds(300, 560, 
250, 40);       showpasscheckbox .setFont(font1);      showpasscheckbox .setBackground(Color.LIGHT_GRAY);        
label2.add(showpasscheckbox );        register = new JButton(" Register");        register.setBounds(360, 630, 150, 50);        
register.setFont(font1);         register.setCursor(cursor);         label2.add( register);         reset= new 
JButton("Reset");         reset .setBounds(680, 630, 150, 50);        reset .setFont(font1);        reset .setCursor(cursor);   
      label2.add( reset );        back= new JButton("Click Here Back to Login");        back .setBounds(385, 720, 390, 50);     
   back .setFont(font1);      back.setBackground(Color.LIGHT_GRAY);       back .setCursor(cursor);         label2.add( back );  
               Handler handler = new Handler();         register.addActionListener(handler);        
showpasscheckbox.addActionListener(handler);       reset.addActionListener(handler);       back.addActionListener(handler);     
 homepage.addActionListener(handler);        admin.addActionListener(handler);        executive.addActionListener(handler);     
 user.addActionListener(handler);              logout.addActionListener(handler);       }     class Handler implements 
ActionListener{    public void actionPerformed(ActionEvent ae) {        if(ae.getSource() ==  register){                        
String Email = emailtf.getText();                String Name = nametf.getText();                 String Password = 
passwordtf.getText();                  String Confirm = confirmtf.getText();               if(Name.isEmpty())                 { 
                    JOptionPane.showMessageDialog(null, "Please Enter User Name","Warning",JOptionPane.ERROR_MESSAGE);          
       }              else if(Email.isEmpty())                {                    JOptionPane.showMessageDialog(null, "Please 
Enter  Email","Warning",JOptionPane.ERROR_MESSAGE);                }                                               else 
if(Password.isEmpty() || Confirm.isEmpty()){                  JOptionPane.showMessageDialog(null, "Please Enter Password or 
Confirm Password","Warning",JOptionPane.ERROR_MESSAGE);             }                            else 
if(!Password.equals(Confirm)){                                                   JOptionPane.showMessageDialog(null, "Password 
and Confirm Password do not match");                                        }              else if(checkusername(Name,Email))   
                {                                  JOptionPane.showMessageDialog(null, "This user name and email already 
exist");                 }                                             else if(!Name.isEmpty()&& !Email.isEmpty()){             
     if(Password.equals(Confirm)) {                              String sql = "SELECT `Name`, `Email` FROM `addngo`";           
        try {                                        con2= (Connection) 
DriverManager.getConnection("jdbc:mysql://localhost/MedConnect","root", "");                  pst2 =   (PreparedStatement) 
con2.prepareStatement(sql);                  ResultSet rs = pst2.executeQuery();                            int bol = 0;        
                                    while(rs.next()){                                         String n =rs.getString("Name");   
                  String e =rs.getString("Email");                                 if(((Name.equals(n)))&& ((Email.equals(e)))) 
                 {                 String sql1 = "INSERT INTO `ngoregistrationform`(`User Name`, `Email`, `Password`)" + 
"VALUES(?,?,?)";                               try{                      con2 = (Connection) 
DriverManager.getConnection("jdbc:mysql://localhost/MedConnect","root", "");               pst2 =   (PreparedStatement) 
con2.prepareStatement(sql1);               pst2.setString(1, Name);                pst2.setString(2, Email);                
pst2.setString(3, Password);                              pst2.executeUpdate();                con2.close();                    
             JOptionPane.showMessageDialog(null, "NGO Registration Successfully");                 bol = 1;                 
break;                                }         catch (SQLException ex) {                              
JOptionPane.showMessageDialog(null, " NGO Registration Unsuccessfully  "+ex);                         }                 }       
        }               if(bol==0)               {                   JOptionPane.showMessageDialog(null, " You Not 
NGO","Warning",JOptionPane.ERROR_MESSAGE);               }                con2.close();                   pst2.close();         
                          } catch (SQLException ex) {                    JOptionPane.showMessageDialog(null, " NGO Registration 
Unsuccessfully  "+ex);                }                                                    }                                    
       }                                             }                         if(ae.getSource() ==  reset)                    
{           nametf.setText("");                    emailtf.setText("");                     passwordtf.setText("");          
confirmtf.setText("");                  }                                                 {            
if(showpasscheckbox.isSelected())            {                passwordtf.setEchoChar((char)0);                 
confirmtf.setEchoChar((char)0);            }            else{                passwordtf.setEchoChar('*');               
confirmtf.setEchoChar('*');            }        }         if(ae.getSource()==back){                               
setVisible(false);            NGOLogin frame = new NGOLogin();             frame.setVisible(true);                     }       
if(ae.getSource()==homepage){                   homepage.setBackground(Color.LIGHT_GRAY);            setVisible(false);         
   HomePage frame = new HomePage();             frame.setVisible(true);                     }          
if(ae.getSource()==admin){                        admin.setBackground(Color.LIGHT_GRAY);            setVisible(false);          
  Login frame = new Login();             frame.setVisible(true);             }       if(ae.getSource()==user){                  
user.setBackground(Color.LIGHT_GRAY);            setVisible(false);            UserLogin frame = new UserLogin();             
frame.setVisible(true);                     }       if(ae.getSource()==executive){         setVisible(false);            
executive.setBackground(Color.LIGHT_GRAY);            ExecutiveLogin frame = new ExecutiveLogin();             
frame.setVisible(true);       }                             if(ae.getSource()==logout){                                  
System.exit(0);    }                           }     }          public boolean checkusername(String username, String ema) {    
boolean checkuser = false;      boolean email = false;       Connection con2=null;    PreparedStatement pst2=null;      
ResultSet rs;     String sql = "SELECT * FROM `ngoregistrationform` WHERE `User Name` =? AND `Email`=?";              try{      
        con2 = (Connection) DriverManager.getConnection("jdbc:mysql://localhost/MedConnect","root", "");                      
pst2 =  (PreparedStatement) con2.prepareStatement(sql);            pst2.setString(1, username);                       
pst2.setString(2, ema);                        rs = pst2.executeQuery();                  if(rs.next()){                    
checkuser = true;                    email = true;                                                       }    }        catch 
(SQLException ex) {             Logger.getLogger(UserRegistrationForm.class.getName()).log(Level.SEVERE, null, ex);         }   
      return checkuser && email  ;                 }      public static void main(String[] args) {        NGORegistration frame 
= new NGORegistration();                frame.setVisible(true);    }       }
                                                                                                                                
                                                                                                                                
                                                                                                                                
                                                                                                                                
                                                                                                                                
                                                                                                                                
                                                                                                                                
                                                                                                                                
                                                                                                                                
                                                                                                                                
                                                                                                                                
                                                                                                                                
                                                                                                                                
                                                                                                                                
                                                                                                                                
                                                                                                                                
                                                                                                                                
                                                                                                                                
                                                                                                                                
                                                                                                                                
                                                                                                                                
                                                                                                                                
                                                                                                                                
                                                                                                                                
                                                                                                                                
                                                                                                                                
                                                                                                                                
                                                                                                                                
                                                                                                                                
                                                                                                                                
                                                                                                                                
                                                                                                                                
                                                                                                                                
                                                                                                                                
                                                                                                                                
                                                                                                                                
                                                                                                                                
                                                                                                                                
                                                                                                                                
                                                                                                                                
                                                                                                                                
                                                                                                                                
                                                                                                                                
                                                                                                                                
                                                                                                                                
                                                                                                                                
                                                                                                                                
                                                                                                                                
                                                                                                                                
                                                                                                                                
                                                                                                                                
                                                                                                                                
                                                                                                                                
                                                                                                                                
                                                                                                                                
                                                                                                                                
                                                                                                                                
                                                                                                                                
                                                                                                                                
                                                                                                                                
                                                                                                                                
                                                                                                      ^
UserRegistrationForm.java:1: warning: [deprecation] getText() in JPasswordField has been deprecated
/* * To change this license header, choose License Headers in Project Properties. * To change this template file, choose Tools 
| Templates * and open the template in the editor. */package online.medicine.donation.system;import 
com.mysql.jdbc.Connection;import com.mysql.jdbc.PreparedStatement;import com.toedter.calendar.JDateChooser;import 
java.awt.Color;import java.awt.Container;import java.awt.Cursor;import java.awt.Font;import java.awt.Image;import 
java.awt.event.ActionEvent;import java.awt.event.ActionListener;import java.sql.DriverManager;import java.sql.ResultSet;import 
java.sql.SQLException;import java.text.SimpleDateFormat;import java.util.logging.Level;import java.util.logging.Logger;import 
javax.swing.ButtonGroup;import javax.swing.ImageIcon;import javax.swing.JButton;import javax.swing.JCheckBox;import 
javax.swing.JFrame;import javax.swing.JLabel;import javax.swing.JOptionPane;import javax.swing.JPanel;import 
javax.swing.JPasswordField;import javax.swing.JRadioButton;import javax.swing.JScrollPane;import javax.swing.JTextField;/** * * 
@author Hp */public class UserRegistrationForm extends JFrame{     private JLabel title,imglabel, 
namel,emaill,contactl,locationl, passwordl,confirml,genderl,agel,label2,title1,label;    private JTextField 
nametf,emailtf,contacttf,locationtf,gendertf;     private JDateChooser agetf;      JPasswordField passwordtf,confirmtf;      
private Container c;      private JButton login,clear ,homepage,logout,ngo,user,executive, register,back,reset,admin;      
private Cursor cursor;     private ImageIcon icon;     private JCheckBox showpasscheckbox;      private JRadioButton 
male,female;      private ButtonGroup grp;            Connection con=null;    PreparedStatement pst=null;    ResultSet rs;      
        UserRegistrationForm()     {        initComponents();            }           void initComponents()    {         
this.setDefaultCloseOperation(JFrame.EXIT_ON_CLOSE);        this.setSize(1930, 1030);        this.setTitle("User Registration 
Form");        c = this.getContentPane();        c.setLayout(null);        this.setResizable(false);         
c.setBackground(Color.GRAY);                       Font font = new Font("Arial",Font.BOLD,42);         title = new 
JLabel("MedConnect");        title.setFont(font);        title.setBounds(2, 2, 1930, 80);        
title.setForeground(Color.BLUE);        title.setOpaque(true);        title.setBackground(Color.ORANGE);     c.add(title);      
  label = new JLabel();        label.setBounds(1, 100, 1930, 150);        label.setOpaque(true);        
label.setBackground(Color.MAGENTA);       c.add(label);        Cursor cursor = new Cursor(Cursor.HAND_CURSOR);              
Font font1 = new Font("Arial",Font.BOLD,24);         homepage = new JButton("Home Page");        homepage.setFont(font1);       
        homepage.setBounds(20, 30, 200, 80);                homepage.setCursor(cursor);         label.add(homepage);          
admin = new JButton("Admin");       admin.setFont(font1);        admin.setBounds(221, 30, 200, 80);       
admin.setCursor(cursor);        label.add(admin);        ngo = new JButton("NGO");       ngo.setFont(font1);       
ngo.setBounds(422, 30, 200, 80);       ngo.setCursor(cursor);       label.add(ngo);           executive = new 
JButton("Executive");       executive.setFont(font1);       executive.setBounds(623,30, 200, 80);       
executive.setCursor(cursor);        label.add(executive);                  logout = new JButton("LogOut");       
logout.setFont(font1);        logout.setBounds(824, 30, 200, 80);       logout.setCursor(cursor);        label.add(logout);     
   JPanel panel1 = new JPanel();        panel1.setBounds(1, 260,1900,1380);        c.add(panel1);        JScrollPane scroll = 
new JScrollPane(panel1,JScrollPane.VERTICAL_SCROLLBAR_ALWAYS,JScrollPane.HORIZONTAL_SCROLLBAR_AS_NEEDED);    
scroll.setBounds(1, 260,1910,720);    c.add(scroll);            icon = new ImageIcon(getClass().getResource("medicin.jpeg"));   
   Image img = icon.getImage();        Image newimage = img.getScaledInstance(panel1.getWidth(), panel1.getHeight(), 
Image.SCALE_SMOOTH);       icon = new ImageIcon(newimage);        imglabel = new JLabel(icon);                 
panel1.add(imglabel);                label2 = new JLabel();        label2.setFont(font);       label2.setBounds(480, 2, 1200, 
1280);       label2.setOpaque(true);       label2.setBackground(Color.LIGHT_GRAY);        imglabel.add(label2);                 
 title1 = new JLabel("User Registration Form");        title1.setFont(font1);        title1.setBounds(2, 2,  1380, 60);        
title1.setForeground(Color.BLUE);       title1.setOpaque(true);       title1.setBackground(Color.ORANGE);        
label2.add(title1);        JPanel panel2 = new JPanel();        panel2.setBounds(480, 80,230,230);        
panel2.setBackground(Color.WHITE);        label2.add(panel2);          icon = new 
ImageIcon(getClass().getResource("login.png"));           Image img1 = icon.getImage();           Image newimage1 = 
img1.getScaledInstance(panel2.getWidth(), panel2.getHeight(), Image.SCALE_SMOOTH);       icon = new ImageIcon(newimage1);       
 imglabel = new JLabel(icon);        panel2.add(imglabel);        namel = new JLabel("User Name");        namel.setFont(font1); 
      namel.setBounds(20, 360, 300, 40);        label2.add(namel);         nametf = new JTextField("");        
nametf.setFont(font1);        nametf.setBounds(260, 360, 880, 40);        label2.add(nametf);          genderl  = new 
JLabel("Gender");        genderl.setFont(font1);       genderl.setBounds(20, 410, 300, 40);        label2.add(genderl);         
male = new JRadioButton("Male");      male.setBounds(480, 410, 100, 40);      male.setFont(font1);      label2.add(male);       
female = new JRadioButton("Female");        female.setBounds(780, 410, 130, 40);        female.setFont(font1);      
label2.add(female);         grp = new ButtonGroup();          grp.add(male);          grp.add(female);       agel = new 
JLabel("Date of Birth");        agel.setFont(font1);        agel.setBounds(20,460, 300, 40);       label2.add(agel);         
agetf = new JDateChooser();        agetf.setFont(font1);       agetf.setBounds(260, 460, 880, 40);       label2.add(agetf);     
   emaill = new JLabel("Email");        emaill.setFont(font1);        emaill.setBounds(20, 510, 300, 40);       
label2.add(emaill);         emailtf = new JTextField("");        emailtf.setFont(font1);        emailtf.setBounds(260, 510, 
880, 40);       label2.add(emailtf);         contactl = new JLabel("Contact Number");        contactl.setFont(font1);        
contactl.setBounds(20, 560, 300, 40);       label2.add(contactl);        contacttf = new JTextField("");        
contacttf.setFont(font1);        contacttf.setBounds(260, 560, 880, 40);        label2.add(contacttf);         locationl = new 
JLabel("Location");        locationl.setFont(font1);        locationl.setBounds(20, 610, 300, 40);       label2.add(locationl); 
        locationtf = new JTextField("");        locationtf.setFont(font1);        locationtf.setBounds(260,610, 880, 40);       
label2.add(locationtf);         passwordl = new JLabel("Password");        passwordl.setFont(font1);        
passwordl.setBounds(20, 660, 300, 40);       label2.add(passwordl);          passwordtf = new JPasswordField("");        
passwordtf.setFont(font1);        passwordtf.setBounds(260, 660, 880, 40);         passwordtf.setEchoChar('*');       
label2.add(passwordtf);        confirml = new JLabel("Confirm Password");        confirml.setFont(font1);        
confirml.setBounds(20, 710, 300, 40);       label2.add(confirml);         confirmtf = new JPasswordField("");        
confirmtf.setFont(font1);        confirmtf.setBounds(260,710, 880, 40);         confirmtf.setEchoChar('*');        
label2.add(confirmtf);         showpasscheckbox = new JCheckBox("Show Password");        showpasscheckbox .setBounds(300, 780, 
250, 40);        showpasscheckbox .setFont(font1);       showpasscheckbox .setBackground(Color.LIGHT_GRAY);       
label2.add(showpasscheckbox );       register = new JButton("Register");       register.setFont(font1);            
register.setBounds(250, 900,700, 60);                register.setCursor(cursor);         label2.add(register);         reset = 
new JButton("Reset");       reset.setFont(font1);             reset.setBounds(290, 980, 600, 60);                
reset.setCursor(cursor);         label2.add(reset);        back= new JButton("Back to Login");       back.setFont(font1);       
      back.setBounds(320, 1060, 500, 60);                back.setCursor(cursor);       label2.add(back);                        
          Handler handler = new Handler();         register.addActionListener(handler);        
showpasscheckbox.addActionListener(handler);        reset.addActionListener(handler);        back.addActionListener(handler);   
     homepage.addActionListener(handler);         admin.addActionListener(handler);        ngo.addActionListener(handler);      
  executive.addActionListener(handler);                  logout.addActionListener(handler);            }         class Handler 
implements ActionListener{    public void actionPerformed(ActionEvent ae) {        if(ae.getSource() ==  register){             
String p =passwordtf.getText();          String c = confirmtf.getText();                        if(nametf.getText().isEmpty())  
          {                JOptionPane.showMessageDialog(null, "Please Enter Name","Warning",JOptionPane.ERROR_MESSAGE);        
    }             else if(!male.isSelected() && !female.isSelected())            {                
JOptionPane.showMessageDialog(null, "Please Enter Gender","Warning",JOptionPane.ERROR_MESSAGE);            }             else 
if(agetf.getDate()==null)            {                JOptionPane.showMessageDialog(null, "Please Enter 
Age","Warning",JOptionPane.ERROR_MESSAGE);            }             else if(emailtf.getText().isEmpty())            {           
     JOptionPane.showMessageDialog(null, "Please Enter Email","Warning",JOptionPane.ERROR_MESSAGE);            }                
          else if(contacttf.getText().isEmpty())            {                JOptionPane.showMessageDialog(null, "Please 
Contact Number","Warning",JOptionPane.ERROR_MESSAGE);            }             else if(locationtf.getText().isEmpty())          
  {                JOptionPane.showMessageDialog(null, "Please Enter Location","Warning",JOptionPane.ERROR_MESSAGE);            
}                          else if(passwordtf.getText().isEmpty() || confirmtf.getText().isEmpty()){                  
JOptionPane.showMessageDialog(null, "Please Enter Password or Confirm Password","Warning",JOptionPane.ERROR_MESSAGE);           
  }                          else if(checkusername(nametf.getText() ,emailtf.getText()))                   {                    
              JOptionPane.showMessageDialog(null, "This user name and email already exist");                 }                  
                     else if(!p.equals(c)){                                                   
JOptionPane.showMessageDialog(null, "Password and Confirm Password do not match");                            }                 
       else {                  if(p.equals(c)){                      SimpleDateFormat formate = new 
SimpleDateFormat("dd-MM-YY");                       String bd = formate.format(agetf.getDate());                      String 
sql = "INSERT INTO `userregistration`(`Name`,`Gender`, `Date of Birth`, `Email`, `Contact Number`, `Location`, `Password`)" + 
"VALUES (?,? ,?, ?, ?,?,?)";                                            try{                          con = (Connection) 
DriverManager.getConnection("jdbc:mysql://localhost/MedConnect","root", "");                                                    
pst =  (PreparedStatement) con.prepareStatement(sql);                          pst.setString(1, nametf.getText());              
            if(male.isSelected()){                              pst.setString(2,male.getText());                          }     
                     else{                              pst.setString(2,female.getText());                          }           
               pst.setString(3, bd);                          pst.setString(4, emailtf.getText());                          
pst.setString(5, contacttf.getText());                          pst.setString(6, locationtf.getText());                         
 pst.setString(7, passwordtf.getText());                          pst.executeUpdate();                          con.close();    
                                                                          JOptionPane.showMessageDialog(null, "User 
Registration successfully");                                                }                                            catch 
(SQLException ex) {                                                    JOptionPane.showMessageDialog(null, "User Registration 
unsuccessfully"+ex);                      }                                                              }              }       
   }                                       if(ae.getSource() ==  reset)                    {           nametf.setText("");      
     grp.clearSelection();           agetf.setDateFormatString("");           emailtf.setText("");           
contacttf.setText("");          locationtf.setText("");          passwordtf.setText("");          confirmtf.setText("");        
          }                                                 {            if(showpasscheckbox.isSelected())            {         
       passwordtf.setEchoChar((char)0);                 confirmtf.setEchoChar((char)0);            }            else{           
     passwordtf.setEchoChar('*');               confirmtf.setEchoChar('*');            }        }         
if(ae.getSource()==back){                               setVisible(false);            UserLogin frame = new UserLogin();        
     frame.setVisible(true);                     }       if(ae.getSource()==homepage){                   
homepage.setBackground(Color.LIGHT_GRAY);            setVisible(false);            HomePage frame = new HomePage();             
frame.setVisible(true);                     }          if(ae.getSource()==admin){                        
admin.setBackground(Color.LIGHT_GRAY);            setVisible(false);            Login frame = new Login();             
frame.setVisible(true);             }       if(ae.getSource()==ngo){                   ngo.setBackground(Color.LIGHT_GRAY);     
       setVisible(false);            NGOLogin frame = new NGOLogin();             frame.setVisible(true);                     } 
      if(ae.getSource()==executive){         setVisible(false);            executive.setBackground(Color.LIGHT_GRAY);           
 ExecutiveLogin frame = new ExecutiveLogin();             frame.setVisible(true);       }                             
if(ae.getSource()==logout){                                  System.exit(0);    }                           }     };         
public boolean checkusername(String username, String ema) {    boolean checkuser = false;      boolean email = false;       
Connection con2=null;    PreparedStatement pst2=null;      ResultSet rs;     String sql = "SELECT * FROM `userregistration` 
WHERE `Name` =? AND `Email`=?";              try{              con2 = (Connection) 
DriverManager.getConnection("jdbc:mysql://localhost/MedConnect","root", "");                      pst2 =  (PreparedStatement) 
con2.prepareStatement(sql);            pst2.setString(1, username);                       pst2.setString(2, ema);               
         rs = pst2.executeQuery();                  if(rs.next()){                    checkuser = true;                    
email = true;                                                       }    }        catch (SQLException ex) {             
Logger.getLogger(UserRegistrationForm.class.getName()).log(Level.SEVERE, null, ex);         }         return checkuser && email 
 ;                 }          public static void main(String[] args) {        UserRegistrationForm frame = new 
UserRegistrationForm ();                frame.setVisible(true);    }       }
                                                                                                                                
                                                                                                                                
                                                                                                                                
                                                                                                                                
                                                                                                                                
                                                                                                                                
                                                                                                                                
                                                                                                                                
                                                                                                                                
                                                                                                                                
                                                                                                                                
                                                                                                                                
                                                                                                                                
                                                                                                                                
                                                                                                                                
                                                                                                                                
                                                                                                                                
                                                                                                                                
                                                                                                                                
                                                                                                                                
                                                                                                                                
                                                                                                                                
                                                                                                                                
                                                                                                                                
                                                                                                                                
                                                                                                                                
                                                                                                                                
                                                                                                                                
                                                                                                                                
                                                                                                                                
                                                                                                                                
                                                                                                                                
                                                                                                                                
                                                                                                                                
                                                                                                                                
                                                                                                                                
                                                                                                                                
                                                                                                                                
                                                                                                                                
                                                                                                                                
                                                                                                                                
                                                                                                                                
                                                                                                                                
                                                                                                                                
                                                                                                                                
                                                                                                                                
                                                                                                                                
                                                                                                                                
                                                                                                                                
                                                                                                                                
                                                                                                                                
                                                                                                                                
                                                                                                                                
                                                                                                                                
                                                                                                                                
                                                                                                                                
                                                                                                                                
                                                                                                                                
                                                                                                                                
                                                                                                                                
                                                                                                                                
                                                                                                                                
                                                                                                                                
                                                                                                                                
                                                                                                                                
                                                                                                                                
                                                                                                                                
                                                                                                                                
                                                                                                                                
                                                                                                                                
                                                                                                                                
                                                                                                                                
                                          ^
UserRegistrationForm.java:1: warning: [deprecation] getText() in JPasswordField has been deprecated
/* * To change this license header, choose License Headers in Project Properties. * To change this template file, choose Tools 
| Templates * and open the template in the editor. */package online.medicine.donation.system;import 
com.mysql.jdbc.Connection;import com.mysql.jdbc.PreparedStatement;import com.toedter.calendar.JDateChooser;import 
java.awt.Color;import java.awt.Container;import java.awt.Cursor;import java.awt.Font;import java.awt.Image;import 
java.awt.event.ActionEvent;import java.awt.event.ActionListener;import java.sql.DriverManager;import java.sql.ResultSet;import 
java.sql.SQLException;import java.text.SimpleDateFormat;import java.util.logging.Level;import java.util.logging.Logger;import 
javax.swing.ButtonGroup;import javax.swing.ImageIcon;import javax.swing.JButton;import javax.swing.JCheckBox;import 
javax.swing.JFrame;import javax.swing.JLabel;import javax.swing.JOptionPane;import javax.swing.JPanel;import 
javax.swing.JPasswordField;import javax.swing.JRadioButton;import javax.swing.JScrollPane;import javax.swing.JTextField;/** * * 
@author Hp */public class UserRegistrationForm extends JFrame{     private JLabel title,imglabel, 
namel,emaill,contactl,locationl, passwordl,confirml,genderl,agel,label2,title1,label;    private JTextField 
nametf,emailtf,contacttf,locationtf,gendertf;     private JDateChooser agetf;      JPasswordField passwordtf,confirmtf;      
private Container c;      private JButton login,clear ,homepage,logout,ngo,user,executive, register,back,reset,admin;      
private Cursor cursor;     private ImageIcon icon;     private JCheckBox showpasscheckbox;      private JRadioButton 
male,female;      private ButtonGroup grp;            Connection con=null;    PreparedStatement pst=null;    ResultSet rs;      
        UserRegistrationForm()     {        initComponents();            }           void initComponents()    {         
this.setDefaultCloseOperation(JFrame.EXIT_ON_CLOSE);        this.setSize(1930, 1030);        this.setTitle("User Registration 
Form");        c = this.getContentPane();        c.setLayout(null);        this.setResizable(false);         
c.setBackground(Color.GRAY);                       Font font = new Font("Arial",Font.BOLD,42);         title = new 
JLabel("MedConnect");        title.setFont(font);        title.setBounds(2, 2, 1930, 80);        
title.setForeground(Color.BLUE);        title.setOpaque(true);        title.setBackground(Color.ORANGE);     c.add(title);      
  label = new JLabel();        label.setBounds(1, 100, 1930, 150);        label.setOpaque(true);        
label.setBackground(Color.MAGENTA);       c.add(label);        Cursor cursor = new Cursor(Cursor.HAND_CURSOR);              
Font font1 = new Font("Arial",Font.BOLD,24);         homepage = new JButton("Home Page");        homepage.setFont(font1);       
        homepage.setBounds(20, 30, 200, 80);                homepage.setCursor(cursor);         label.add(homepage);          
admin = new JButton("Admin");       admin.setFont(font1);        admin.setBounds(221, 30, 200, 80);       
admin.setCursor(cursor);        label.add(admin);        ngo = new JButton("NGO");       ngo.setFont(font1);       
ngo.setBounds(422, 30, 200, 80);       ngo.setCursor(cursor);       label.add(ngo);           executive = new 
JButton("Executive");       executive.setFont(font1);       executive.setBounds(623,30, 200, 80);       
executive.setCursor(cursor);        label.add(executive);                  logout = new JButton("LogOut");       
logout.setFont(font1);        logout.setBounds(824, 30, 200, 80);       logout.setCursor(cursor);        label.add(logout);     
   JPanel panel1 = new JPanel();        panel1.setBounds(1, 260,1900,1380);        c.add(panel1);        JScrollPane scroll = 
new JScrollPane(panel1,JScrollPane.VERTICAL_SCROLLBAR_ALWAYS,JScrollPane.HORIZONTAL_SCROLLBAR_AS_NEEDED);    
scroll.setBounds(1, 260,1910,720);    c.add(scroll);            icon = new ImageIcon(getClass().getResource("medicin.jpeg"));   
   Image img = icon.getImage();        Image newimage = img.getScaledInstance(panel1.getWidth(), panel1.getHeight(), 
Image.SCALE_SMOOTH);       icon = new ImageIcon(newimage);        imglabel = new JLabel(icon);                 
panel1.add(imglabel);                label2 = new JLabel();        label2.setFont(font);       label2.setBounds(480, 2, 1200, 
1280);       label2.setOpaque(true);       label2.setBackground(Color.LIGHT_GRAY);        imglabel.add(label2);                 
 title1 = new JLabel("User Registration Form");        title1.setFont(font1);        title1.setBounds(2, 2,  1380, 60);        
title1.setForeground(Color.BLUE);       title1.setOpaque(true);       title1.setBackground(Color.ORANGE);        
label2.add(title1);        JPanel panel2 = new JPanel();        panel2.setBounds(480, 80,230,230);        
panel2.setBackground(Color.WHITE);        label2.add(panel2);          icon = new 
ImageIcon(getClass().getResource("login.png"));           Image img1 = icon.getImage();           Image newimage1 = 
img1.getScaledInstance(panel2.getWidth(), panel2.getHeight(), Image.SCALE_SMOOTH);       icon = new ImageIcon(newimage1);       
 imglabel = new JLabel(icon);        panel2.add(imglabel);        namel = new JLabel("User Name");        namel.setFont(font1); 
      namel.setBounds(20, 360, 300, 40);        label2.add(namel);         nametf = new JTextField("");        
nametf.setFont(font1);        nametf.setBounds(260, 360, 880, 40);        label2.add(nametf);          genderl  = new 
JLabel("Gender");        genderl.setFont(font1);       genderl.setBounds(20, 410, 300, 40);        label2.add(genderl);         
male = new JRadioButton("Male");      male.setBounds(480, 410, 100, 40);      male.setFont(font1);      label2.add(male);       
female = new JRadioButton("Female");        female.setBounds(780, 410, 130, 40);        female.setFont(font1);      
label2.add(female);         grp = new ButtonGroup();          grp.add(male);          grp.add(female);       agel = new 
JLabel("Date of Birth");        agel.setFont(font1);        agel.setBounds(20,460, 300, 40);       label2.add(agel);         
agetf = new JDateChooser();        agetf.setFont(font1);       agetf.setBounds(260, 460, 880, 40);       label2.add(agetf);     
   emaill = new JLabel("Email");        emaill.setFont(font1);        emaill.setBounds(20, 510, 300, 40);       
label2.add(emaill);         emailtf = new JTextField("");        emailtf.setFont(font1);        emailtf.setBounds(260, 510, 
880, 40);       label2.add(emailtf);         contactl = new JLabel("Contact Number");        contactl.setFont(font1);        
contactl.setBounds(20, 560, 300, 40);       label2.add(contactl);        contacttf = new JTextField("");        
contacttf.setFont(font1);        contacttf.setBounds(260, 560, 880, 40);        label2.add(contacttf);         locationl = new 
JLabel("Location");        locationl.setFont(font1);        locationl.setBounds(20, 610, 300, 40);       label2.add(locationl); 
        locationtf = new JTextField("");        locationtf.setFont(font1);        locationtf.setBounds(260,610, 880, 40);       
label2.add(locationtf);         passwordl = new JLabel("Password");        passwordl.setFont(font1);        
passwordl.setBounds(20, 660, 300, 40);       label2.add(passwordl);          passwordtf = new JPasswordField("");        
passwordtf.setFont(font1);        passwordtf.setBounds(260, 660, 880, 40);         passwordtf.setEchoChar('*');       
label2.add(passwordtf);        confirml = new JLabel("Confirm Password");        confirml.setFont(font1);        
confirml.setBounds(20, 710, 300, 40);       label2.add(confirml);         confirmtf = new JPasswordField("");        
confirmtf.setFont(font1);        confirmtf.setBounds(260,710, 880, 40);         confirmtf.setEchoChar('*');        
label2.add(confirmtf);         showpasscheckbox = new JCheckBox("Show Password");        showpasscheckbox .setBounds(300, 780, 
250, 40);        showpasscheckbox .setFont(font1);       showpasscheckbox .setBackground(Color.LIGHT_GRAY);       
label2.add(showpasscheckbox );       register = new JButton("Register");       register.setFont(font1);            
register.setBounds(250, 900,700, 60);                register.setCursor(cursor);         label2.add(register);         reset = 
new JButton("Reset");       reset.setFont(font1);             reset.setBounds(290, 980, 600, 60);                
reset.setCursor(cursor);         label2.add(reset);        back= new JButton("Back to Login");       back.setFont(font1);       
      back.setBounds(320, 1060, 500, 60);                back.setCursor(cursor);       label2.add(back);                        
          Handler handler = new Handler();         register.addActionListener(handler);        
showpasscheckbox.addActionListener(handler);        reset.addActionListener(handler);        back.addActionListener(handler);   
     homepage.addActionListener(handler);         admin.addActionListener(handler);        ngo.addActionListener(handler);      
  executive.addActionListener(handler);                  logout.addActionListener(handler);            }         class Handler 
implements ActionListener{    public void actionPerformed(ActionEvent ae) {        if(ae.getSource() ==  register){             
String p =passwordtf.getText();          String c = confirmtf.getText();                        if(nametf.getText().isEmpty())  
          {                JOptionPane.showMessageDialog(null, "Please Enter Name","Warning",JOptionPane.ERROR_MESSAGE);        
    }             else if(!male.isSelected() && !female.isSelected())            {                
JOptionPane.showMessageDialog(null, "Please Enter Gender","Warning",JOptionPane.ERROR_MESSAGE);            }             else 
if(agetf.getDate()==null)            {                JOptionPane.showMessageDialog(null, "Please Enter 
Age","Warning",JOptionPane.ERROR_MESSAGE);            }             else if(emailtf.getText().isEmpty())            {           
     JOptionPane.showMessageDialog(null, "Please Enter Email","Warning",JOptionPane.ERROR_MESSAGE);            }                
          else if(contacttf.getText().isEmpty())            {                JOptionPane.showMessageDialog(null, "Please 
Contact Number","Warning",JOptionPane.ERROR_MESSAGE);            }             else if(locationtf.getText().isEmpty())          
  {                JOptionPane.showMessageDialog(null, "Please Enter Location","Warning",JOptionPane.ERROR_MESSAGE);            
}                          else if(passwordtf.getText().isEmpty() || confirmtf.getText().isEmpty()){                  
JOptionPane.showMessageDialog(null, "Please Enter Password or Confirm Password","Warning",JOptionPane.ERROR_MESSAGE);           
  }                          else if(checkusername(nametf.getText() ,emailtf.getText()))                   {                    
              JOptionPane.showMessageDialog(null, "This user name and email already exist");                 }                  
                     else if(!p.equals(c)){                                                   
JOptionPane.showMessageDialog(null, "Password and Confirm Password do not match");                            }                 
       else {                  if(p.equals(c)){                      SimpleDateFormat formate = new 
SimpleDateFormat("dd-MM-YY");                       String bd = formate.format(agetf.getDate());                      String 
sql = "INSERT INTO `userregistration`(`Name`,`Gender`, `Date of Birth`, `Email`, `Contact Number`, `Location`, `Password`)" + 
"VALUES (?,? ,?, ?, ?,?,?)";                                            try{                          con = (Connection) 
DriverManager.getConnection("jdbc:mysql://localhost/MedConnect","root", "");                                                    
pst =  (PreparedStatement) con.prepareStatement(sql);                          pst.setString(1, nametf.getText());              
            if(male.isSelected()){                              pst.setString(2,male.getText());                          }     
                     else{                              pst.setString(2,female.getText());                          }           
               pst.setString(3, bd);                          pst.setString(4, emailtf.getText());                          
pst.setString(5, contacttf.getText());                          pst.setString(6, locationtf.getText());                         
 pst.setString(7, passwordtf.getText());                          pst.executeUpdate();                          con.close();    
                                                                          JOptionPane.showMessageDialog(null, "User 
Registration successfully");                                                }                                            catch 
(SQLException ex) {                                                    JOptionPane.showMessageDialog(null, "User Registration 
unsuccessfully"+ex);                      }                                                              }              }       
   }                                       if(ae.getSource() ==  reset)                    {           nametf.setText("");      
     grp.clearSelection();           agetf.setDateFormatString("");           emailtf.setText("");           
contacttf.setText("");          locationtf.setText("");          passwordtf.setText("");          confirmtf.setText("");        
          }                                                 {            if(showpasscheckbox.isSelected())            {         
       passwordtf.setEchoChar((char)0);                 confirmtf.setEchoChar((char)0);            }            else{           
     passwordtf.setEchoChar('*');               confirmtf.setEchoChar('*');            }        }         
if(ae.getSource()==back){                               setVisible(false);            UserLogin frame = new UserLogin();        
     frame.setVisible(true);                     }       if(ae.getSource()==homepage){                   
homepage.setBackground(Color.LIGHT_GRAY);            setVisible(false);            HomePage frame = new HomePage();             
frame.setVisible(true);                     }          if(ae.getSource()==admin){                        
admin.setBackground(Color.LIGHT_GRAY);            setVisible(false);            Login frame = new Login();             
frame.setVisible(true);             }       if(ae.getSource()==ngo){                   ngo.setBackground(Color.LIGHT_GRAY);     
       setVisible(false);            NGOLogin frame = new NGOLogin();             frame.setVisible(true);                     } 
      if(ae.getSource()==executive){         setVisible(false);            executive.setBackground(Color.LIGHT_GRAY);           
 ExecutiveLogin frame = new ExecutiveLogin();             frame.setVisible(true);       }                             
if(ae.getSource()==logout){                                  System.exit(0);    }                           }     };         
public boolean checkusername(String username, String ema) {    boolean checkuser = false;      boolean email = false;       
Connection con2=null;    PreparedStatement pst2=null;      ResultSet rs;     String sql = "SELECT * FROM `userregistration` 
WHERE `Name` =? AND `Email`=?";              try{              con2 = (Connection) 
DriverManager.getConnection("jdbc:mysql://localhost/MedConnect","root", "");                      pst2 =  (PreparedStatement) 
con2.prepareStatement(sql);            pst2.setString(1, username);                       pst2.setString(2, ema);               
         rs = pst2.executeQuery();                  if(rs.next()){                    checkuser = true;                    
email = true;                                                       }    }        catch (SQLException ex) {             
Logger.getLogger(UserRegistrationForm.class.getName()).log(Level.SEVERE, null, ex);         }         return checkuser && email 
 ;                 }          public static void main(String[] args) {        UserRegistrationForm frame = new 
UserRegistrationForm ();                frame.setVisible(true);    }       }
                                                                                                                                
                                                                                                                                
                                                                                                                                
                                                                                                                                
                                                                                                                                
                                                                                                                                
                                                                                                                                
                                                                                                                                
                                                                                                                                
                                                                                                                                
                                                                                                                                
                                                                                                                                
                                                                                                                                
                                                                                                                                
                                                                                                                                
                                                                                                                                
                                                                                                                                
                                                                                                                                
                                                                                                                                
                                                                                                                                
                                                                                                                                
                                                                                                                                
                                                                                                                                
                                                                                                                                
                                                                                                                                
                                                                                                                                
                                                                                                                                
                                                                                                                                
                                                                                                                                
                                                                                                                                
                                                                                                                                
                                                                                                                                
                                                                                                                                
                                                                                                                                
                                                                                                                                
                                                                                                                                
                                                                                                                                
                                                                                                                                
                                                                                                                                
                                                                                                                                
                                                                                                                                
                                                                                                                                
                                                                                                                                
                                                                                                                                
                                                                                                                                
                                                                                                                                
                                                                                                                                
                                                                                                                                
                                                                                                                                
                                                                                                                                
                                                                                                                                
                                                                                                                                
                                                                                                                                
                                                                                                                                
                                                                                                                                
                                                                                                                                
                                                                                                                                
                                                                                                                                
                                                                                                                                
                                                                                                                                
                                                                                                                                
                                                                                                                                
                                                                                                                                
                                                                                                                                
                                                                                                                                
                                                                                                                                
                                                                                                                                
                                                                                                                                
                                                                                                                                
                                                                                                                                
                                                                                                                                
                                                                                                                                
                                                                                   ^
UserRegistrationForm.java:1: warning: [deprecation] getText() in JPasswordField has been deprecated
/* * To change this license header, choose License Headers in Project Properties. * To change this template file, choose Tools 
| Templates * and open the template in the editor. */package online.medicine.donation.system;import 
com.mysql.jdbc.Connection;import com.mysql.jdbc.PreparedStatement;import com.toedter.calendar.JDateChooser;import 
java.awt.Color;import java.awt.Container;import java.awt.Cursor;import java.awt.Font;import java.awt.Image;import 
java.awt.event.ActionEvent;import java.awt.event.ActionListener;import java.sql.DriverManager;import java.sql.ResultSet;import 
java.sql.SQLException;import java.text.SimpleDateFormat;import java.util.logging.Level;import java.util.logging.Logger;import 
javax.swing.ButtonGroup;import javax.swing.ImageIcon;import javax.swing.JButton;import javax.swing.JCheckBox;import 
javax.swing.JFrame;import javax.swing.JLabel;import javax.swing.JOptionPane;import javax.swing.JPanel;import 
javax.swing.JPasswordField;import javax.swing.JRadioButton;import javax.swing.JScrollPane;import javax.swing.JTextField;/** * * 
@author Hp */public class UserRegistrationForm extends JFrame{     private JLabel title,imglabel, 
namel,emaill,contactl,locationl, passwordl,confirml,genderl,agel,label2,title1,label;    private JTextField 
nametf,emailtf,contacttf,locationtf,gendertf;     private JDateChooser agetf;      JPasswordField passwordtf,confirmtf;      
private Container c;      private JButton login,clear ,homepage,logout,ngo,user,executive, register,back,reset,admin;      
private Cursor cursor;     private ImageIcon icon;     private JCheckBox showpasscheckbox;      private JRadioButton 
male,female;      private ButtonGroup grp;            Connection con=null;    PreparedStatement pst=null;    ResultSet rs;      
        UserRegistrationForm()     {        initComponents();            }           void initComponents()    {         
this.setDefaultCloseOperation(JFrame.EXIT_ON_CLOSE);        this.setSize(1930, 1030);        this.setTitle("User Registration 
Form");        c = this.getContentPane();        c.setLayout(null);        this.setResizable(false);         
c.setBackground(Color.GRAY);                       Font font = new Font("Arial",Font.BOLD,42);         title = new 
JLabel("MedConnect");        title.setFont(font);        title.setBounds(2, 2, 1930, 80);        
title.setForeground(Color.BLUE);        title.setOpaque(true);        title.setBackground(Color.ORANGE);     c.add(title);      
  label = new JLabel();        label.setBounds(1, 100, 1930, 150);        label.setOpaque(true);        
label.setBackground(Color.MAGENTA);       c.add(label);        Cursor cursor = new Cursor(Cursor.HAND_CURSOR);              
Font font1 = new Font("Arial",Font.BOLD,24);         homepage = new JButton("Home Page");        homepage.setFont(font1);       
        homepage.setBounds(20, 30, 200, 80);                homepage.setCursor(cursor);         label.add(homepage);          
admin = new JButton("Admin");       admin.setFont(font1);        admin.setBounds(221, 30, 200, 80);       
admin.setCursor(cursor);        label.add(admin);        ngo = new JButton("NGO");       ngo.setFont(font1);       
ngo.setBounds(422, 30, 200, 80);       ngo.setCursor(cursor);       label.add(ngo);           executive = new 
JButton("Executive");       executive.setFont(font1);       executive.setBounds(623,30, 200, 80);       
executive.setCursor(cursor);        label.add(executive);                  logout = new JButton("LogOut");       
logout.setFont(font1);        logout.setBounds(824, 30, 200, 80);       logout.setCursor(cursor);        label.add(logout);     
   JPanel panel1 = new JPanel();        panel1.setBounds(1, 260,1900,1380);        c.add(panel1);        JScrollPane scroll = 
new JScrollPane(panel1,JScrollPane.VERTICAL_SCROLLBAR_ALWAYS,JScrollPane.HORIZONTAL_SCROLLBAR_AS_NEEDED);    
scroll.setBounds(1, 260,1910,720);    c.add(scroll);            icon = new ImageIcon(getClass().getResource("medicin.jpeg"));   
   Image img = icon.getImage();        Image newimage = img.getScaledInstance(panel1.getWidth(), panel1.getHeight(), 
Image.SCALE_SMOOTH);       icon = new ImageIcon(newimage);        imglabel = new JLabel(icon);                 
panel1.add(imglabel);                label2 = new JLabel();        label2.setFont(font);       label2.setBounds(480, 2, 1200, 
1280);       label2.setOpaque(true);       label2.setBackground(Color.LIGHT_GRAY);        imglabel.add(label2);                 
 title1 = new JLabel("User Registration Form");        title1.setFont(font1);        title1.setBounds(2, 2,  1380, 60);        
title1.setForeground(Color.BLUE);       title1.setOpaque(true);       title1.setBackground(Color.ORANGE);        
label2.add(title1);        JPanel panel2 = new JPanel();        panel2.setBounds(480, 80,230,230);        
panel2.setBackground(Color.WHITE);        label2.add(panel2);          icon = new 
ImageIcon(getClass().getResource("login.png"));           Image img1 = icon.getImage();           Image newimage1 = 
img1.getScaledInstance(panel2.getWidth(), panel2.getHeight(), Image.SCALE_SMOOTH);       icon = new ImageIcon(newimage1);       
 imglabel = new JLabel(icon);        panel2.add(imglabel);        namel = new JLabel("User Name");        namel.setFont(font1); 
      namel.setBounds(20, 360, 300, 40);        label2.add(namel);         nametf = new JTextField("");        
nametf.setFont(font1);        nametf.setBounds(260, 360, 880, 40);        label2.add(nametf);          genderl  = new 
JLabel("Gender");        genderl.setFont(font1);       genderl.setBounds(20, 410, 300, 40);        label2.add(genderl);         
male = new JRadioButton("Male");      male.setBounds(480, 410, 100, 40);      male.setFont(font1);      label2.add(male);       
female = new JRadioButton("Female");        female.setBounds(780, 410, 130, 40);        female.setFont(font1);      
label2.add(female);         grp = new ButtonGroup();          grp.add(male);          grp.add(female);       agel = new 
JLabel("Date of Birth");        agel.setFont(font1);        agel.setBounds(20,460, 300, 40);       label2.add(agel);         
agetf = new JDateChooser();        agetf.setFont(font1);       agetf.setBounds(260, 460, 880, 40);       label2.add(agetf);     
   emaill = new JLabel("Email");        emaill.setFont(font1);        emaill.setBounds(20, 510, 300, 40);       
label2.add(emaill);         emailtf = new JTextField("");        emailtf.setFont(font1);        emailtf.setBounds(260, 510, 
880, 40);       label2.add(emailtf);         contactl = new JLabel("Contact Number");        contactl.setFont(font1);        
contactl.setBounds(20, 560, 300, 40);       label2.add(contactl);        contacttf = new JTextField("");        
contacttf.setFont(font1);        contacttf.setBounds(260, 560, 880, 40);        label2.add(contacttf);         locationl = new 
JLabel("Location");        locationl.setFont(font1);        locationl.setBounds(20, 610, 300, 40);       label2.add(locationl); 
        locationtf = new JTextField("");        locationtf.setFont(font1);        locationtf.setBounds(260,610, 880, 40);       
label2.add(locationtf);         passwordl = new JLabel("Password");        passwordl.setFont(font1);        
passwordl.setBounds(20, 660, 300, 40);       label2.add(passwordl);          passwordtf = new JPasswordField("");        
passwordtf.setFont(font1);        passwordtf.setBounds(260, 660, 880, 40);         passwordtf.setEchoChar('*');       
label2.add(passwordtf);        confirml = new JLabel("Confirm Password");        confirml.setFont(font1);        
confirml.setBounds(20, 710, 300, 40);       label2.add(confirml);         confirmtf = new JPasswordField("");        
confirmtf.setFont(font1);        confirmtf.setBounds(260,710, 880, 40);         confirmtf.setEchoChar('*');        
label2.add(confirmtf);         showpasscheckbox = new JCheckBox("Show Password");        showpasscheckbox .setBounds(300, 780, 
250, 40);        showpasscheckbox .setFont(font1);       showpasscheckbox .setBackground(Color.LIGHT_GRAY);       
label2.add(showpasscheckbox );       register = new JButton("Register");       register.setFont(font1);            
register.setBounds(250, 900,700, 60);                register.setCursor(cursor);         label2.add(register);         reset = 
new JButton("Reset");       reset.setFont(font1);             reset.setBounds(290, 980, 600, 60);                
reset.setCursor(cursor);         label2.add(reset);        back= new JButton("Back to Login");       back.setFont(font1);       
      back.setBounds(320, 1060, 500, 60);                back.setCursor(cursor);       label2.add(back);                        
          Handler handler = new Handler();         register.addActionListener(handler);        
showpasscheckbox.addActionListener(handler);        reset.addActionListener(handler);        back.addActionListener(handler);   
     homepage.addActionListener(handler);         admin.addActionListener(handler);        ngo.addActionListener(handler);      
  executive.addActionListener(handler);                  logout.addActionListener(handler);            }         class Handler 
implements ActionListener{    public void actionPerformed(ActionEvent ae) {        if(ae.getSource() ==  register){             
String p =passwordtf.getText();          String c = confirmtf.getText();                        if(nametf.getText().isEmpty())  
          {                JOptionPane.showMessageDialog(null, "Please Enter Name","Warning",JOptionPane.ERROR_MESSAGE);        
    }             else if(!male.isSelected() && !female.isSelected())            {                
JOptionPane.showMessageDialog(null, "Please Enter Gender","Warning",JOptionPane.ERROR_MESSAGE);            }             else 
if(agetf.getDate()==null)            {                JOptionPane.showMessageDialog(null, "Please Enter 
Age","Warning",JOptionPane.ERROR_MESSAGE);            }             else if(emailtf.getText().isEmpty())            {           
     JOptionPane.showMessageDialog(null, "Please Enter Email","Warning",JOptionPane.ERROR_MESSAGE);            }                
          else if(contacttf.getText().isEmpty())            {                JOptionPane.showMessageDialog(null, "Please 
Contact Number","Warning",JOptionPane.ERROR_MESSAGE);            }             else if(locationtf.getText().isEmpty())          
  {                JOptionPane.showMessageDialog(null, "Please Enter Location","Warning",JOptionPane.ERROR_MESSAGE);            
}                          else if(passwordtf.getText().isEmpty() || confirmtf.getText().isEmpty()){                  
JOptionPane.showMessageDialog(null, "Please Enter Password or Confirm Password","Warning",JOptionPane.ERROR_MESSAGE);           
  }                          else if(checkusername(nametf.getText() ,emailtf.getText()))                   {                    
              JOptionPane.showMessageDialog(null, "This user name and email already exist");                 }                  
                     else if(!p.equals(c)){                                                   
JOptionPane.showMessageDialog(null, "Password and Confirm Password do not match");                            }                 
       else {                  if(p.equals(c)){                      SimpleDateFormat formate = new 
SimpleDateFormat("dd-MM-YY");                       String bd = formate.format(agetf.getDate());                      String 
sql = "INSERT INTO `userregistration`(`Name`,`Gender`, `Date of Birth`, `Email`, `Contact Number`, `Location`, `Password`)" + 
"VALUES (?,? ,?, ?, ?,?,?)";                                            try{                          con = (Connection) 
DriverManager.getConnection("jdbc:mysql://localhost/MedConnect","root", "");                                                    
pst =  (PreparedStatement) con.prepareStatement(sql);                          pst.setString(1, nametf.getText());              
            if(male.isSelected()){                              pst.setString(2,male.getText());                          }     
                     else{                              pst.setString(2,female.getText());                          }           
               pst.setString(3, bd);                          pst.setString(4, emailtf.getText());                          
pst.setString(5, contacttf.getText());                          pst.setString(6, locationtf.getText());                         
 pst.setString(7, passwordtf.getText());                          pst.executeUpdate();                          con.close();    
                                                                          JOptionPane.showMessageDialog(null, "User 
Registration successfully");                                                }                                            catch 
(SQLException ex) {                                                    JOptionPane.showMessageDialog(null, "User Registration 
unsuccessfully"+ex);                      }                                                              }              }       
   }                                       if(ae.getSource() ==  reset)                    {           nametf.setText("");      
     grp.clearSelection();           agetf.setDateFormatString("");           emailtf.setText("");           
contacttf.setText("");          locationtf.setText("");          passwordtf.setText("");          confirmtf.setText("");        
          }                                                 {            if(showpasscheckbox.isSelected())            {         
       passwordtf.setEchoChar((char)0);                 confirmtf.setEchoChar((char)0);            }            else{           
     passwordtf.setEchoChar('*');               confirmtf.setEchoChar('*');            }        }         
if(ae.getSource()==back){                               setVisible(false);            UserLogin frame = new UserLogin();        
     frame.setVisible(true);                     }       if(ae.getSource()==homepage){                   
homepage.setBackground(Color.LIGHT_GRAY);            setVisible(false);            HomePage frame = new HomePage();             
frame.setVisible(true);                     }          if(ae.getSource()==admin){                        
admin.setBackground(Color.LIGHT_GRAY);            setVisible(false);            Login frame = new Login();             
frame.setVisible(true);             }       if(ae.getSource()==ngo){                   ngo.setBackground(Color.LIGHT_GRAY);     
       setVisible(false);            NGOLogin frame = new NGOLogin();             frame.setVisible(true);                     } 
      if(ae.getSource()==executive){         setVisible(false);            executive.setBackground(Color.LIGHT_GRAY);           
 ExecutiveLogin frame = new ExecutiveLogin();             frame.setVisible(true);       }                             
if(ae.getSource()==logout){                                  System.exit(0);    }                           }     };         
public boolean checkusername(String username, String ema) {    boolean checkuser = false;      boolean email = false;       
Connection con2=null;    PreparedStatement pst2=null;      ResultSet rs;     String sql = "SELECT * FROM `userregistration` 
WHERE `Name` =? AND `Email`=?";              try{              con2 = (Connection) 
DriverManager.getConnection("jdbc:mysql://localhost/MedConnect","root", "");                      pst2 =  (PreparedStatement) 
con2.prepareStatement(sql);            pst2.setString(1, username);                       pst2.setString(2, ema);               
         rs = pst2.executeQuery();                  if(rs.next()){                    checkuser = true;                    
email = true;                                                       }    }        catch (SQLException ex) {             
Logger.getLogger(UserRegistrationForm.class.getName()).log(Level.SEVERE, null, ex);         }         return checkuser && email 
 ;                 }          public static void main(String[] args) {        UserRegistrationForm frame = new 
UserRegistrationForm ();                frame.setVisible(true);    }       }
                                                                                                                                
                                                                                                                                
                                                                                                                                
                                                                                                                                
                                                                                                                                
                                                                                                                                
                                                                                                                                
                                                                                                                                
                                                                                                                                
                                                                                                                                
                                                                                                                                
                                                                                                                                
                                                                                                                                
                                                                                                                                
                                                                                                                                
                                                                                                                                
                                                                                                                                
                                                                                                                                
                                                                                                                                
                                                                                                                                
                                                                                                                                
                                                                                                                                
                                                                                                                                
                                                                                                                                
                                                                                                                                
                                                                                                                                
                                                                                                                                
                                                                                                                                
                                                                                                                                
                                                                                                                                
                                                                                                                                
                                                                                                                                
                                                                                                                                
                                                                                                                                
                                                                                                                                
                                                                                                                                
                                                                                                                                
                                                                                                                                
                                                                                                                                
                                                                                                                                
                                                                                                                                
                                                                                                                                
                                                                                                                                
                                                                                                                                
                                                                                                                                
                                                                                                                                
                                                                                                                                
                                                                                                                                
                                                                                                                                
                                                                                                                                
                                                                                                                                
                                                                                                                                
                                                                                                                                
                                                                                                                                
                                                                                                                                
                                                                                                                                
                                                                                                                                
                                                                                                                                
                                                                                                                                
                                                                                                                                
                                                                                                                                
                                                                                                                                
                                                                                                                                
                                                                                                                                
                                                                                                                                
                                                                                                                                
                                                                                                                                
                                                                                                                                
                                                                                                                                
                                                                                                                                
                                                                                                                                
                                                                                                                                
                                                                                                                                
                                                                                                                                
                                                                                                                                
                                                                                                                                
                                                                                                                                
                                                                                                                                
                                                                                                                                
                                                                                                                                
                                                                                                                                
                                                                                                                                
    ^
UserRegistrationForm.java:1: warning: [deprecation] getText() in JPasswordField has been deprecated
/* * To change this license header, choose License Headers in Project Properties. * To change this template file, choose Tools 
| Templates * and open the template in the editor. */package online.medicine.donation.system;import 
com.mysql.jdbc.Connection;import com.mysql.jdbc.PreparedStatement;import com.toedter.calendar.JDateChooser;import 
java.awt.Color;import java.awt.Container;import java.awt.Cursor;import java.awt.Font;import java.awt.Image;import 
java.awt.event.ActionEvent;import java.awt.event.ActionListener;import java.sql.DriverManager;import java.sql.ResultSet;import 
java.sql.SQLException;import java.text.SimpleDateFormat;import java.util.logging.Level;import java.util.logging.Logger;import 
javax.swing.ButtonGroup;import javax.swing.ImageIcon;import javax.swing.JButton;import javax.swing.JCheckBox;import 
javax.swing.JFrame;import javax.swing.JLabel;import javax.swing.JOptionPane;import javax.swing.JPanel;import 
javax.swing.JPasswordField;import javax.swing.JRadioButton;import javax.swing.JScrollPane;import javax.swing.JTextField;/** * * 
@author Hp */public class UserRegistrationForm extends JFrame{     private JLabel title,imglabel, 
namel,emaill,contactl,locationl, passwordl,confirml,genderl,agel,label2,title1,label;    private JTextField 
nametf,emailtf,contacttf,locationtf,gendertf;     private JDateChooser agetf;      JPasswordField passwordtf,confirmtf;      
private Container c;      private JButton login,clear ,homepage,logout,ngo,user,executive, register,back,reset,admin;      
private Cursor cursor;     private ImageIcon icon;     private JCheckBox showpasscheckbox;      private JRadioButton 
male,female;      private ButtonGroup grp;            Connection con=null;    PreparedStatement pst=null;    ResultSet rs;      
        UserRegistrationForm()     {        initComponents();            }           void initComponents()    {         
this.setDefaultCloseOperation(JFrame.EXIT_ON_CLOSE);        this.setSize(1930, 1030);        this.setTitle("User Registration 
Form");        c = this.getContentPane();        c.setLayout(null);        this.setResizable(false);         
c.setBackground(Color.GRAY);                       Font font = new Font("Arial",Font.BOLD,42);         title = new 
JLabel("MedConnect");        title.setFont(font);        title.setBounds(2, 2, 1930, 80);        
title.setForeground(Color.BLUE);        title.setOpaque(true);        title.setBackground(Color.ORANGE);     c.add(title);      
  label = new JLabel();        label.setBounds(1, 100, 1930, 150);        label.setOpaque(true);        
label.setBackground(Color.MAGENTA);       c.add(label);        Cursor cursor = new Cursor(Cursor.HAND_CURSOR);              
Font font1 = new Font("Arial",Font.BOLD,24);         homepage = new JButton("Home Page");        homepage.setFont(font1);       
        homepage.setBounds(20, 30, 200, 80);                homepage.setCursor(cursor);         label.add(homepage);          
admin = new JButton("Admin");       admin.setFont(font1);        admin.setBounds(221, 30, 200, 80);       
admin.setCursor(cursor);        label.add(admin);        ngo = new JButton("NGO");       ngo.setFont(font1);       
ngo.setBounds(422, 30, 200, 80);       ngo.setCursor(cursor);       label.add(ngo);           executive = new 
JButton("Executive");       executive.setFont(font1);       executive.setBounds(623,30, 200, 80);       
executive.setCursor(cursor);        label.add(executive);                  logout = new JButton("LogOut");       
logout.setFont(font1);        logout.setBounds(824, 30, 200, 80);       logout.setCursor(cursor);        label.add(logout);     
   JPanel panel1 = new JPanel();        panel1.setBounds(1, 260,1900,1380);        c.add(panel1);        JScrollPane scroll = 
new JScrollPane(panel1,JScrollPane.VERTICAL_SCROLLBAR_ALWAYS,JScrollPane.HORIZONTAL_SCROLLBAR_AS_NEEDED);    
scroll.setBounds(1, 260,1910,720);    c.add(scroll);            icon = new ImageIcon(getClass().getResource("medicin.jpeg"));   
   Image img = icon.getImage();        Image newimage = img.getScaledInstance(panel1.getWidth(), panel1.getHeight(), 
Image.SCALE_SMOOTH);       icon = new ImageIcon(newimage);        imglabel = new JLabel(icon);                 
panel1.add(imglabel);                label2 = new JLabel();        label2.setFont(font);       label2.setBounds(480, 2, 1200, 
1280);       label2.setOpaque(true);       label2.setBackground(Color.LIGHT_GRAY);        imglabel.add(label2);                 
 title1 = new JLabel("User Registration Form");        title1.setFont(font1);        title1.setBounds(2, 2,  1380, 60);        
title1.setForeground(Color.BLUE);       title1.setOpaque(true);       title1.setBackground(Color.ORANGE);        
label2.add(title1);        JPanel panel2 = new JPanel();        panel2.setBounds(480, 80,230,230);        
panel2.setBackground(Color.WHITE);        label2.add(panel2);          icon = new 
ImageIcon(getClass().getResource("login.png"));           Image img1 = icon.getImage();           Image newimage1 = 
img1.getScaledInstance(panel2.getWidth(), panel2.getHeight(), Image.SCALE_SMOOTH);       icon = new ImageIcon(newimage1);       
 imglabel = new JLabel(icon);        panel2.add(imglabel);        namel = new JLabel("User Name");        namel.setFont(font1); 
      namel.setBounds(20, 360, 300, 40);        label2.add(namel);         nametf = new JTextField("");        
nametf.setFont(font1);        nametf.setBounds(260, 360, 880, 40);        label2.add(nametf);          genderl  = new 
JLabel("Gender");        genderl.setFont(font1);       genderl.setBounds(20, 410, 300, 40);        label2.add(genderl);         
male = new JRadioButton("Male");      male.setBounds(480, 410, 100, 40);      male.setFont(font1);      label2.add(male);       
female = new JRadioButton("Female");        female.setBounds(780, 410, 130, 40);        female.setFont(font1);      
label2.add(female);         grp = new ButtonGroup();          grp.add(male);          grp.add(female);       agel = new 
JLabel("Date of Birth");        agel.setFont(font1);        agel.setBounds(20,460, 300, 40);       label2.add(agel);         
agetf = new JDateChooser();        agetf.setFont(font1);       agetf.setBounds(260, 460, 880, 40);       label2.add(agetf);     
   emaill = new JLabel("Email");        emaill.setFont(font1);        emaill.setBounds(20, 510, 300, 40);       
label2.add(emaill);         emailtf = new JTextField("");        emailtf.setFont(font1);        emailtf.setBounds(260, 510, 
880, 40);       label2.add(emailtf);         contactl = new JLabel("Contact Number");        contactl.setFont(font1);        
contactl.setBounds(20, 560, 300, 40);       label2.add(contactl);        contacttf = new JTextField("");        
contacttf.setFont(font1);        contacttf.setBounds(260, 560, 880, 40);        label2.add(contacttf);         locationl = new 
JLabel("Location");        locationl.setFont(font1);        locationl.setBounds(20, 610, 300, 40);       label2.add(locationl); 
        locationtf = new JTextField("");        locationtf.setFont(font1);        locationtf.setBounds(260,610, 880, 40);       
label2.add(locationtf);         passwordl = new JLabel("Password");        passwordl.setFont(font1);        
passwordl.setBounds(20, 660, 300, 40);       label2.add(passwordl);          passwordtf = new JPasswordField("");        
passwordtf.setFont(font1);        passwordtf.setBounds(260, 660, 880, 40);         passwordtf.setEchoChar('*');       
label2.add(passwordtf);        confirml = new JLabel("Confirm Password");        confirml.setFont(font1);        
confirml.setBounds(20, 710, 300, 40);       label2.add(confirml);         confirmtf = new JPasswordField("");        
confirmtf.setFont(font1);        confirmtf.setBounds(260,710, 880, 40);         confirmtf.setEchoChar('*');        
label2.add(confirmtf);         showpasscheckbox = new JCheckBox("Show Password");        showpasscheckbox .setBounds(300, 780, 
250, 40);        showpasscheckbox .setFont(font1);       showpasscheckbox .setBackground(Color.LIGHT_GRAY);       
label2.add(showpasscheckbox );       register = new JButton("Register");       register.setFont(font1);            
register.setBounds(250, 900,700, 60);                register.setCursor(cursor);         label2.add(register);         reset = 
new JButton("Reset");       reset.setFont(font1);             reset.setBounds(290, 980, 600, 60);                
reset.setCursor(cursor);         label2.add(reset);        back= new JButton("Back to Login");       back.setFont(font1);       
      back.setBounds(320, 1060, 500, 60);                back.setCursor(cursor);       label2.add(back);                        
          Handler handler = new Handler();         register.addActionListener(handler);        
showpasscheckbox.addActionListener(handler);        reset.addActionListener(handler);        back.addActionListener(handler);   
     homepage.addActionListener(handler);         admin.addActionListener(handler);        ngo.addActionListener(handler);      
  executive.addActionListener(handler);                  logout.addActionListener(handler);            }         class Handler 
implements ActionListener{    public void actionPerformed(ActionEvent ae) {        if(ae.getSource() ==  register){             
String p =passwordtf.getText();          String c = confirmtf.getText();                        if(nametf.getText().isEmpty())  
          {                JOptionPane.showMessageDialog(null, "Please Enter Name","Warning",JOptionPane.ERROR_MESSAGE);        
    }             else if(!male.isSelected() && !female.isSelected())            {                
JOptionPane.showMessageDialog(null, "Please Enter Gender","Warning",JOptionPane.ERROR_MESSAGE);            }             else 
if(agetf.getDate()==null)            {                JOptionPane.showMessageDialog(null, "Please Enter 
Age","Warning",JOptionPane.ERROR_MESSAGE);            }             else if(emailtf.getText().isEmpty())            {           
     JOptionPane.showMessageDialog(null, "Please Enter Email","Warning",JOptionPane.ERROR_MESSAGE);            }                
          else if(contacttf.getText().isEmpty())            {                JOptionPane.showMessageDialog(null, "Please 
Contact Number","Warning",JOptionPane.ERROR_MESSAGE);            }             else if(locationtf.getText().isEmpty())          
  {                JOptionPane.showMessageDialog(null, "Please Enter Location","Warning",JOptionPane.ERROR_MESSAGE);            
}                          else if(passwordtf.getText().isEmpty() || confirmtf.getText().isEmpty()){                  
JOptionPane.showMessageDialog(null, "Please Enter Password or Confirm Password","Warning",JOptionPane.ERROR_MESSAGE);           
  }                          else if(checkusername(nametf.getText() ,emailtf.getText()))                   {                    
              JOptionPane.showMessageDialog(null, "This user name and email already exist");                 }                  
                     else if(!p.equals(c)){                                                   
JOptionPane.showMessageDialog(null, "Password and Confirm Password do not match");                            }                 
       else {                  if(p.equals(c)){                      SimpleDateFormat formate = new 
SimpleDateFormat("dd-MM-YY");                       String bd = formate.format(agetf.getDate());                      String 
sql = "INSERT INTO `userregistration`(`Name`,`Gender`, `Date of Birth`, `Email`, `Contact Number`, `Location`, `Password`)" + 
"VALUES (?,? ,?, ?, ?,?,?)";                                            try{                          con = (Connection) 
DriverManager.getConnection("jdbc:mysql://localhost/MedConnect","root", "");                                                    
pst =  (PreparedStatement) con.prepareStatement(sql);                          pst.setString(1, nametf.getText());              
            if(male.isSelected()){                              pst.setString(2,male.getText());                          }     
                     else{                              pst.setString(2,female.getText());                          }           
               pst.setString(3, bd);                          pst.setString(4, emailtf.getText());                          
pst.setString(5, contacttf.getText());                          pst.setString(6, locationtf.getText());                         
 pst.setString(7, passwordtf.getText());                          pst.executeUpdate();                          con.close();    
                                                                          JOptionPane.showMessageDialog(null, "User 
Registration successfully");                                                }                                            catch 
(SQLException ex) {                                                    JOptionPane.showMessageDialog(null, "User Registration 
unsuccessfully"+ex);                      }                                                              }              }       
   }                                       if(ae.getSource() ==  reset)                    {           nametf.setText("");      
     grp.clearSelection();           agetf.setDateFormatString("");           emailtf.setText("");           
contacttf.setText("");          locationtf.setText("");          passwordtf.setText("");          confirmtf.setText("");        
          }                                                 {            if(showpasscheckbox.isSelected())            {         
       passwordtf.setEchoChar((char)0);                 confirmtf.setEchoChar((char)0);            }            else{           
     passwordtf.setEchoChar('*');               confirmtf.setEchoChar('*');            }        }         
if(ae.getSource()==back){                               setVisible(false);            UserLogin frame = new UserLogin();        
     frame.setVisible(true);                     }       if(ae.getSource()==homepage){                   
homepage.setBackground(Color.LIGHT_GRAY);            setVisible(false);            HomePage frame = new HomePage();             
frame.setVisible(true);                     }          if(ae.getSource()==admin){                        
admin.setBackground(Color.LIGHT_GRAY);            setVisible(false);            Login frame = new Login();             
frame.setVisible(true);             }       if(ae.getSource()==ngo){                   ngo.setBackground(Color.LIGHT_GRAY);     
       setVisible(false);            NGOLogin frame = new NGOLogin();             frame.setVisible(true);                     } 
      if(ae.getSource()==executive){         setVisible(false);            executive.setBackground(Color.LIGHT_GRAY);           
 ExecutiveLogin frame = new ExecutiveLogin();             frame.setVisible(true);       }                             
if(ae.getSource()==logout){                                  System.exit(0);    }                           }     };         
public boolean checkusername(String username, String ema) {    boolean checkuser = false;      boolean email = false;       
Connection con2=null;    PreparedStatement pst2=null;      ResultSet rs;     String sql = "SELECT * FROM `userregistration` 
WHERE `Name` =? AND `Email`=?";              try{              con2 = (Connection) 
DriverManager.getConnection("jdbc:mysql://localhost/MedConnect","root", "");                      pst2 =  (PreparedStatement) 
con2.prepareStatement(sql);            pst2.setString(1, username);                       pst2.setString(2, ema);               
         rs = pst2.executeQuery();                  if(rs.next()){                    checkuser = true;                    
email = true;                                                       }    }        catch (SQLException ex) {             
Logger.getLogger(UserRegistrationForm.class.getName()).log(Level.SEVERE, null, ex);         }         return checkuser && email 
 ;                 }          public static void main(String[] args) {        UserRegistrationForm frame = new 
UserRegistrationForm ();                frame.setVisible(true);    }       }
                                                                                                                                
                                                                                                                                
                                                                                                                                
                                                                                                                                
                                                                                                                                
                                                                                                                                
                                                                                                                                
                                                                                                                                
                                                                                                                                
                                                                                                                                
                                                                                                                                
                                                                                                                                
                                                                                                                                
                                                                                                                                
                                                                                                                                
                                                                                                                                
                                                                                                                                
                                                                                                                                
                                                                                                                                
                                                                                                                                
                                                                                                                                
                                                                                                                                
                                                                                                                                
                                                                                                                                
                                                                                                                                
                                                                                                                                
                                                                                                                                
                                                                                                                                
                                                                                                                                
                                                                                                                                
                                                                                                                                
                                                                                                                                
                                                                                                                                
                                                                                                                                
                                                                                                                                
                                                                                                                                
                                                                                                                                
                                                                                                                                
                                                                                                                                
                                                                                                                                
                                                                                                                                
                                                                                                                                
                                                                                                                                
                                                                                                                                
                                                                                                                                
                                                                                                                                
                                                                                                                                
                                                                                                                                
                                                                                                                                
                                                                                                                                
                                                                                                                                
                                                                                                                                
                                                                                                                                
                                                                                                                                
                                                                                                                                
                                                                                                                                
                                                                                                                                
                                                                                                                                
                                                                                                                                
                                                                                                                                
                                                                                                                                
                                                                                                                                
                                                                                                                                
                                                                                                                                
                                                                                                                                
                                                                                                                                
                                                                                                                                
                                                                                                                                
                                                                                                                                
                                                                                                                                
                                                                                                                                
                                                                                                                                
                                                                                                                                
                                                                                                                                
                                                                                                                                
                                                                                                                                
                                                                                                                                
                                                                                                                                
                                                                                                                                
                                                                                                                                
                                                                                                                                
                                                                                                                                
                                     ^
UserRegistrationForm.java:1: warning: [deprecation] getText() in JPasswordField has been deprecated
/* * To change this license header, choose License Headers in Project Properties. * To change this template file, choose Tools 
| Templates * and open the template in the editor. */package online.medicine.donation.system;import 
com.mysql.jdbc.Connection;import com.mysql.jdbc.PreparedStatement;import com.toedter.calendar.JDateChooser;import 
java.awt.Color;import java.awt.Container;import java.awt.Cursor;import java.awt.Font;import java.awt.Image;import 
java.awt.event.ActionEvent;import java.awt.event.ActionListener;import java.sql.DriverManager;import java.sql.ResultSet;import 
java.sql.SQLException;import java.text.SimpleDateFormat;import java.util.logging.Level;import java.util.logging.Logger;import 
javax.swing.ButtonGroup;import javax.swing.ImageIcon;import javax.swing.JButton;import javax.swing.JCheckBox;import 
javax.swing.JFrame;import javax.swing.JLabel;import javax.swing.JOptionPane;import javax.swing.JPanel;import 
javax.swing.JPasswordField;import javax.swing.JRadioButton;import javax.swing.JScrollPane;import javax.swing.JTextField;/** * * 
@author Hp */public class UserRegistrationForm extends JFrame{     private JLabel title,imglabel, 
namel,emaill,contactl,locationl, passwordl,confirml,genderl,agel,label2,title1,label;    private JTextField 
nametf,emailtf,contacttf,locationtf,gendertf;     private JDateChooser agetf;      JPasswordField passwordtf,confirmtf;      
private Container c;      private JButton login,clear ,homepage,logout,ngo,user,executive, register,back,reset,admin;      
private Cursor cursor;     private ImageIcon icon;     private JCheckBox showpasscheckbox;      private JRadioButton 
male,female;      private ButtonGroup grp;            Connection con=null;    PreparedStatement pst=null;    ResultSet rs;      
        UserRegistrationForm()     {        initComponents();            }           void initComponents()    {         
this.setDefaultCloseOperation(JFrame.EXIT_ON_CLOSE);        this.setSize(1930, 1030);        this.setTitle("User Registration 
Form");        c = this.getContentPane();        c.setLayout(null);        this.setResizable(false);         
c.setBackground(Color.GRAY);                       Font font = new Font("Arial",Font.BOLD,42);         title = new 
JLabel("MedConnect");        title.setFont(font);        title.setBounds(2, 2, 1930, 80);        
title.setForeground(Color.BLUE);        title.setOpaque(true);        title.setBackground(Color.ORANGE);     c.add(title);      
  label = new JLabel();        label.setBounds(1, 100, 1930, 150);        label.setOpaque(true);        
label.setBackground(Color.MAGENTA);       c.add(label);        Cursor cursor = new Cursor(Cursor.HAND_CURSOR);              
Font font1 = new Font("Arial",Font.BOLD,24);         homepage = new JButton("Home Page");        homepage.setFont(font1);       
        homepage.setBounds(20, 30, 200, 80);                homepage.setCursor(cursor);         label.add(homepage);          
admin = new JButton("Admin");       admin.setFont(font1);        admin.setBounds(221, 30, 200, 80);       
admin.setCursor(cursor);        label.add(admin);        ngo = new JButton("NGO");       ngo.setFont(font1);       
ngo.setBounds(422, 30, 200, 80);       ngo.setCursor(cursor);       label.add(ngo);           executive = new 
JButton("Executive");       executive.setFont(font1);       executive.setBounds(623,30, 200, 80);       
executive.setCursor(cursor);        label.add(executive);                  logout = new JButton("LogOut");       
logout.setFont(font1);        logout.setBounds(824, 30, 200, 80);       logout.setCursor(cursor);        label.add(logout);     
   JPanel panel1 = new JPanel();        panel1.setBounds(1, 260,1900,1380);        c.add(panel1);        JScrollPane scroll = 
new JScrollPane(panel1,JScrollPane.VERTICAL_SCROLLBAR_ALWAYS,JScrollPane.HORIZONTAL_SCROLLBAR_AS_NEEDED);    
scroll.setBounds(1, 260,1910,720);    c.add(scroll);            icon = new ImageIcon(getClass().getResource("medicin.jpeg"));   
   Image img = icon.getImage();        Image newimage = img.getScaledInstance(panel1.getWidth(), panel1.getHeight(), 
Image.SCALE_SMOOTH);       icon = new ImageIcon(newimage);        imglabel = new JLabel(icon);                 
panel1.add(imglabel);                label2 = new JLabel();        label2.setFont(font);       label2.setBounds(480, 2, 1200, 
1280);       label2.setOpaque(true);       label2.setBackground(Color.LIGHT_GRAY);        imglabel.add(label2);                 
 title1 = new JLabel("User Registration Form");        title1.setFont(font1);        title1.setBounds(2, 2,  1380, 60);        
title1.setForeground(Color.BLUE);       title1.setOpaque(true);       title1.setBackground(Color.ORANGE);        
label2.add(title1);        JPanel panel2 = new JPanel();        panel2.setBounds(480, 80,230,230);        
panel2.setBackground(Color.WHITE);        label2.add(panel2);          icon = new 
ImageIcon(getClass().getResource("login.png"));           Image img1 = icon.getImage();           Image newimage1 = 
img1.getScaledInstance(panel2.getWidth(), panel2.getHeight(), Image.SCALE_SMOOTH);       icon = new ImageIcon(newimage1);       
 imglabel = new JLabel(icon);        panel2.add(imglabel);        namel = new JLabel("User Name");        namel.setFont(font1); 
      namel.setBounds(20, 360, 300, 40);        label2.add(namel);         nametf = new JTextField("");        
nametf.setFont(font1);        nametf.setBounds(260, 360, 880, 40);        label2.add(nametf);          genderl  = new 
JLabel("Gender");        genderl.setFont(font1);       genderl.setBounds(20, 410, 300, 40);        label2.add(genderl);         
male = new JRadioButton("Male");      male.setBounds(480, 410, 100, 40);      male.setFont(font1);      label2.add(male);       
female = new JRadioButton("Female");        female.setBounds(780, 410, 130, 40);        female.setFont(font1);      
label2.add(female);         grp = new ButtonGroup();          grp.add(male);          grp.add(female);       agel = new 
JLabel("Date of Birth");        agel.setFont(font1);        agel.setBounds(20,460, 300, 40);       label2.add(agel);         
agetf = new JDateChooser();        agetf.setFont(font1);       agetf.setBounds(260, 460, 880, 40);       label2.add(agetf);     
   emaill = new JLabel("Email");        emaill.setFont(font1);        emaill.setBounds(20, 510, 300, 40);       
label2.add(emaill);         emailtf = new JTextField("");        emailtf.setFont(font1);        emailtf.setBounds(260, 510, 
880, 40);       label2.add(emailtf);         contactl = new JLabel("Contact Number");        contactl.setFont(font1);        
contactl.setBounds(20, 560, 300, 40);       label2.add(contactl);        contacttf = new JTextField("");        
contacttf.setFont(font1);        contacttf.setBounds(260, 560, 880, 40);        label2.add(contacttf);         locationl = new 
JLabel("Location");        locationl.setFont(font1);        locationl.setBounds(20, 610, 300, 40);       label2.add(locationl); 
        locationtf = new JTextField("");        locationtf.setFont(font1);        locationtf.setBounds(260,610, 880, 40);       
label2.add(locationtf);         passwordl = new JLabel("Password");        passwordl.setFont(font1);        
passwordl.setBounds(20, 660, 300, 40);       label2.add(passwordl);          passwordtf = new JPasswordField("");        
passwordtf.setFont(font1);        passwordtf.setBounds(260, 660, 880, 40);         passwordtf.setEchoChar('*');       
label2.add(passwordtf);        confirml = new JLabel("Confirm Password");        confirml.setFont(font1);        
confirml.setBounds(20, 710, 300, 40);       label2.add(confirml);         confirmtf = new JPasswordField("");        
confirmtf.setFont(font1);        confirmtf.setBounds(260,710, 880, 40);         confirmtf.setEchoChar('*');        
label2.add(confirmtf);         showpasscheckbox = new JCheckBox("Show Password");        showpasscheckbox .setBounds(300, 780, 
250, 40);        showpasscheckbox .setFont(font1);       showpasscheckbox .setBackground(Color.LIGHT_GRAY);       
label2.add(showpasscheckbox );       register = new JButton("Register");       register.setFont(font1);            
register.setBounds(250, 900,700, 60);                register.setCursor(cursor);         label2.add(register);         reset = 
new JButton("Reset");       reset.setFont(font1);             reset.setBounds(290, 980, 600, 60);                
reset.setCursor(cursor);         label2.add(reset);        back= new JButton("Back to Login");       back.setFont(font1);       
      back.setBounds(320, 1060, 500, 60);                back.setCursor(cursor);       label2.add(back);                        
          Handler handler = new Handler();         register.addActionListener(handler);        
showpasscheckbox.addActionListener(handler);        reset.addActionListener(handler);        back.addActionListener(handler);   
     homepage.addActionListener(handler);         admin.addActionListener(handler);        ngo.addActionListener(handler);      
  executive.addActionListener(handler);                  logout.addActionListener(handler);            }         class Handler 
implements ActionListener{    public void actionPerformed(ActionEvent ae) {        if(ae.getSource() ==  register){             
String p =passwordtf.getText();          String c = confirmtf.getText();                        if(nametf.getText().isEmpty())  
          {                JOptionPane.showMessageDialog(null, "Please Enter Name","Warning",JOptionPane.ERROR_MESSAGE);        
    }             else if(!male.isSelected() && !female.isSelected())            {                
JOptionPane.showMessageDialog(null, "Please Enter Gender","Warning",JOptionPane.ERROR_MESSAGE);            }             else 
if(agetf.getDate()==null)            {                JOptionPane.showMessageDialog(null, "Please Enter 
Age","Warning",JOptionPane.ERROR_MESSAGE);            }             else if(emailtf.getText().isEmpty())            {           
     JOptionPane.showMessageDialog(null, "Please Enter Email","Warning",JOptionPane.ERROR_MESSAGE);            }                
          else if(contacttf.getText().isEmpty())            {                JOptionPane.showMessageDialog(null, "Please 
Contact Number","Warning",JOptionPane.ERROR_MESSAGE);            }             else if(locationtf.getText().isEmpty())          
  {                JOptionPane.showMessageDialog(null, "Please Enter Location","Warning",JOptionPane.ERROR_MESSAGE);            
}                          else if(passwordtf.getText().isEmpty() || confirmtf.getText().isEmpty()){                  
JOptionPane.showMessageDialog(null, "Please Enter Password or Confirm Password","Warning",JOptionPane.ERROR_MESSAGE);           
  }                          else if(checkusername(nametf.getText() ,emailtf.getText()))                   {                    
              JOptionPane.showMessageDialog(null, "This user name and email already exist");                 }                  
                     else if(!p.equals(c)){                                                   
JOptionPane.showMessageDialog(null, "Password and Confirm Password do not match");                            }                 
       else {                  if(p.equals(c)){                      SimpleDateFormat formate = new 
SimpleDateFormat("dd-MM-YY");                       String bd = formate.format(agetf.getDate());                      String 
sql = "INSERT INTO `userregistration`(`Name`,`Gender`, `Date of Birth`, `Email`, `Contact Number`, `Location`, `Password`)" + 
"VALUES (?,? ,?, ?, ?,?,?)";                                            try{                          con = (Connection) 
DriverManager.getConnection("jdbc:mysql://localhost/MedConnect","root", "");                                                    
pst =  (PreparedStatement) con.prepareStatement(sql);                          pst.setString(1, nametf.getText());              
            if(male.isSelected()){                              pst.setString(2,male.getText());                          }     
                     else{                              pst.setString(2,female.getText());                          }           
               pst.setString(3, bd);                          pst.setString(4, emailtf.getText());                          
pst.setString(5, contacttf.getText());                          pst.setString(6, locationtf.getText());                         
 pst.setString(7, passwordtf.getText());                          pst.executeUpdate();                          con.close();    
                                                                          JOptionPane.showMessageDialog(null, "User 
Registration successfully");                                                }                                            catch 
(SQLException ex) {                                                    JOptionPane.showMessageDialog(null, "User Registration 
unsuccessfully"+ex);                      }                                                              }              }       
   }                                       if(ae.getSource() ==  reset)                    {           nametf.setText("");      
     grp.clearSelection();           agetf.setDateFormatString("");           emailtf.setText("");           
contacttf.setText("");          locationtf.setText("");          passwordtf.setText("");          confirmtf.setText("");        
          }                                                 {            if(showpasscheckbox.isSelected())            {         
       passwordtf.setEchoChar((char)0);                 confirmtf.setEchoChar((char)0);            }            else{           
     passwordtf.setEchoChar('*');               confirmtf.setEchoChar('*');            }        }         
if(ae.getSource()==back){                               setVisible(false);            UserLogin frame = new UserLogin();        
     frame.setVisible(true);                     }       if(ae.getSource()==homepage){                   
homepage.setBackground(Color.LIGHT_GRAY);            setVisible(false);            HomePage frame = new HomePage();             
frame.setVisible(true);                     }          if(ae.getSource()==admin){                        
admin.setBackground(Color.LIGHT_GRAY);            setVisible(false);            Login frame = new Login();             
frame.setVisible(true);             }       if(ae.getSource()==ngo){                   ngo.setBackground(Color.LIGHT_GRAY);     
       setVisible(false);            NGOLogin frame = new NGOLogin();             frame.setVisible(true);                     } 
      if(ae.getSource()==executive){         setVisible(false);            executive.setBackground(Color.LIGHT_GRAY);           
 ExecutiveLogin frame = new ExecutiveLogin();             frame.setVisible(true);       }                             
if(ae.getSource()==logout){                                  System.exit(0);    }                           }     };         
public boolean checkusername(String username, String ema) {    boolean checkuser = false;      boolean email = false;       
Connection con2=null;    PreparedStatement pst2=null;      ResultSet rs;     String sql = "SELECT * FROM `userregistration` 
WHERE `Name` =? AND `Email`=?";              try{              con2 = (Connection) 
DriverManager.getConnection("jdbc:mysql://localhost/MedConnect","root", "");                      pst2 =  (PreparedStatement) 
con2.prepareStatement(sql);            pst2.setString(1, username);                       pst2.setString(2, ema);               
         rs = pst2.executeQuery();                  if(rs.next()){                    checkuser = true;                    
email = true;                                                       }    }        catch (SQLException ex) {             
Logger.getLogger(UserRegistrationForm.class.getName()).log(Level.SEVERE, null, ex);         }         return checkuser && email 
 ;                 }          public static void main(String[] args) {        UserRegistrationForm frame = new 
UserRegistrationForm ();                frame.setVisible(true);    }       }
                                                                                                                                
                                                                                                                                
                                                                                                                                
                                                                                                                                
                                                                                                                                
                                                                                                                                
                                                                                                                                
                                                                                                                                
                                                                                                                                
                                                                                                                                
                                                                                                                                
                                                                                                                                
                                                                                                                                
                                                                                                                                
                                                                                                                                
                                                                                                                                
                                                                                                                                
                                                                                                                                
                                                                                                                                
                                                                                                                                
                                                                                                                                
                                                                                                                                
                                                                                                                                
                                                                                                                                
                                                                                                                                
                                                                                                                                
                                                                                                                                
                                                                                                                                
                                                                                                                                
                                                                                                                                
                                                                                                                                
                                                                                                                                
                                                                                                                                
                                                                                                                                
                                                                                                                                
                                                                                                                                
                                                                                                                                
                                                                                                                                
                                                                                                                                
                                                                                                                                
                                                                                                                                
                                                                                                                                
                                                                                                                                
                                                                                                                                
                                                                                                                                
                                                                                                                                
                                                                                                                                
                                                                                                                                
                                                                                                                                
                                                                                                                                
                                                                                                                                
                                                                                                                                
                                                                                                                                
                                                                                                                                
                                                                                                                                
                                                                                                                                
                                                                                                                                
                                                                                                                                
                                                                                                                                
                                                                                                                                
                                                                                                                                
                                                                                                                                
                                                                                                                                
                                                                                                                                
                                                                                                                                
                                                                                                                                
                                                                                                                                
                                                                                                                                
                                                                                                                                
                                                                                                                                
                                                                                                                                
                                                                                                                                
                                                                                                                                
                                                                                                                                
                                                                                                                                
                                                                                                                                
                                                                                                                                
                                                                                                                                
                                                                                                                                
                                                                                                                                
                                                                                                                                
                                                                                                                                
                                                                                                                                
                                                                                                                                
                                                                                                                                
                                                                                                                                
                                                                                                                                
                                                                                                                                
                                                                                                                                
                                                                                                                                
                                                                                                                                
                                                                                                                                
                                                                                                                                
                                                                                                                                
                                                                                                                                
                                                                                                                                
                                                                                                                                
                           ^
ViewDetails.java:1: warning: [unchecked] unchecked call to addItem(E) as a member of the raw type JComboBox
/* * To change this license header, choose License Headers in Project Properties. * To change this template file, choose Tools 
| Templates * and open the template in the editor. */package online.medicine.donation.system;import 
com.mysql.jdbc.Connection;import com.mysql.jdbc.PreparedStatement;import java.awt.Color;import java.awt.Container;import 
java.awt.Cursor;import java.awt.Font;import java.awt.event.ActionEvent;import java.awt.event.ActionListener;import 
java.sql.DriverManager;import java.sql.ResultSet;import java.sql.SQLException;import javax.swing.ImageIcon;import 
javax.swing.JButton;import javax.swing.JCheckBox;import javax.swing.JComboBox;import javax.swing.JFrame;import 
javax.swing.JLabel;import javax.swing.JOptionPane;import javax.swing.JPasswordField;import javax.swing.JScrollPane;import 
javax.swing.JTable;import javax.swing.JTextField;import javax.swing.table.DefaultTableModel;/** * * @author Hp */public class 
ViewDetails extends JFrame{     private JLabel title,userlabel,title1,label2,label,label1, timel,datel,eml, med, 
namel,pricel,mnfl,expl,title2,numl,typel,exel,personal,rl,ml,enamel,fl,sl,al,pl,stl,cl,n,e,c1;    private JTextField 
priceltf,mnfltf,expltf,numtf,ftf,stf,atf,ptf,sttf,ctf,cf,medtf,timetf,datetf,typetf;     private JButton  
homepage,order,search, executive, logout,assign,collect,buymed,viewmedicine,viewuser, donate,view,back;     private JTable 
table;   private JComboBox nameltf,enamef,etf,ef,nf;     private DefaultTableModel mode;    private JScrollPane scroll;    
Container c;    Connection con,con1;    PreparedStatement pst,pst1;    ResultSet rs,rs1;   String uname = 
ExecutiveLogin.nametf.getText();                             ViewDetails()    {              initComponents();          
ComboBox();    }     void initComponents()    {              this.setDefaultCloseOperation(JFrame.EXIT_ON_CLOSE);        
this.setSize(1930, 1030);        this.setTitle("Executive ");        c = this.getContentPane();        c.setLayout(null);       
 this.setResizable(false);         c.setBackground(Color.GRAY);                       Font font = new 
Font("Arial",Font.BOLD,42);         title = new JLabel("MedConnect");        title.setFont(font);        title.setBounds(2, 2, 
1930, 80);        title.setForeground(Color.BLUE);        title.setOpaque(true);        title.setBackground(Color.ORANGE);     
c.add(title);        label = new JLabel();        label.setBounds(1, 100, 1930, 150);        label.setOpaque(true);        
label.setBackground(Color.MAGENTA);       c.add(label);        Cursor cursor = new Cursor(Cursor.HAND_CURSOR);              
Font font1 = new Font("Arial",Font.BOLD,24);         homepage = new JButton("Home Page");        homepage.setFont(font1);       
        homepage.setBounds(20, 30, 170, 80);                homepage.setCursor(cursor);         label.add(homepage);            
      assign = new JButton("View Assigned User");     assign.setFont(font1);     assign.setBounds(191, 30, 270, 80);       
assign.setCursor(cursor);        label.add(assign);        viewmedicine = new JButton("View Medicine");      
viewmedicine.setFont(font1);        viewmedicine.setBounds(462, 30, 224, 80);      viewmedicine.setCursor(cursor);        
label.add(viewmedicine);        viewuser = new JButton("View User");     viewuser.setFont(font1);        
viewuser.setBounds(687, 30, 170, 80);      viewuser.setCursor(cursor);        label.add(viewuser);        buymed = new 
JButton("Buy Medicine");       buymed.setFont(font1);        buymed.setBounds(858, 30, 190, 80);       
buymed.setCursor(cursor);        label.add(buymed);      collect = new JButton("Collect Medicine");       
collect.setCursor(cursor);        collect.setFont(font1);      collect.setBounds(1049, 30, 230, 80);       label.add(collect);  
                  logout = new JButton("LogOut");       logout.setFont(font1);        logout.setBounds(1280, 30, 120, 80);      
 logout.setCursor(cursor);        label.add(logout);                label2 = new JLabel("Hi "+uname);                           
 label2.setBounds(1660, 30, 500, 80);         label2.setFont(font1);         label2.setToolTipText(uname);                      
       label.add(label2);            label1 = new JLabel();         label1.setBounds(1, 260,1930,1030);         
label1.setOpaque(true);          label1.setBackground(Color.LIGHT_GRAY);        c.add(  label1);        title1 = new 
JLabel("View Donate Medicine");        title1.setFont(font1);        title1.setBounds(1, 1, 1900, 40);        
title1.setForeground(Color.BLUE);       title1.setOpaque(true);       title1.setBackground(Color.ORANGE);       
label1.add(title1);       Font font3 = new Font("Arial",Font.BOLD,26);          Font font4 = new Font("Arial",Font.BOLD,21);    
     title2 = new JLabel("Please Enter medicine Name or executive name or executive email or donator name or donator email and 
click the search button ");        title2.setFont(font4);        title2.setBounds(400, 45, 1900, 27);         
label1.add(title2);           namel = new JLabel("Medicine Name : ");       namel.setFont(font4);      namel.setBounds(2, 100, 
320, 30);        label1.add(namel);       nameltf = new JComboBox();      nameltf.setFont(font4);        nameltf.setBounds(180, 
100,300, 30);             label1.add(nameltf);         enamel = new JLabel("Executive Name : ");        enamel.setFont(font4);  
   enamel.setBounds(550, 100, 320, 30);        label1.add( enamel);        enamef = new JComboBox();        
enamef.setFont(font4);     enamef.setBounds(740, 100, 300, 30);        label1.add( enamef);                eml = new 
JLabel("Executive Email : ");        eml.setFont(font4);     eml.setBounds(1090, 100, 320, 30);        label1.add(eml);        
etf = new JComboBox();         etf .setFont(font4);      etf .setBounds(1280, 100, 300, 30);        label1.add( etf );          
     n = new JLabel("Donator Name : ");        n.setFont(font4);     n.setBounds(2, 140, 320, 30);        label1.add(n);        
nf = new JComboBox();              nf.setFont(font4);        nf.setBounds(180, 140,300, 30);             label1.add(nf);        
   e = new JLabel("Donator Email : ");        e.setFont(font4);     e.setBounds(550, 140, 320, 30);        label1.add(e);       
  ef = new JComboBox();      ef.setFont(font4);        ef.setBounds(740, 140,300, 30);                   label1.add(ef);        
   search = new JButton("Search");       search .setCursor(cursor);         search.setFont(font3);        search.setBounds(600, 
180, 500, 40);        label1.add( search);        exel = new JLabel("Donator Details ");        exel.setFont(font3);     
exel.setBounds(2, 250, 320, 30);        label1.add (exel);           c1 = new JLabel("Contact Number : ");        
c1.setFont(font4);     c1.setBounds(2, 290, 320, 30);        label1.add(c1);         cf = new JTextField("");      
cf.setFont(font4);     cf.setEditable(false);        cf.setBounds(190, 290,300, 30);             label1.add(cf);                
     fl = new JLabel("Flate/Door/Block No : ");        fl.setFont(font4);     fl.setBounds(550, 290, 320, 30);        
label1.add(fl);         ftf = new JTextField("");      ftf.setFont(font4);      ftf.setEditable(false);        
ftf.setBounds(770, 290,300, 30);             label1.add(ftf);          sl = new JLabel("Street/Lane : ");        
sl.setFont(font4);    sl.setBounds(1100, 290, 320, 30);        label1.add(sl);         stf = new JTextField("");      
stf.setFont(font4);        stf.setBounds(1250, 290,300, 30);          stf.setEditable(false);          label1.add(stf);         
 al = new JLabel("Area/Locality : ");        al.setFont(font4);    al.setBounds(2, 330, 320, 30);        label1.add(al);        
 atf = new JTextField("");      atf.setFont(font4);        atf.setBounds(190, 330,300, 30);          atf.setEditable(false);    
      label1.add(atf);          pl = new JLabel("Pin Code : ");        pl.setFont(font4);    pl.setBounds(660, 330, 320, 30);   
     label1.add( pl);          ptf = new JTextField("");     ptf.setFont(font4);        ptf.setBounds(770,330,300, 30);         
ptf.setEditable(false);          label1.add(ptf);          stl = new JLabel("State : ");        stl.setFont(font4);     
stl.setBounds(1100, 330, 320, 30);        label1.add( stl);          sttf = new JTextField("");      sttf.setFont(font4);       
  sttf.setBounds(1250, 330,300, 30);           sttf.setEditable(false);          label1.add( sttf);           cl = new 
JLabel("CityTown : ");         cl.setFont(font4);      cl.setBounds(2, 370, 320, 30);        label1.add(  cl);           ctf = 
new JTextField("");      ctf.setFont(font4);          ctf.setBounds(190, 370,300, 30);          ctf.setEditable(false);         
 label1.add(  ctf);          med = new JLabel("Medicine Details ");         med.setFont(font3);     med.setBounds(2, 430, 320, 
30);        label1.add(med);                                     mnfl  = new JLabel("Manufacture Date : ");        
mnfl.setFont(font4);       mnfl.setBounds(2, 490, 320, 30);           label1.add(mnfl);         mnfltf  = new JTextField("");   
     mnfltf.setFont(font4);       mnfltf.setBounds(290, 490, 300, 30);      mnfltf.setEditable(false);         
label1.add(mnfltf);               expl = new JLabel("Expiry Date : ");         expl.setFont(font4);         
expl.setBounds(630,490, 320, 30);        label1.add( expl);         expltf = new JTextField("");        expltf.setFont(font4);  
     expltf.setBounds(780, 490,300, 30);        expltf.setEditable(false);         label1.add( expltf);                typel = 
new JLabel("Type : ");         typel.setFont(font4);          typel.setBounds(1130,490, 320, 30);        label1.add( typel);    
      typetf = new JTextField("");        typetf.setFont(font4);        typetf.setBounds(1280, 490,300, 30);         
typetf.setEditable(false);         label1.add( typetf);       numl = new JLabel("Number of Tablet or Syrup : ");          
numl.setFont(font4);          numl.setBounds(2,530, 320, 30);        label1.add(  numl);         numtf = new JTextField("");    
    numtf.setFont(font4);       numtf.setBounds(290, 530,300, 30);       numtf.setEditable(false);         label1.add(numtf);   
      timel = new JLabel("Donate Time : ");         timel.setFont(font4);          timel.setBounds(630,530, 320, 30);        
label1.add( timel);         timetf = new JTextField("");       timetf.setFont(font4);      timetf.setBounds(780, 530,300, 30);  
     timetf.setEditable(false);         label1.add(timetf);         datel = new JLabel("Donate Date : ");         
datel.setFont(font4);          datel.setBounds(1130,530, 320, 30);                  label1.add( datel);         datetf = new 
JTextField("");     datetf.setFont(font4);      datetf.setBounds(1280, 530,300, 30);       datetf.setEditable(false);         
label1.add(datetf);                           back= new JButton("Back");       back.setCursor(cursor);        
back.setFont(font3);     back.setBounds(600,620,680, 40);        label1.add(  back);                         Handler handler = 
new Handler();        homepage.addActionListener(handler);        search.addActionListener(handler);     
assign.addActionListener(handler);     viewmedicine.addActionListener(handler);     viewuser.addActionListener(handler);      
buymed.addActionListener(handler);            collect.addActionListener(handler);       logout.addActionListener(handler);      
 back.addActionListener(handler);        }      class Handler implements ActionListener{    public void 
actionPerformed(ActionEvent ae) {        String medname = nameltf.getSelectedItem().toString();        String exname = 
enamef.getSelectedItem().toString();        String exemail = etf.getSelectedItem().toString();        String dname = 
nf.getSelectedItem().toString();        String demail = ef.getSelectedItem().toString();        if(ae.getSource()==search){     
       int a=0;        if(medname.isEmpty()|| exname.isEmpty()|| exemail.isEmpty()||dname.isEmpty()||demail.isEmpty())          
  {                JOptionPane.showMessageDialog(null, "Please Enter medicine name or Executive Name or Executive Email or 
Donator Name or Donator Email","Warning",JOptionPane.ERROR_MESSAGE);            }        else{                  try {           
             String sql = "SELECT * FROM `donate medicine` WHERE `Medicine Name`=? AND `Executive Name`=? AND `Executive 
Email`=? AND `User Name`=? AND `User Email`=?";                      con = (Connection) 
DriverManager.getConnection("jdbc:mysql://localhost/MedConnect","root", "");            pst =   (PreparedStatement) 
con.prepareStatement(sql);            pst.setString(1, medname);            pst.setString(2, exname);            
pst.setString(3, exemail);            pst.setString(4, dname);            pst.setString(5, demail);          rs = 
pst.executeQuery();          while(rs.next()){                     mnfltf.setText(rs.getString("Manufacture Date"));            
 expltf.setText(rs.getString("Expiry Date"));           typetf.setText(rs.getString("Medicine Type"));           
numtf.setText(rs.getString("Number of Tablet"));            timetf.setText(rs.getString("Donate Time"));           
datetf.setText(rs.getString("Donate Date"));                           cf.setText(rs.getString("Contact Number"));              
 ftf.setText(rs.getString("Flat No"));                 stf.setText(rs.getString("Street"));                  
atf.setText(rs.getString("Area"));                  ptf.setText(rs.getString("Pin Code"));             
sttf.setText(rs.getString("State"));              ctf.setText(rs.getString("CityTown"));                                      
a=1;             break;                                                          }                         con.close();         
  pst.close();                   } catch (SQLException ex) {             JOptionPane.showMessageDialog(null, "Something Error 
"+ex);                   }                  if(a==0)                  {                       
JOptionPane.showMessageDialog(null, "Please Enter Correct medicine name or Executive Name or Executive Email or Donator Name or 
Donator Details ","Warning",JOptionPane.ERROR_MESSAGE);                  }            }                   }        
if(ae.getSource() ==  homepage)                    {            setVisible(false);            HomePage frame = new  HomePage(); 
           frame.setVisible(true);        }        if(ae.getSource() ==  assign)                    {            
setVisible(false);          Viewassignexecutive frame = new Viewassignexecutive();          frame.setVisible(true);             
    }        if(ae.getSource() ==  viewmedicine)                    {            setVisible(false);          MedicineView frame 
= new MedicineView();          frame.setVisible(true);                 }        if(ae.getSource() ==  viewuser)                 
   {            setVisible(false);          User frame = new User();          frame.setVisible(true);                 }        
if(ae.getSource()==buymed)        {             setVisible(false);         BuyMedicine frame = new BuyMedicine();          
frame.setVisible(true);        }                         if(ae.getSource()==collect)        {             setVisible(false);    
     CollectMedicine frame = new CollectMedicine();          frame.setVisible(true);        }                 
if(ae.getSource()==back)        {             setVisible(false);        ViewDonateMedicine frame = new  ViewDonateMedicine ();  
        frame.setVisible(true);        }                      if(ae.getSource()==logout)        {                   int a = 
JOptionPane.showConfirmDialog(null, "Are You Sure?");          if(a==JOptionPane.YES_OPTION){           setVisible(false);      
     ExecutiveLogin frame = new ExecutiveLogin();          frame.setVisible(true);          }        }           }              
  }         void  ComboBox()    {        try{           String sql1 = "SELECT * FROM `donate medicine` " ;                      
          con1 = (Connection) DriverManager.getConnection("jdbc:mysql://localhost/MedConnect","root", "");                pst1 
=   (PreparedStatement) con1.prepareStatement(sql1);                               rs1 = pst1.executeQuery();                
while(rs1.next()){                    String name = rs1.getString("Medicine Name");            String exname = 
rs1.getString("Executive Name");            String exemail = rs1.getString("Executive Email");            String dname = 
rs1.getString("User Name");            String demail = rs1.getString("User Email");            nameltf.addItem(name);           
 enamef.addItem(exname);            etf.addItem(exemail);            nf.addItem(dname);            ef.addItem(demail);          
      }        }catch(Exception e)        {                    }    }     public static void main(String[] args) {        
ViewDetails frame = new ViewDetails();        frame.setVisible(true);        } }        
                                                                                                                                
                                                                                                                                
                                                                                                                                
                                                                                                                                
                                                                                                                                
                                                                                                                                
                                                                                                                                
                                                                                                                                
                                                                                                                                
                                                                                                                                
                                                                                                                                
                                                                                                                                
                                                                                                                                
                                                                                                                                
                                                                                                                                
                                                                                                                                
                                                                                                                                
                                                                                                                                
                                                                                                                                
                                                                                                                                
                                                                                                                                
                                                                                                                                
                                                                                                                                
                                                                                                                                
                                                                                                                                
                                                                                                                                
                                                                                                                                
                                                                                                                                
                                                                                                                                
                                                                                                                                
                                                                                                                                
                                                                                                                                
                                                                                                                                
                                                                                                                                
                                                                                                                                
                                                                                                                                
                                                                                                                                
                                                                                                                                
                                                                                                                                
                                                                                                                                
                                                                                                                                
                                                                                                                                
                                                                                                                                
                                                                                                                                
                                                                                                                                
                                                                                                                                
                                                                                                                                
                                                                                                                                
                                                                                                                                
                                                                                                                                
                                                                                                                                
                                                                                                                                
                                                                                                                                
                                                                                                                                
                                                                                                                                
                                                                                                                                
                                                                                                                                
                                                                                                                                
                                                                                                                                
                                                                                                                                
                                                                                                                                
                                                                                                                                
                                                                                                                                
                                                                                                                                
                                                                                                                                
                                                                                                                                
                                                                                                                                
                                                                                                                                
                                                                                                                                
                                                                                                                                
                                                                                                                                
                                                                                                                                
                                                                                                                                
                                                                                                                                
                                                                                                                                
                                                                                                                                
                                                                                                                                
                                                                                                                                
                                                                                                                                
                                                                                                                                
                                                                                                                                
                                                                                                                                
                                                                                                                                
                                                                                                                                
                                                                                                                                
                                                                                                                                
                                                                                                                                
                                                                                                                                
                                                                                                                                
                                                                                                                                
                                                                                                                                
                                                                                                                                
                                                                                                                                
                                                                                                                                
                                                                                                                                
                                                                                                                                
                                                                                                                                
                                                                                                                                
                                                                                                                                
                                                                                                                                
                                                                                                                                
                                                                                                                                
                                                                                                                                
                                                                                                                                
                                                                                                                                
                                                                                                                                
                                                                                                                                
                                                                                                                                
                                                                                                                                
                                                                                                                                
                                                                                                                                
                                                                                                                                
                                                                                                                                
                                                                                                                                
                                                                                                                                
                                                                                                                                
                                                                                                                                
                                                                                                                                
                                                                                                                                
                                                                                                                                
                                                                                                                                
                                                                                                                                
                                                                                                                                
                                                                                                                                
                                                                                                                                
                                                                                                                                
                                                                                                                                
                                                                                                                                
                                                                                                                          ^
  where E is a type-variable:
    E extends Object declared in class JComboBox
ViewDetails.java:1: warning: [unchecked] unchecked call to addItem(E) as a member of the raw type JComboBox
/* * To change this license header, choose License Headers in Project Properties. * To change this template file, choose Tools 
| Templates * and open the template in the editor. */package online.medicine.donation.system;import 
com.mysql.jdbc.Connection;import com.mysql.jdbc.PreparedStatement;import java.awt.Color;import java.awt.Container;import 
java.awt.Cursor;import java.awt.Font;import java.awt.event.ActionEvent;import java.awt.event.ActionListener;import 
java.sql.DriverManager;import java.sql.ResultSet;import java.sql.SQLException;import javax.swing.ImageIcon;import 
javax.swing.JButton;import javax.swing.JCheckBox;import javax.swing.JComboBox;import javax.swing.JFrame;import 
javax.swing.JLabel;import javax.swing.JOptionPane;import javax.swing.JPasswordField;import javax.swing.JScrollPane;import 
javax.swing.JTable;import javax.swing.JTextField;import javax.swing.table.DefaultTableModel;/** * * @author Hp */public class 
ViewDetails extends JFrame{     private JLabel title,userlabel,title1,label2,label,label1, timel,datel,eml, med, 
namel,pricel,mnfl,expl,title2,numl,typel,exel,personal,rl,ml,enamel,fl,sl,al,pl,stl,cl,n,e,c1;    private JTextField 
priceltf,mnfltf,expltf,numtf,ftf,stf,atf,ptf,sttf,ctf,cf,medtf,timetf,datetf,typetf;     private JButton  
homepage,order,search, executive, logout,assign,collect,buymed,viewmedicine,viewuser, donate,view,back;     private JTable 
table;   private JComboBox nameltf,enamef,etf,ef,nf;     private DefaultTableModel mode;    private JScrollPane scroll;    
Container c;    Connection con,con1;    PreparedStatement pst,pst1;    ResultSet rs,rs1;   String uname = 
ExecutiveLogin.nametf.getText();                             ViewDetails()    {              initComponents();          
ComboBox();    }     void initComponents()    {              this.setDefaultCloseOperation(JFrame.EXIT_ON_CLOSE);        
this.setSize(1930, 1030);        this.setTitle("Executive ");        c = this.getContentPane();        c.setLayout(null);       
 this.setResizable(false);         c.setBackground(Color.GRAY);                       Font font = new 
Font("Arial",Font.BOLD,42);         title = new JLabel("MedConnect");        title.setFont(font);        title.setBounds(2, 2, 
1930, 80);        title.setForeground(Color.BLUE);        title.setOpaque(true);        title.setBackground(Color.ORANGE);     
c.add(title);        label = new JLabel();        label.setBounds(1, 100, 1930, 150);        label.setOpaque(true);        
label.setBackground(Color.MAGENTA);       c.add(label);        Cursor cursor = new Cursor(Cursor.HAND_CURSOR);              
Font font1 = new Font("Arial",Font.BOLD,24);         homepage = new JButton("Home Page");        homepage.setFont(font1);       
        homepage.setBounds(20, 30, 170, 80);                homepage.setCursor(cursor);         label.add(homepage);            
      assign = new JButton("View Assigned User");     assign.setFont(font1);     assign.setBounds(191, 30, 270, 80);       
assign.setCursor(cursor);        label.add(assign);        viewmedicine = new JButton("View Medicine");      
viewmedicine.setFont(font1);        viewmedicine.setBounds(462, 30, 224, 80);      viewmedicine.setCursor(cursor);        
label.add(viewmedicine);        viewuser = new JButton("View User");     viewuser.setFont(font1);        
viewuser.setBounds(687, 30, 170, 80);      viewuser.setCursor(cursor);        label.add(viewuser);        buymed = new 
JButton("Buy Medicine");       buymed.setFont(font1);        buymed.setBounds(858, 30, 190, 80);       
buymed.setCursor(cursor);        label.add(buymed);      collect = new JButton("Collect Medicine");       
collect.setCursor(cursor);        collect.setFont(font1);      collect.setBounds(1049, 30, 230, 80);       label.add(collect);  
                  logout = new JButton("LogOut");       logout.setFont(font1);        logout.setBounds(1280, 30, 120, 80);      
 logout.setCursor(cursor);        label.add(logout);                label2 = new JLabel("Hi "+uname);                           
 label2.setBounds(1660, 30, 500, 80);         label2.setFont(font1);         label2.setToolTipText(uname);                      
       label.add(label2);            label1 = new JLabel();         label1.setBounds(1, 260,1930,1030);         
label1.setOpaque(true);          label1.setBackground(Color.LIGHT_GRAY);        c.add(  label1);        title1 = new 
JLabel("View Donate Medicine");        title1.setFont(font1);        title1.setBounds(1, 1, 1900, 40);        
title1.setForeground(Color.BLUE);       title1.setOpaque(true);       title1.setBackground(Color.ORANGE);       
label1.add(title1);       Font font3 = new Font("Arial",Font.BOLD,26);          Font font4 = new Font("Arial",Font.BOLD,21);    
     title2 = new JLabel("Please Enter medicine Name or executive name or executive email or donator name or donator email and 
click the search button ");        title2.setFont(font4);        title2.setBounds(400, 45, 1900, 27);         
label1.add(title2);           namel = new JLabel("Medicine Name : ");       namel.setFont(font4);      namel.setBounds(2, 100, 
320, 30);        label1.add(namel);       nameltf = new JComboBox();      nameltf.setFont(font4);        nameltf.setBounds(180, 
100,300, 30);             label1.add(nameltf);         enamel = new JLabel("Executive Name : ");        enamel.setFont(font4);  
   enamel.setBounds(550, 100, 320, 30);        label1.add( enamel);        enamef = new JComboBox();        
enamef.setFont(font4);     enamef.setBounds(740, 100, 300, 30);        label1.add( enamef);                eml = new 
JLabel("Executive Email : ");        eml.setFont(font4);     eml.setBounds(1090, 100, 320, 30);        label1.add(eml);        
etf = new JComboBox();         etf .setFont(font4);      etf .setBounds(1280, 100, 300, 30);        label1.add( etf );          
     n = new JLabel("Donator Name : ");        n.setFont(font4);     n.setBounds(2, 140, 320, 30);        label1.add(n);        
nf = new JComboBox();              nf.setFont(font4);        nf.setBounds(180, 140,300, 30);             label1.add(nf);        
   e = new JLabel("Donator Email : ");        e.setFont(font4);     e.setBounds(550, 140, 320, 30);        label1.add(e);       
  ef = new JComboBox();      ef.setFont(font4);        ef.setBounds(740, 140,300, 30);                   label1.add(ef);        
   search = new JButton("Search");       search .setCursor(cursor);         search.setFont(font3);        search.setBounds(600, 
180, 500, 40);        label1.add( search);        exel = new JLabel("Donator Details ");        exel.setFont(font3);     
exel.setBounds(2, 250, 320, 30);        label1.add (exel);           c1 = new JLabel("Contact Number : ");        
c1.setFont(font4);     c1.setBounds(2, 290, 320, 30);        label1.add(c1);         cf = new JTextField("");      
cf.setFont(font4);     cf.setEditable(false);        cf.setBounds(190, 290,300, 30);             label1.add(cf);                
     fl = new JLabel("Flate/Door/Block No : ");        fl.setFont(font4);     fl.setBounds(550, 290, 320, 30);        
label1.add(fl);         ftf = new JTextField("");      ftf.setFont(font4);      ftf.setEditable(false);        
ftf.setBounds(770, 290,300, 30);             label1.add(ftf);          sl = new JLabel("Street/Lane : ");        
sl.setFont(font4);    sl.setBounds(1100, 290, 320, 30);        label1.add(sl);         stf = new JTextField("");      
stf.setFont(font4);        stf.setBounds(1250, 290,300, 30);          stf.setEditable(false);          label1.add(stf);         
 al = new JLabel("Area/Locality : ");        al.setFont(font4);    al.setBounds(2, 330, 320, 30);        label1.add(al);        
 atf = new JTextField("");      atf.setFont(font4);        atf.setBounds(190, 330,300, 30);          atf.setEditable(false);    
      label1.add(atf);          pl = new JLabel("Pin Code : ");        pl.setFont(font4);    pl.setBounds(660, 330, 320, 30);   
     label1.add( pl);          ptf = new JTextField("");     ptf.setFont(font4);        ptf.setBounds(770,330,300, 30);         
ptf.setEditable(false);          label1.add(ptf);          stl = new JLabel("State : ");        stl.setFont(font4);     
stl.setBounds(1100, 330, 320, 30);        label1.add( stl);          sttf = new JTextField("");      sttf.setFont(font4);       
  sttf.setBounds(1250, 330,300, 30);           sttf.setEditable(false);          label1.add( sttf);           cl = new 
JLabel("CityTown : ");         cl.setFont(font4);      cl.setBounds(2, 370, 320, 30);        label1.add(  cl);           ctf = 
new JTextField("");      ctf.setFont(font4);          ctf.setBounds(190, 370,300, 30);          ctf.setEditable(false);         
 label1.add(  ctf);          med = new JLabel("Medicine Details ");         med.setFont(font3);     med.setBounds(2, 430, 320, 
30);        label1.add(med);                                     mnfl  = new JLabel("Manufacture Date : ");        
mnfl.setFont(font4);       mnfl.setBounds(2, 490, 320, 30);           label1.add(mnfl);         mnfltf  = new JTextField("");   
     mnfltf.setFont(font4);       mnfltf.setBounds(290, 490, 300, 30);      mnfltf.setEditable(false);         
label1.add(mnfltf);               expl = new JLabel("Expiry Date : ");         expl.setFont(font4);         
expl.setBounds(630,490, 320, 30);        label1.add( expl);         expltf = new JTextField("");        expltf.setFont(font4);  
     expltf.setBounds(780, 490,300, 30);        expltf.setEditable(false);         label1.add( expltf);                typel = 
new JLabel("Type : ");         typel.setFont(font4);          typel.setBounds(1130,490, 320, 30);        label1.add( typel);    
      typetf = new JTextField("");        typetf.setFont(font4);        typetf.setBounds(1280, 490,300, 30);         
typetf.setEditable(false);         label1.add( typetf);       numl = new JLabel("Number of Tablet or Syrup : ");          
numl.setFont(font4);          numl.setBounds(2,530, 320, 30);        label1.add(  numl);         numtf = new JTextField("");    
    numtf.setFont(font4);       numtf.setBounds(290, 530,300, 30);       numtf.setEditable(false);         label1.add(numtf);   
      timel = new JLabel("Donate Time : ");         timel.setFont(font4);          timel.setBounds(630,530, 320, 30);        
label1.add( timel);         timetf = new JTextField("");       timetf.setFont(font4);      timetf.setBounds(780, 530,300, 30);  
     timetf.setEditable(false);         label1.add(timetf);         datel = new JLabel("Donate Date : ");         
datel.setFont(font4);          datel.setBounds(1130,530, 320, 30);                  label1.add( datel);         datetf = new 
JTextField("");     datetf.setFont(font4);      datetf.setBounds(1280, 530,300, 30);       datetf.setEditable(false);         
label1.add(datetf);                           back= new JButton("Back");       back.setCursor(cursor);        
back.setFont(font3);     back.setBounds(600,620,680, 40);        label1.add(  back);                         Handler handler = 
new Handler();        homepage.addActionListener(handler);        search.addActionListener(handler);     
assign.addActionListener(handler);     viewmedicine.addActionListener(handler);     viewuser.addActionListener(handler);      
buymed.addActionListener(handler);            collect.addActionListener(handler);       logout.addActionListener(handler);      
 back.addActionListener(handler);        }      class Handler implements ActionListener{    public void 
actionPerformed(ActionEvent ae) {        String medname = nameltf.getSelectedItem().toString();        String exname = 
enamef.getSelectedItem().toString();        String exemail = etf.getSelectedItem().toString();        String dname = 
nf.getSelectedItem().toString();        String demail = ef.getSelectedItem().toString();        if(ae.getSource()==search){     
       int a=0;        if(medname.isEmpty()|| exname.isEmpty()|| exemail.isEmpty()||dname.isEmpty()||demail.isEmpty())          
  {                JOptionPane.showMessageDialog(null, "Please Enter medicine name or Executive Name or Executive Email or 
Donator Name or Donator Email","Warning",JOptionPane.ERROR_MESSAGE);            }        else{                  try {           
             String sql = "SELECT * FROM `donate medicine` WHERE `Medicine Name`=? AND `Executive Name`=? AND `Executive 
Email`=? AND `User Name`=? AND `User Email`=?";                      con = (Connection) 
DriverManager.getConnection("jdbc:mysql://localhost/MedConnect","root", "");            pst =   (PreparedStatement) 
con.prepareStatement(sql);            pst.setString(1, medname);            pst.setString(2, exname);            
pst.setString(3, exemail);            pst.setString(4, dname);            pst.setString(5, demail);          rs = 
pst.executeQuery();          while(rs.next()){                     mnfltf.setText(rs.getString("Manufacture Date"));            
 expltf.setText(rs.getString("Expiry Date"));           typetf.setText(rs.getString("Medicine Type"));           
numtf.setText(rs.getString("Number of Tablet"));            timetf.setText(rs.getString("Donate Time"));           
datetf.setText(rs.getString("Donate Date"));                           cf.setText(rs.getString("Contact Number"));              
 ftf.setText(rs.getString("Flat No"));                 stf.setText(rs.getString("Street"));                  
atf.setText(rs.getString("Area"));                  ptf.setText(rs.getString("Pin Code"));             
sttf.setText(rs.getString("State"));              ctf.setText(rs.getString("CityTown"));                                      
a=1;             break;                                                          }                         con.close();         
  pst.close();                   } catch (SQLException ex) {             JOptionPane.showMessageDialog(null, "Something Error 
"+ex);                   }                  if(a==0)                  {                       
JOptionPane.showMessageDialog(null, "Please Enter Correct medicine name or Executive Name or Executive Email or Donator Name or 
Donator Details ","Warning",JOptionPane.ERROR_MESSAGE);                  }            }                   }        
if(ae.getSource() ==  homepage)                    {            setVisible(false);            HomePage frame = new  HomePage(); 
           frame.setVisible(true);        }        if(ae.getSource() ==  assign)                    {            
setVisible(false);          Viewassignexecutive frame = new Viewassignexecutive();          frame.setVisible(true);             
    }        if(ae.getSource() ==  viewmedicine)                    {            setVisible(false);          MedicineView frame 
= new MedicineView();          frame.setVisible(true);                 }        if(ae.getSource() ==  viewuser)                 
   {            setVisible(false);          User frame = new User();          frame.setVisible(true);                 }        
if(ae.getSource()==buymed)        {             setVisible(false);         BuyMedicine frame = new BuyMedicine();          
frame.setVisible(true);        }                         if(ae.getSource()==collect)        {             setVisible(false);    
     CollectMedicine frame = new CollectMedicine();          frame.setVisible(true);        }                 
if(ae.getSource()==back)        {             setVisible(false);        ViewDonateMedicine frame = new  ViewDonateMedicine ();  
        frame.setVisible(true);        }                      if(ae.getSource()==logout)        {                   int a = 
JOptionPane.showConfirmDialog(null, "Are You Sure?");          if(a==JOptionPane.YES_OPTION){           setVisible(false);      
     ExecutiveLogin frame = new ExecutiveLogin();          frame.setVisible(true);          }        }           }              
  }         void  ComboBox()    {        try{           String sql1 = "SELECT * FROM `donate medicine` " ;                      
          con1 = (Connection) DriverManager.getConnection("jdbc:mysql://localhost/MedConnect","root", "");                pst1 
=   (PreparedStatement) con1.prepareStatement(sql1);                               rs1 = pst1.executeQuery();                
while(rs1.next()){                    String name = rs1.getString("Medicine Name");            String exname = 
rs1.getString("Executive Name");            String exemail = rs1.getString("Executive Email");            String dname = 
rs1.getString("User Name");            String demail = rs1.getString("User Email");            nameltf.addItem(name);           
 enamef.addItem(exname);            etf.addItem(exemail);            nf.addItem(dname);            ef.addItem(demail);          
      }        }catch(Exception e)        {                    }    }     public static void main(String[] args) {        
ViewDetails frame = new ViewDetails();        frame.setVisible(true);        } }        
                                                                                                                                
                                                                                                                                
                                                                                                                                
                                                                                                                                
                                                                                                                                
                                                                                                                                
                                                                                                                                
                                                                                                                                
                                                                                                                                
                                                                                                                                
                                                                                                                                
                                                                                                                                
                                                                                                                                
                                                                                                                                
                                                                                                                                
                                                                                                                                
                                                                                                                                
                                                                                                                                
                                                                                                                                
                                                                                                                                
                                                                                                                                
                                                                                                                                
                                                                                                                                
                                                                                                                                
                                                                                                                                
                                                                                                                                
                                                                                                                                
                                                                                                                                
                                                                                                                                
                                                                                                                                
                                                                                                                                
                                                                                                                                
                                                                                                                                
                                                                                                                                
                                                                                                                                
                                                                                                                                
                                                                                                                                
                                                                                                                                
                                                                                                                                
                                                                                                                                
                                                                                                                                
                                                                                                                                
                                                                                                                                
                                                                                                                                
                                                                                                                                
                                                                                                                                
                                                                                                                                
                                                                                                                                
                                                                                                                                
                                                                                                                                
                                                                                                                                
                                                                                                                                
                                                                                                                                
                                                                                                                                
                                                                                                                                
                                                                                                                                
                                                                                                                                
                                                                                                                                
                                                                                                                                
                                                                                                                                
                                                                                                                                
                                                                                                                                
                                                                                                                                
                                                                                                                                
                                                                                                                                
                                                                                                                                
                                                                                                                                
                                                                                                                                
                                                                                                                                
                                                                                                                                
                                                                                                                                
                                                                                                                                
                                                                                                                                
                                                                                                                                
                                                                                                                                
                                                                                                                                
                                                                                                                                
                                                                                                                                
                                                                                                                                
                                                                                                                                
                                                                                                                                
                                                                                                                                
                                                                                                                                
                                                                                                                                
                                                                                                                                
                                                                                                                                
                                                                                                                                
                                                                                                                                
                                                                                                                                
                                                                                                                                
                                                                                                                                
                                                                                                                                
                                                                                                                                
                                                                                                                                
                                                                                                                                
                                                                                                                                
                                                                                                                                
                                                                                                                                
                                                                                                                                
                                                                                                                                
                                                                                                                                
                                                                                                                                
                                                                                                                                
                                                                                                                                
                                                                                                                                
                                                                                                                                
                                                                                                                                
                                                                                                                                
                                                                                                                                
                                                                                                                                
                                                                                                                                
                                                                                                                                
                                                                                                                                
                                                                                                                                
                                                                                                                                
                                                                                                                                
                                                                                                                                
                                                                                                                                
                                                                                                                                
                                                                                                                                
                                                                                                                                
                                                                                                                                
                                                                                                                                
                                                                                                                                
                                                                                                                                
                                                                                                                                
                                                                                                                                
                                                                                                                                
                                                                                                                                
                           ^
  where E is a type-variable:
    E extends Object declared in class JComboBox
ViewDetails.java:1: warning: [unchecked] unchecked call to addItem(E) as a member of the raw type JComboBox
/* * To change this license header, choose License Headers in Project Properties. * To change this template file, choose Tools 
| Templates * and open the template in the editor. */package online.medicine.donation.system;import 
com.mysql.jdbc.Connection;import com.mysql.jdbc.PreparedStatement;import java.awt.Color;import java.awt.Container;import 
java.awt.Cursor;import java.awt.Font;import java.awt.event.ActionEvent;import java.awt.event.ActionListener;import 
java.sql.DriverManager;import java.sql.ResultSet;import java.sql.SQLException;import javax.swing.ImageIcon;import 
javax.swing.JButton;import javax.swing.JCheckBox;import javax.swing.JComboBox;import javax.swing.JFrame;import 
javax.swing.JLabel;import javax.swing.JOptionPane;import javax.swing.JPasswordField;import javax.swing.JScrollPane;import 
javax.swing.JTable;import javax.swing.JTextField;import javax.swing.table.DefaultTableModel;/** * * @author Hp */public class 
ViewDetails extends JFrame{     private JLabel title,userlabel,title1,label2,label,label1, timel,datel,eml, med, 
namel,pricel,mnfl,expl,title2,numl,typel,exel,personal,rl,ml,enamel,fl,sl,al,pl,stl,cl,n,e,c1;    private JTextField 
priceltf,mnfltf,expltf,numtf,ftf,stf,atf,ptf,sttf,ctf,cf,medtf,timetf,datetf,typetf;     private JButton  
homepage,order,search, executive, logout,assign,collect,buymed,viewmedicine,viewuser, donate,view,back;     private JTable 
table;   private JComboBox nameltf,enamef,etf,ef,nf;     private DefaultTableModel mode;    private JScrollPane scroll;    
Container c;    Connection con,con1;    PreparedStatement pst,pst1;    ResultSet rs,rs1;   String uname = 
ExecutiveLogin.nametf.getText();                             ViewDetails()    {              initComponents();          
ComboBox();    }     void initComponents()    {              this.setDefaultCloseOperation(JFrame.EXIT_ON_CLOSE);        
this.setSize(1930, 1030);        this.setTitle("Executive ");        c = this.getContentPane();        c.setLayout(null);       
 this.setResizable(false);         c.setBackground(Color.GRAY);                       Font font = new 
Font("Arial",Font.BOLD,42);         title = new JLabel("MedConnect");        title.setFont(font);        title.setBounds(2, 2, 
1930, 80);        title.setForeground(Color.BLUE);        title.setOpaque(true);        title.setBackground(Color.ORANGE);     
c.add(title);        label = new JLabel();        label.setBounds(1, 100, 1930, 150);        label.setOpaque(true);        
label.setBackground(Color.MAGENTA);       c.add(label);        Cursor cursor = new Cursor(Cursor.HAND_CURSOR);              
Font font1 = new Font("Arial",Font.BOLD,24);         homepage = new JButton("Home Page");        homepage.setFont(font1);       
        homepage.setBounds(20, 30, 170, 80);                homepage.setCursor(cursor);         label.add(homepage);            
      assign = new JButton("View Assigned User");     assign.setFont(font1);     assign.setBounds(191, 30, 270, 80);       
assign.setCursor(cursor);        label.add(assign);        viewmedicine = new JButton("View Medicine");      
viewmedicine.setFont(font1);        viewmedicine.setBounds(462, 30, 224, 80);      viewmedicine.setCursor(cursor);        
label.add(viewmedicine);        viewuser = new JButton("View User");     viewuser.setFont(font1);        
viewuser.setBounds(687, 30, 170, 80);      viewuser.setCursor(cursor);        label.add(viewuser);        buymed = new 
JButton("Buy Medicine");       buymed.setFont(font1);        buymed.setBounds(858, 30, 190, 80);       
buymed.setCursor(cursor);        label.add(buymed);      collect = new JButton("Collect Medicine");       
collect.setCursor(cursor);        collect.setFont(font1);      collect.setBounds(1049, 30, 230, 80);       label.add(collect);  
                  logout = new JButton("LogOut");       logout.setFont(font1);        logout.setBounds(1280, 30, 120, 80);      
 logout.setCursor(cursor);        label.add(logout);                label2 = new JLabel("Hi "+uname);                           
 label2.setBounds(1660, 30, 500, 80);         label2.setFont(font1);         label2.setToolTipText(uname);                      
       label.add(label2);            label1 = new JLabel();         label1.setBounds(1, 260,1930,1030);         
label1.setOpaque(true);          label1.setBackground(Color.LIGHT_GRAY);        c.add(  label1);        title1 = new 
JLabel("View Donate Medicine");        title1.setFont(font1);        title1.setBounds(1, 1, 1900, 40);        
title1.setForeground(Color.BLUE);       title1.setOpaque(true);       title1.setBackground(Color.ORANGE);       
label1.add(title1);       Font font3 = new Font("Arial",Font.BOLD,26);          Font font4 = new Font("Arial",Font.BOLD,21);    
     title2 = new JLabel("Please Enter medicine Name or executive name or executive email or donator name or donator email and 
click the search button ");        title2.setFont(font4);        title2.setBounds(400, 45, 1900, 27);         
label1.add(title2);           namel = new JLabel("Medicine Name : ");       namel.setFont(font4);      namel.setBounds(2, 100, 
320, 30);        label1.add(namel);       nameltf = new JComboBox();      nameltf.setFont(font4);        nameltf.setBounds(180, 
100,300, 30);             label1.add(nameltf);         enamel = new JLabel("Executive Name : ");        enamel.setFont(font4);  
   enamel.setBounds(550, 100, 320, 30);        label1.add( enamel);        enamef = new JComboBox();        
enamef.setFont(font4);     enamef.setBounds(740, 100, 300, 30);        label1.add( enamef);                eml = new 
JLabel("Executive Email : ");        eml.setFont(font4);     eml.setBounds(1090, 100, 320, 30);        label1.add(eml);        
etf = new JComboBox();         etf .setFont(font4);      etf .setBounds(1280, 100, 300, 30);        label1.add( etf );          
     n = new JLabel("Donator Name : ");        n.setFont(font4);     n.setBounds(2, 140, 320, 30);        label1.add(n);        
nf = new JComboBox();              nf.setFont(font4);        nf.setBounds(180, 140,300, 30);             label1.add(nf);        
   e = new JLabel("Donator Email : ");        e.setFont(font4);     e.setBounds(550, 140, 320, 30);        label1.add(e);       
  ef = new JComboBox();      ef.setFont(font4);        ef.setBounds(740, 140,300, 30);                   label1.add(ef);        
   search = new JButton("Search");       search .setCursor(cursor);         search.setFont(font3);        search.setBounds(600, 
180, 500, 40);        label1.add( search);        exel = new JLabel("Donator Details ");        exel.setFont(font3);     
exel.setBounds(2, 250, 320, 30);        label1.add (exel);           c1 = new JLabel("Contact Number : ");        
c1.setFont(font4);     c1.setBounds(2, 290, 320, 30);        label1.add(c1);         cf = new JTextField("");      
cf.setFont(font4);     cf.setEditable(false);        cf.setBounds(190, 290,300, 30);             label1.add(cf);                
     fl = new JLabel("Flate/Door/Block No : ");        fl.setFont(font4);     fl.setBounds(550, 290, 320, 30);        
label1.add(fl);         ftf = new JTextField("");      ftf.setFont(font4);      ftf.setEditable(false);        
ftf.setBounds(770, 290,300, 30);             label1.add(ftf);          sl = new JLabel("Street/Lane : ");        
sl.setFont(font4);    sl.setBounds(1100, 290, 320, 30);        label1.add(sl);         stf = new JTextField("");      
stf.setFont(font4);        stf.setBounds(1250, 290,300, 30);          stf.setEditable(false);          label1.add(stf);         
 al = new JLabel("Area/Locality : ");        al.setFont(font4);    al.setBounds(2, 330, 320, 30);        label1.add(al);        
 atf = new JTextField("");      atf.setFont(font4);        atf.setBounds(190, 330,300, 30);          atf.setEditable(false);    
      label1.add(atf);          pl = new JLabel("Pin Code : ");        pl.setFont(font4);    pl.setBounds(660, 330, 320, 30);   
     label1.add( pl);          ptf = new JTextField("");     ptf.setFont(font4);        ptf.setBounds(770,330,300, 30);         
ptf.setEditable(false);          label1.add(ptf);          stl = new JLabel("State : ");        stl.setFont(font4);     
stl.setBounds(1100, 330, 320, 30);        label1.add( stl);          sttf = new JTextField("");      sttf.setFont(font4);       
  sttf.setBounds(1250, 330,300, 30);           sttf.setEditable(false);          label1.add( sttf);           cl = new 
JLabel("CityTown : ");         cl.setFont(font4);      cl.setBounds(2, 370, 320, 30);        label1.add(  cl);           ctf = 
new JTextField("");      ctf.setFont(font4);          ctf.setBounds(190, 370,300, 30);          ctf.setEditable(false);         
 label1.add(  ctf);          med = new JLabel("Medicine Details ");         med.setFont(font3);     med.setBounds(2, 430, 320, 
30);        label1.add(med);                                     mnfl  = new JLabel("Manufacture Date : ");        
mnfl.setFont(font4);       mnfl.setBounds(2, 490, 320, 30);           label1.add(mnfl);         mnfltf  = new JTextField("");   
     mnfltf.setFont(font4);       mnfltf.setBounds(290, 490, 300, 30);      mnfltf.setEditable(false);         
label1.add(mnfltf);               expl = new JLabel("Expiry Date : ");         expl.setFont(font4);         
expl.setBounds(630,490, 320, 30);        label1.add( expl);         expltf = new JTextField("");        expltf.setFont(font4);  
     expltf.setBounds(780, 490,300, 30);        expltf.setEditable(false);         label1.add( expltf);                typel = 
new JLabel("Type : ");         typel.setFont(font4);          typel.setBounds(1130,490, 320, 30);        label1.add( typel);    
      typetf = new JTextField("");        typetf.setFont(font4);        typetf.setBounds(1280, 490,300, 30);         
typetf.setEditable(false);         label1.add( typetf);       numl = new JLabel("Number of Tablet or Syrup : ");          
numl.setFont(font4);          numl.setBounds(2,530, 320, 30);        label1.add(  numl);         numtf = new JTextField("");    
    numtf.setFont(font4);       numtf.setBounds(290, 530,300, 30);       numtf.setEditable(false);         label1.add(numtf);   
      timel = new JLabel("Donate Time : ");         timel.setFont(font4);          timel.setBounds(630,530, 320, 30);        
label1.add( timel);         timetf = new JTextField("");       timetf.setFont(font4);      timetf.setBounds(780, 530,300, 30);  
     timetf.setEditable(false);         label1.add(timetf);         datel = new JLabel("Donate Date : ");         
datel.setFont(font4);          datel.setBounds(1130,530, 320, 30);                  label1.add( datel);         datetf = new 
JTextField("");     datetf.setFont(font4);      datetf.setBounds(1280, 530,300, 30);       datetf.setEditable(false);         
label1.add(datetf);                           back= new JButton("Back");       back.setCursor(cursor);        
back.setFont(font3);     back.setBounds(600,620,680, 40);        label1.add(  back);                         Handler handler = 
new Handler();        homepage.addActionListener(handler);        search.addActionListener(handler);     
assign.addActionListener(handler);     viewmedicine.addActionListener(handler);     viewuser.addActionListener(handler);      
buymed.addActionListener(handler);            collect.addActionListener(handler);       logout.addActionListener(handler);      
 back.addActionListener(handler);        }      class Handler implements ActionListener{    public void 
actionPerformed(ActionEvent ae) {        String medname = nameltf.getSelectedItem().toString();        String exname = 
enamef.getSelectedItem().toString();        String exemail = etf.getSelectedItem().toString();        String dname = 
nf.getSelectedItem().toString();        String demail = ef.getSelectedItem().toString();        if(ae.getSource()==search){     
       int a=0;        if(medname.isEmpty()|| exname.isEmpty()|| exemail.isEmpty()||dname.isEmpty()||demail.isEmpty())          
  {                JOptionPane.showMessageDialog(null, "Please Enter medicine name or Executive Name or Executive Email or 
Donator Name or Donator Email","Warning",JOptionPane.ERROR_MESSAGE);            }        else{                  try {           
             String sql = "SELECT * FROM `donate medicine` WHERE `Medicine Name`=? AND `Executive Name`=? AND `Executive 
Email`=? AND `User Name`=? AND `User Email`=?";                      con = (Connection) 
DriverManager.getConnection("jdbc:mysql://localhost/MedConnect","root", "");            pst =   (PreparedStatement) 
con.prepareStatement(sql);            pst.setString(1, medname);            pst.setString(2, exname);            
pst.setString(3, exemail);            pst.setString(4, dname);            pst.setString(5, demail);          rs = 
pst.executeQuery();          while(rs.next()){                     mnfltf.setText(rs.getString("Manufacture Date"));            
 expltf.setText(rs.getString("Expiry Date"));           typetf.setText(rs.getString("Medicine Type"));           
numtf.setText(rs.getString("Number of Tablet"));            timetf.setText(rs.getString("Donate Time"));           
datetf.setText(rs.getString("Donate Date"));                           cf.setText(rs.getString("Contact Number"));              
 ftf.setText(rs.getString("Flat No"));                 stf.setText(rs.getString("Street"));                  
atf.setText(rs.getString("Area"));                  ptf.setText(rs.getString("Pin Code"));             
sttf.setText(rs.getString("State"));              ctf.setText(rs.getString("CityTown"));                                      
a=1;             break;                                                          }                         con.close();         
  pst.close();                   } catch (SQLException ex) {             JOptionPane.showMessageDialog(null, "Something Error 
"+ex);                   }                  if(a==0)                  {                       
JOptionPane.showMessageDialog(null, "Please Enter Correct medicine name or Executive Name or Executive Email or Donator Name or 
Donator Details ","Warning",JOptionPane.ERROR_MESSAGE);                  }            }                   }        
if(ae.getSource() ==  homepage)                    {            setVisible(false);            HomePage frame = new  HomePage(); 
           frame.setVisible(true);        }        if(ae.getSource() ==  assign)                    {            
setVisible(false);          Viewassignexecutive frame = new Viewassignexecutive();          frame.setVisible(true);             
    }        if(ae.getSource() ==  viewmedicine)                    {            setVisible(false);          MedicineView frame 
= new MedicineView();          frame.setVisible(true);                 }        if(ae.getSource() ==  viewuser)                 
   {            setVisible(false);          User frame = new User();          frame.setVisible(true);                 }        
if(ae.getSource()==buymed)        {             setVisible(false);         BuyMedicine frame = new BuyMedicine();          
frame.setVisible(true);        }                         if(ae.getSource()==collect)        {             setVisible(false);    
     CollectMedicine frame = new CollectMedicine();          frame.setVisible(true);        }                 
if(ae.getSource()==back)        {             setVisible(false);        ViewDonateMedicine frame = new  ViewDonateMedicine ();  
        frame.setVisible(true);        }                      if(ae.getSource()==logout)        {                   int a = 
JOptionPane.showConfirmDialog(null, "Are You Sure?");          if(a==JOptionPane.YES_OPTION){           setVisible(false);      
     ExecutiveLogin frame = new ExecutiveLogin();          frame.setVisible(true);          }        }           }              
  }         void  ComboBox()    {        try{           String sql1 = "SELECT * FROM `donate medicine` " ;                      
          con1 = (Connection) DriverManager.getConnection("jdbc:mysql://localhost/MedConnect","root", "");                pst1 
=   (PreparedStatement) con1.prepareStatement(sql1);                               rs1 = pst1.executeQuery();                
while(rs1.next()){                    String name = rs1.getString("Medicine Name");            String exname = 
rs1.getString("Executive Name");            String exemail = rs1.getString("Executive Email");            String dname = 
rs1.getString("User Name");            String demail = rs1.getString("User Email");            nameltf.addItem(name);           
 enamef.addItem(exname);            etf.addItem(exemail);            nf.addItem(dname);            ef.addItem(demail);          
      }        }catch(Exception e)        {                    }    }     public static void main(String[] args) {        
ViewDetails frame = new ViewDetails();        frame.setVisible(true);        } }        
                                                                                                                                
                                                                                                                                
                                                                                                                                
                                                                                                                                
                                                                                                                                
                                                                                                                                
                                                                                                                                
                                                                                                                                
                                                                                                                                
                                                                                                                                
                                                                                                                                
                                                                                                                                
                                                                                                                                
                                                                                                                                
                                                                                                                                
                                                                                                                                
                                                                                                                                
                                                                                                                                
                                                                                                                                
                                                                                                                                
                                                                                                                                
                                                                                                                                
                                                                                                                                
                                                                                                                                
                                                                                                                                
                                                                                                                                
                                                                                                                                
                                                                                                                                
                                                                                                                                
                                                                                                                                
                                                                                                                                
                                                                                                                                
                                                                                                                                
                                                                                                                                
                                                                                                                                
                                                                                                                                
                                                                                                                                
                                                                                                                                
                                                                                                                                
                                                                                                                                
                                                                                                                                
                                                                                                                                
                                                                                                                                
                                                                                                                                
                                                                                                                                
                                                                                                                                
                                                                                                                                
                                                                                                                                
                                                                                                                                
                                                                                                                                
                                                                                                                                
                                                                                                                                
                                                                                                                                
                                                                                                                                
                                                                                                                                
                                                                                                                                
                                                                                                                                
                                                                                                                                
                                                                                                                                
                                                                                                                                
                                                                                                                                
                                                                                                                                
                                                                                                                                
                                                                                                                                
                                                                                                                                
                                                                                                                                
                                                                                                                                
                                                                                                                                
                                                                                                                                
                                                                                                                                
                                                                                                                                
                                                                                                                                
                                                                                                                                
                                                                                                                                
                                                                                                                                
                                                                                                                                
                                                                                                                                
                                                                                                                                
                                                                                                                                
                                                                                                                                
                                                                                                                                
                                                                                                                                
                                                                                                                                
                                                                                                                                
                                                                                                                                
                                                                                                                                
                                                                                                                                
                                                                                                                                
                                                                                                                                
                                                                                                                                
                                                                                                                                
                                                                                                                                
                                                                                                                                
                                                                                                                                
                                                                                                                                
                                                                                                                                
                                                                                                                                
                                                                                                                                
                                                                                                                                
                                                                                                                                
                                                                                                                                
                                                                                                                                
                                                                                                                                
                                                                                                                                
                                                                                                                                
                                                                                                                                
                                                                                                                                
                                                                                                                                
                                                                                                                                
                                                                                                                                
                                                                                                                                
                                                                                                                                
                                                                                                                                
                                                                                                                                
                                                                                                                                
                                                                                                                                
                                                                                                                                
                                                                                                                                
                                                                                                                                
                                                                                                                                
                                                                                                                                
                                                                                                                                
                                                                                                                                
                                                                                                                                
                                                                                                                                
                                                                                                                                
                                                                                                                                
                                                                                                                                
                                                                                                                                
                                                           ^
  where E is a type-variable:
    E extends Object declared in class JComboBox
ViewDetails.java:1: warning: [unchecked] unchecked call to addItem(E) as a member of the raw type JComboBox
/* * To change this license header, choose License Headers in Project Properties. * To change this template file, choose Tools 
| Templates * and open the template in the editor. */package online.medicine.donation.system;import 
com.mysql.jdbc.Connection;import com.mysql.jdbc.PreparedStatement;import java.awt.Color;import java.awt.Container;import 
java.awt.Cursor;import java.awt.Font;import java.awt.event.ActionEvent;import java.awt.event.ActionListener;import 
java.sql.DriverManager;import java.sql.ResultSet;import java.sql.SQLException;import javax.swing.ImageIcon;import 
javax.swing.JButton;import javax.swing.JCheckBox;import javax.swing.JComboBox;import javax.swing.JFrame;import 
javax.swing.JLabel;import javax.swing.JOptionPane;import javax.swing.JPasswordField;import javax.swing.JScrollPane;import 
javax.swing.JTable;import javax.swing.JTextField;import javax.swing.table.DefaultTableModel;/** * * @author Hp */public class 
ViewDetails extends JFrame{     private JLabel title,userlabel,title1,label2,label,label1, timel,datel,eml, med, 
namel,pricel,mnfl,expl,title2,numl,typel,exel,personal,rl,ml,enamel,fl,sl,al,pl,stl,cl,n,e,c1;    private JTextField 
priceltf,mnfltf,expltf,numtf,ftf,stf,atf,ptf,sttf,ctf,cf,medtf,timetf,datetf,typetf;     private JButton  
homepage,order,search, executive, logout,assign,collect,buymed,viewmedicine,viewuser, donate,view,back;     private JTable 
table;   private JComboBox nameltf,enamef,etf,ef,nf;     private DefaultTableModel mode;    private JScrollPane scroll;    
Container c;    Connection con,con1;    PreparedStatement pst,pst1;    ResultSet rs,rs1;   String uname = 
ExecutiveLogin.nametf.getText();                             ViewDetails()    {              initComponents();          
ComboBox();    }     void initComponents()    {              this.setDefaultCloseOperation(JFrame.EXIT_ON_CLOSE);        
this.setSize(1930, 1030);        this.setTitle("Executive ");        c = this.getContentPane();        c.setLayout(null);       
 this.setResizable(false);         c.setBackground(Color.GRAY);                       Font font = new 
Font("Arial",Font.BOLD,42);         title = new JLabel("MedConnect");        title.setFont(font);        title.setBounds(2, 2, 
1930, 80);        title.setForeground(Color.BLUE);        title.setOpaque(true);        title.setBackground(Color.ORANGE);     
c.add(title);        label = new JLabel();        label.setBounds(1, 100, 1930, 150);        label.setOpaque(true);        
label.setBackground(Color.MAGENTA);       c.add(label);        Cursor cursor = new Cursor(Cursor.HAND_CURSOR);              
Font font1 = new Font("Arial",Font.BOLD,24);         homepage = new JButton("Home Page");        homepage.setFont(font1);       
        homepage.setBounds(20, 30, 170, 80);                homepage.setCursor(cursor);         label.add(homepage);            
      assign = new JButton("View Assigned User");     assign.setFont(font1);     assign.setBounds(191, 30, 270, 80);       
assign.setCursor(cursor);        label.add(assign);        viewmedicine = new JButton("View Medicine");      
viewmedicine.setFont(font1);        viewmedicine.setBounds(462, 30, 224, 80);      viewmedicine.setCursor(cursor);        
label.add(viewmedicine);        viewuser = new JButton("View User");     viewuser.setFont(font1);        
viewuser.setBounds(687, 30, 170, 80);      viewuser.setCursor(cursor);        label.add(viewuser);        buymed = new 
JButton("Buy Medicine");       buymed.setFont(font1);        buymed.setBounds(858, 30, 190, 80);       
buymed.setCursor(cursor);        label.add(buymed);      collect = new JButton("Collect Medicine");       
collect.setCursor(cursor);        collect.setFont(font1);      collect.setBounds(1049, 30, 230, 80);       label.add(collect);  
                  logout = new JButton("LogOut");       logout.setFont(font1);        logout.setBounds(1280, 30, 120, 80);      
 logout.setCursor(cursor);        label.add(logout);                label2 = new JLabel("Hi "+uname);                           
 label2.setBounds(1660, 30, 500, 80);         label2.setFont(font1);         label2.setToolTipText(uname);                      
       label.add(label2);            label1 = new JLabel();         label1.setBounds(1, 260,1930,1030);         
label1.setOpaque(true);          label1.setBackground(Color.LIGHT_GRAY);        c.add(  label1);        title1 = new 
JLabel("View Donate Medicine");        title1.setFont(font1);        title1.setBounds(1, 1, 1900, 40);        
title1.setForeground(Color.BLUE);       title1.setOpaque(true);       title1.setBackground(Color.ORANGE);       
label1.add(title1);       Font font3 = new Font("Arial",Font.BOLD,26);          Font font4 = new Font("Arial",Font.BOLD,21);    
     title2 = new JLabel("Please Enter medicine Name or executive name or executive email or donator name or donator email and 
click the search button ");        title2.setFont(font4);        title2.setBounds(400, 45, 1900, 27);         
label1.add(title2);           namel = new JLabel("Medicine Name : ");       namel.setFont(font4);      namel.setBounds(2, 100, 
320, 30);        label1.add(namel);       nameltf = new JComboBox();      nameltf.setFont(font4);        nameltf.setBounds(180, 
100,300, 30);             label1.add(nameltf);         enamel = new JLabel("Executive Name : ");        enamel.setFont(font4);  
   enamel.setBounds(550, 100, 320, 30);        label1.add( enamel);        enamef = new JComboBox();        
enamef.setFont(font4);     enamef.setBounds(740, 100, 300, 30);        label1.add( enamef);                eml = new 
JLabel("Executive Email : ");        eml.setFont(font4);     eml.setBounds(1090, 100, 320, 30);        label1.add(eml);        
etf = new JComboBox();         etf .setFont(font4);      etf .setBounds(1280, 100, 300, 30);        label1.add( etf );          
     n = new JLabel("Donator Name : ");        n.setFont(font4);     n.setBounds(2, 140, 320, 30);        label1.add(n);        
nf = new JComboBox();              nf.setFont(font4);        nf.setBounds(180, 140,300, 30);             label1.add(nf);        
   e = new JLabel("Donator Email : ");        e.setFont(font4);     e.setBounds(550, 140, 320, 30);        label1.add(e);       
  ef = new JComboBox();      ef.setFont(font4);        ef.setBounds(740, 140,300, 30);                   label1.add(ef);        
   search = new JButton("Search");       search .setCursor(cursor);         search.setFont(font3);        search.setBounds(600, 
180, 500, 40);        label1.add( search);        exel = new JLabel("Donator Details ");        exel.setFont(font3);     
exel.setBounds(2, 250, 320, 30);        label1.add (exel);           c1 = new JLabel("Contact Number : ");        
c1.setFont(font4);     c1.setBounds(2, 290, 320, 30);        label1.add(c1);         cf = new JTextField("");      
cf.setFont(font4);     cf.setEditable(false);        cf.setBounds(190, 290,300, 30);             label1.add(cf);                
     fl = new JLabel("Flate/Door/Block No : ");        fl.setFont(font4);     fl.setBounds(550, 290, 320, 30);        
label1.add(fl);         ftf = new JTextField("");      ftf.setFont(font4);      ftf.setEditable(false);        
ftf.setBounds(770, 290,300, 30);             label1.add(ftf);          sl = new JLabel("Street/Lane : ");        
sl.setFont(font4);    sl.setBounds(1100, 290, 320, 30);        label1.add(sl);         stf = new JTextField("");      
stf.setFont(font4);        stf.setBounds(1250, 290,300, 30);          stf.setEditable(false);          label1.add(stf);         
 al = new JLabel("Area/Locality : ");        al.setFont(font4);    al.setBounds(2, 330, 320, 30);        label1.add(al);        
 atf = new JTextField("");      atf.setFont(font4);        atf.setBounds(190, 330,300, 30);          atf.setEditable(false);    
      label1.add(atf);          pl = new JLabel("Pin Code : ");        pl.setFont(font4);    pl.setBounds(660, 330, 320, 30);   
     label1.add( pl);          ptf = new JTextField("");     ptf.setFont(font4);        ptf.setBounds(770,330,300, 30);         
ptf.setEditable(false);          label1.add(ptf);          stl = new JLabel("State : ");        stl.setFont(font4);     
stl.setBounds(1100, 330, 320, 30);        label1.add( stl);          sttf = new JTextField("");      sttf.setFont(font4);       
  sttf.setBounds(1250, 330,300, 30);           sttf.setEditable(false);          label1.add( sttf);           cl = new 
JLabel("CityTown : ");         cl.setFont(font4);      cl.setBounds(2, 370, 320, 30);        label1.add(  cl);           ctf = 
new JTextField("");      ctf.setFont(font4);          ctf.setBounds(190, 370,300, 30);          ctf.setEditable(false);         
 label1.add(  ctf);          med = new JLabel("Medicine Details ");         med.setFont(font3);     med.setBounds(2, 430, 320, 
30);        label1.add(med);                                     mnfl  = new JLabel("Manufacture Date : ");        
mnfl.setFont(font4);       mnfl.setBounds(2, 490, 320, 30);           label1.add(mnfl);         mnfltf  = new JTextField("");   
     mnfltf.setFont(font4);       mnfltf.setBounds(290, 490, 300, 30);      mnfltf.setEditable(false);         
label1.add(mnfltf);               expl = new JLabel("Expiry Date : ");         expl.setFont(font4);         
expl.setBounds(630,490, 320, 30);        label1.add( expl);         expltf = new JTextField("");        expltf.setFont(font4);  
     expltf.setBounds(780, 490,300, 30);        expltf.setEditable(false);         label1.add( expltf);                typel = 
new JLabel("Type : ");         typel.setFont(font4);          typel.setBounds(1130,490, 320, 30);        label1.add( typel);    
      typetf = new JTextField("");        typetf.setFont(font4);        typetf.setBounds(1280, 490,300, 30);         
typetf.setEditable(false);         label1.add( typetf);       numl = new JLabel("Number of Tablet or Syrup : ");          
numl.setFont(font4);          numl.setBounds(2,530, 320, 30);        label1.add(  numl);         numtf = new JTextField("");    
    numtf.setFont(font4);       numtf.setBounds(290, 530,300, 30);       numtf.setEditable(false);         label1.add(numtf);   
      timel = new JLabel("Donate Time : ");         timel.setFont(font4);          timel.setBounds(630,530, 320, 30);        
label1.add( timel);         timetf = new JTextField("");       timetf.setFont(font4);      timetf.setBounds(780, 530,300, 30);  
     timetf.setEditable(false);         label1.add(timetf);         datel = new JLabel("Donate Date : ");         
datel.setFont(font4);          datel.setBounds(1130,530, 320, 30);                  label1.add( datel);         datetf = new 
JTextField("");     datetf.setFont(font4);      datetf.setBounds(1280, 530,300, 30);       datetf.setEditable(false);         
label1.add(datetf);                           back= new JButton("Back");       back.setCursor(cursor);        
back.setFont(font3);     back.setBounds(600,620,680, 40);        label1.add(  back);                         Handler handler = 
new Handler();        homepage.addActionListener(handler);        search.addActionListener(handler);     
assign.addActionListener(handler);     viewmedicine.addActionListener(handler);     viewuser.addActionListener(handler);      
buymed.addActionListener(handler);            collect.addActionListener(handler);       logout.addActionListener(handler);      
 back.addActionListener(handler);        }      class Handler implements ActionListener{    public void 
actionPerformed(ActionEvent ae) {        String medname = nameltf.getSelectedItem().toString();        String exname = 
enamef.getSelectedItem().toString();        String exemail = etf.getSelectedItem().toString();        String dname = 
nf.getSelectedItem().toString();        String demail = ef.getSelectedItem().toString();        if(ae.getSource()==search){     
       int a=0;        if(medname.isEmpty()|| exname.isEmpty()|| exemail.isEmpty()||dname.isEmpty()||demail.isEmpty())          
  {                JOptionPane.showMessageDialog(null, "Please Enter medicine name or Executive Name or Executive Email or 
Donator Name or Donator Email","Warning",JOptionPane.ERROR_MESSAGE);            }        else{                  try {           
             String sql = "SELECT * FROM `donate medicine` WHERE `Medicine Name`=? AND `Executive Name`=? AND `Executive 
Email`=? AND `User Name`=? AND `User Email`=?";                      con = (Connection) 
DriverManager.getConnection("jdbc:mysql://localhost/MedConnect","root", "");            pst =   (PreparedStatement) 
con.prepareStatement(sql);            pst.setString(1, medname);            pst.setString(2, exname);            
pst.setString(3, exemail);            pst.setString(4, dname);            pst.setString(5, demail);          rs = 
pst.executeQuery();          while(rs.next()){                     mnfltf.setText(rs.getString("Manufacture Date"));            
 expltf.setText(rs.getString("Expiry Date"));           typetf.setText(rs.getString("Medicine Type"));           
numtf.setText(rs.getString("Number of Tablet"));            timetf.setText(rs.getString("Donate Time"));           
datetf.setText(rs.getString("Donate Date"));                           cf.setText(rs.getString("Contact Number"));              
 ftf.setText(rs.getString("Flat No"));                 stf.setText(rs.getString("Street"));                  
atf.setText(rs.getString("Area"));                  ptf.setText(rs.getString("Pin Code"));             
sttf.setText(rs.getString("State"));              ctf.setText(rs.getString("CityTown"));                                      
a=1;             break;                                                          }                         con.close();         
  pst.close();                   } catch (SQLException ex) {             JOptionPane.showMessageDialog(null, "Something Error 
"+ex);                   }                  if(a==0)                  {                       
JOptionPane.showMessageDialog(null, "Please Enter Correct medicine name or Executive Name or Executive Email or Donator Name or 
Donator Details ","Warning",JOptionPane.ERROR_MESSAGE);                  }            }                   }        
if(ae.getSource() ==  homepage)                    {            setVisible(false);            HomePage frame = new  HomePage(); 
           frame.setVisible(true);        }        if(ae.getSource() ==  assign)                    {            
setVisible(false);          Viewassignexecutive frame = new Viewassignexecutive();          frame.setVisible(true);             
    }        if(ae.getSource() ==  viewmedicine)                    {            setVisible(false);          MedicineView frame 
= new MedicineView();          frame.setVisible(true);                 }        if(ae.getSource() ==  viewuser)                 
   {            setVisible(false);          User frame = new User();          frame.setVisible(true);                 }        
if(ae.getSource()==buymed)        {             setVisible(false);         BuyMedicine frame = new BuyMedicine();          
frame.setVisible(true);        }                         if(ae.getSource()==collect)        {             setVisible(false);    
     CollectMedicine frame = new CollectMedicine();          frame.setVisible(true);        }                 
if(ae.getSource()==back)        {             setVisible(false);        ViewDonateMedicine frame = new  ViewDonateMedicine ();  
        frame.setVisible(true);        }                      if(ae.getSource()==logout)        {                   int a = 
JOptionPane.showConfirmDialog(null, "Are You Sure?");          if(a==JOptionPane.YES_OPTION){           setVisible(false);      
     ExecutiveLogin frame = new ExecutiveLogin();          frame.setVisible(true);          }        }           }              
  }         void  ComboBox()    {        try{           String sql1 = "SELECT * FROM `donate medicine` " ;                      
          con1 = (Connection) DriverManager.getConnection("jdbc:mysql://localhost/MedConnect","root", "");                pst1 
=   (PreparedStatement) con1.prepareStatement(sql1);                               rs1 = pst1.executeQuery();                
while(rs1.next()){                    String name = rs1.getString("Medicine Name");            String exname = 
rs1.getString("Executive Name");            String exemail = rs1.getString("Executive Email");            String dname = 
rs1.getString("User Name");            String demail = rs1.getString("User Email");            nameltf.addItem(name);           
 enamef.addItem(exname);            etf.addItem(exemail);            nf.addItem(dname);            ef.addItem(demail);          
      }        }catch(Exception e)        {                    }    }     public static void main(String[] args) {        
ViewDetails frame = new ViewDetails();        frame.setVisible(true);        } }        
                                                                                                                                
                                                                                                                                
                                                                                                                                
                                                                                                                                
                                                                                                                                
                                                                                                                                
                                                                                                                                
                                                                                                                                
                                                                                                                                
                                                                                                                                
                                                                                                                                
                                                                                                                                
                                                                                                                                
                                                                                                                                
                                                                                                                                
                                                                                                                                
                                                                                                                                
                                                                                                                                
                                                                                                                                
                                                                                                                                
                                                                                                                                
                                                                                                                                
                                                                                                                                
                                                                                                                                
                                                                                                                                
                                                                                                                                
                                                                                                                                
                                                                                                                                
                                                                                                                                
                                                                                                                                
                                                                                                                                
                                                                                                                                
                                                                                                                                
                                                                                                                                
                                                                                                                                
                                                                                                                                
                                                                                                                                
                                                                                                                                
                                                                                                                                
                                                                                                                                
                                                                                                                                
                                                                                                                                
                                                                                                                                
                                                                                                                                
                                                                                                                                
                                                                                                                                
                                                                                                                                
                                                                                                                                
                                                                                                                                
                                                                                                                                
                                                                                                                                
                                                                                                                                
                                                                                                                                
                                                                                                                                
                                                                                                                                
                                                                                                                                
                                                                                                                                
                                                                                                                                
                                                                                                                                
                                                                                                                                
                                                                                                                                
                                                                                                                                
                                                                                                                                
                                                                                                                                
                                                                                                                                
                                                                                                                                
                                                                                                                                
                                                                                                                                
                                                                                                                                
                                                                                                                                
                                                                                                                                
                                                                                                                                
                                                                                                                                
                                                                                                                                
                                                                                                                                
                                                                                                                                
                                                                                                                                
                                                                                                                                
                                                                                                                                
                                                                                                                                
                                                                                                                                
                                                                                                                                
                                                                                                                                
                                                                                                                                
                                                                                                                                
                                                                                                                                
                                                                                                                                
                                                                                                                                
                                                                                                                                
                                                                                                                                
                                                                                                                                
                                                                                                                                
                                                                                                                                
                                                                                                                                
                                                                                                                                
                                                                                                                                
                                                                                                                                
                                                                                                                                
                                                                                                                                
                                                                                                                                
                                                                                                                                
                                                                                                                                
                                                                                                                                
                                                                                                                                
                                                                                                                                
                                                                                                                                
                                                                                                                                
                                                                                                                                
                                                                                                                                
                                                                                                                                
                                                                                                                                
                                                                                                                                
                                                                                                                                
                                                                                                                                
                                                                                                                                
                                                                                                                                
                                                                                                                                
                                                                                                                                
                                                                                                                                
                                                                                                                                
                                                                                                                                
                                                                                                                                
                                                                                                                                
                                                                                                                                
                                                                                                                                
                                                                                                                                
                                                                                                                                
                                                                                                                                
                                                                                                                                
                                                                                           ^
  where E is a type-variable:
    E extends Object declared in class JComboBox
ViewDetails.java:1: warning: [unchecked] unchecked call to addItem(E) as a member of the raw type JComboBox
/* * To change this license header, choose License Headers in Project Properties. * To change this template file, choose Tools 
| Templates * and open the template in the editor. */package online.medicine.donation.system;import 
com.mysql.jdbc.Connection;import com.mysql.jdbc.PreparedStatement;import java.awt.Color;import java.awt.Container;import 
java.awt.Cursor;import java.awt.Font;import java.awt.event.ActionEvent;import java.awt.event.ActionListener;import 
java.sql.DriverManager;import java.sql.ResultSet;import java.sql.SQLException;import javax.swing.ImageIcon;import 
javax.swing.JButton;import javax.swing.JCheckBox;import javax.swing.JComboBox;import javax.swing.JFrame;import 
javax.swing.JLabel;import javax.swing.JOptionPane;import javax.swing.JPasswordField;import javax.swing.JScrollPane;import 
javax.swing.JTable;import javax.swing.JTextField;import javax.swing.table.DefaultTableModel;/** * * @author Hp */public class 
ViewDetails extends JFrame{     private JLabel title,userlabel,title1,label2,label,label1, timel,datel,eml, med, 
namel,pricel,mnfl,expl,title2,numl,typel,exel,personal,rl,ml,enamel,fl,sl,al,pl,stl,cl,n,e,c1;    private JTextField 
priceltf,mnfltf,expltf,numtf,ftf,stf,atf,ptf,sttf,ctf,cf,medtf,timetf,datetf,typetf;     private JButton  
homepage,order,search, executive, logout,assign,collect,buymed,viewmedicine,viewuser, donate,view,back;     private JTable 
table;   private JComboBox nameltf,enamef,etf,ef,nf;     private DefaultTableModel mode;    private JScrollPane scroll;    
Container c;    Connection con,con1;    PreparedStatement pst,pst1;    ResultSet rs,rs1;   String uname = 
ExecutiveLogin.nametf.getText();                             ViewDetails()    {              initComponents();          
ComboBox();    }     void initComponents()    {              this.setDefaultCloseOperation(JFrame.EXIT_ON_CLOSE);        
this.setSize(1930, 1030);        this.setTitle("Executive ");        c = this.getContentPane();        c.setLayout(null);       
 this.setResizable(false);         c.setBackground(Color.GRAY);                       Font font = new 
Font("Arial",Font.BOLD,42);         title = new JLabel("MedConnect");        title.setFont(font);        title.setBounds(2, 2, 
1930, 80);        title.setForeground(Color.BLUE);        title.setOpaque(true);        title.setBackground(Color.ORANGE);     
c.add(title);        label = new JLabel();        label.setBounds(1, 100, 1930, 150);        label.setOpaque(true);        
label.setBackground(Color.MAGENTA);       c.add(label);        Cursor cursor = new Cursor(Cursor.HAND_CURSOR);              
Font font1 = new Font("Arial",Font.BOLD,24);         homepage = new JButton("Home Page");        homepage.setFont(font1);       
        homepage.setBounds(20, 30, 170, 80);                homepage.setCursor(cursor);         label.add(homepage);            
      assign = new JButton("View Assigned User");     assign.setFont(font1);     assign.setBounds(191, 30, 270, 80);       
assign.setCursor(cursor);        label.add(assign);        viewmedicine = new JButton("View Medicine");      
viewmedicine.setFont(font1);        viewmedicine.setBounds(462, 30, 224, 80);      viewmedicine.setCursor(cursor);        
label.add(viewmedicine);        viewuser = new JButton("View User");     viewuser.setFont(font1);        
viewuser.setBounds(687, 30, 170, 80);      viewuser.setCursor(cursor);        label.add(viewuser);        buymed = new 
JButton("Buy Medicine");       buymed.setFont(font1);        buymed.setBounds(858, 30, 190, 80);       
buymed.setCursor(cursor);        label.add(buymed);      collect = new JButton("Collect Medicine");       
collect.setCursor(cursor);        collect.setFont(font1);      collect.setBounds(1049, 30, 230, 80);       label.add(collect);  
                  logout = new JButton("LogOut");       logout.setFont(font1);        logout.setBounds(1280, 30, 120, 80);      
 logout.setCursor(cursor);        label.add(logout);                label2 = new JLabel("Hi "+uname);                           
 label2.setBounds(1660, 30, 500, 80);         label2.setFont(font1);         label2.setToolTipText(uname);                      
       label.add(label2);            label1 = new JLabel();         label1.setBounds(1, 260,1930,1030);         
label1.setOpaque(true);          label1.setBackground(Color.LIGHT_GRAY);        c.add(  label1);        title1 = new 
JLabel("View Donate Medicine");        title1.setFont(font1);        title1.setBounds(1, 1, 1900, 40);        
title1.setForeground(Color.BLUE);       title1.setOpaque(true);       title1.setBackground(Color.ORANGE);       
label1.add(title1);       Font font3 = new Font("Arial",Font.BOLD,26);          Font font4 = new Font("Arial",Font.BOLD,21);    
     title2 = new JLabel("Please Enter medicine Name or executive name or executive email or donator name or donator email and 
click the search button ");        title2.setFont(font4);        title2.setBounds(400, 45, 1900, 27);         
label1.add(title2);           namel = new JLabel("Medicine Name : ");       namel.setFont(font4);      namel.setBounds(2, 100, 
320, 30);        label1.add(namel);       nameltf = new JComboBox();      nameltf.setFont(font4);        nameltf.setBounds(180, 
100,300, 30);             label1.add(nameltf);         enamel = new JLabel("Executive Name : ");        enamel.setFont(font4);  
   enamel.setBounds(550, 100, 320, 30);        label1.add( enamel);        enamef = new JComboBox();        
enamef.setFont(font4);     enamef.setBounds(740, 100, 300, 30);        label1.add( enamef);                eml = new 
JLabel("Executive Email : ");        eml.setFont(font4);     eml.setBounds(1090, 100, 320, 30);        label1.add(eml);        
etf = new JComboBox();         etf .setFont(font4);      etf .setBounds(1280, 100, 300, 30);        label1.add( etf );          
     n = new JLabel("Donator Name : ");        n.setFont(font4);     n.setBounds(2, 140, 320, 30);        label1.add(n);        
nf = new JComboBox();              nf.setFont(font4);        nf.setBounds(180, 140,300, 30);             label1.add(nf);        
   e = new JLabel("Donator Email : ");        e.setFont(font4);     e.setBounds(550, 140, 320, 30);        label1.add(e);       
  ef = new JComboBox();      ef.setFont(font4);        ef.setBounds(740, 140,300, 30);                   label1.add(ef);        
   search = new JButton("Search");       search .setCursor(cursor);         search.setFont(font3);        search.setBounds(600, 
180, 500, 40);        label1.add( search);        exel = new JLabel("Donator Details ");        exel.setFont(font3);     
exel.setBounds(2, 250, 320, 30);        label1.add (exel);           c1 = new JLabel("Contact Number : ");        
c1.setFont(font4);     c1.setBounds(2, 290, 320, 30);        label1.add(c1);         cf = new JTextField("");      
cf.setFont(font4);     cf.setEditable(false);        cf.setBounds(190, 290,300, 30);             label1.add(cf);                
     fl = new JLabel("Flate/Door/Block No : ");        fl.setFont(font4);     fl.setBounds(550, 290, 320, 30);        
label1.add(fl);         ftf = new JTextField("");      ftf.setFont(font4);      ftf.setEditable(false);        
ftf.setBounds(770, 290,300, 30);             label1.add(ftf);          sl = new JLabel("Street/Lane : ");        
sl.setFont(font4);    sl.setBounds(1100, 290, 320, 30);        label1.add(sl);         stf = new JTextField("");      
stf.setFont(font4);        stf.setBounds(1250, 290,300, 30);          stf.setEditable(false);          label1.add(stf);         
 al = new JLabel("Area/Locality : ");        al.setFont(font4);    al.setBounds(2, 330, 320, 30);        label1.add(al);        
 atf = new JTextField("");      atf.setFont(font4);        atf.setBounds(190, 330,300, 30);          atf.setEditable(false);    
      label1.add(atf);          pl = new JLabel("Pin Code : ");        pl.setFont(font4);    pl.setBounds(660, 330, 320, 30);   
     label1.add( pl);          ptf = new JTextField("");     ptf.setFont(font4);        ptf.setBounds(770,330,300, 30);         
ptf.setEditable(false);          label1.add(ptf);          stl = new JLabel("State : ");        stl.setFont(font4);     
stl.setBounds(1100, 330, 320, 30);        label1.add( stl);          sttf = new JTextField("");      sttf.setFont(font4);       
  sttf.setBounds(1250, 330,300, 30);           sttf.setEditable(false);          label1.add( sttf);           cl = new 
JLabel("CityTown : ");         cl.setFont(font4);      cl.setBounds(2, 370, 320, 30);        label1.add(  cl);           ctf = 
new JTextField("");      ctf.setFont(font4);          ctf.setBounds(190, 370,300, 30);          ctf.setEditable(false);         
 label1.add(  ctf);          med = new JLabel("Medicine Details ");         med.setFont(font3);     med.setBounds(2, 430, 320, 
30);        label1.add(med);                                     mnfl  = new JLabel("Manufacture Date : ");        
mnfl.setFont(font4);       mnfl.setBounds(2, 490, 320, 30);           label1.add(mnfl);         mnfltf  = new JTextField("");   
     mnfltf.setFont(font4);       mnfltf.setBounds(290, 490, 300, 30);      mnfltf.setEditable(false);         
label1.add(mnfltf);               expl = new JLabel("Expiry Date : ");         expl.setFont(font4);         
expl.setBounds(630,490, 320, 30);        label1.add( expl);         expltf = new JTextField("");        expltf.setFont(font4);  
     expltf.setBounds(780, 490,300, 30);        expltf.setEditable(false);         label1.add( expltf);                typel = 
new JLabel("Type : ");         typel.setFont(font4);          typel.setBounds(1130,490, 320, 30);        label1.add( typel);    
      typetf = new JTextField("");        typetf.setFont(font4);        typetf.setBounds(1280, 490,300, 30);         
typetf.setEditable(false);         label1.add( typetf);       numl = new JLabel("Number of Tablet or Syrup : ");          
numl.setFont(font4);          numl.setBounds(2,530, 320, 30);        label1.add(  numl);         numtf = new JTextField("");    
    numtf.setFont(font4);       numtf.setBounds(290, 530,300, 30);       numtf.setEditable(false);         label1.add(numtf);   
      timel = new JLabel("Donate Time : ");         timel.setFont(font4);          timel.setBounds(630,530, 320, 30);        
label1.add( timel);         timetf = new JTextField("");       timetf.setFont(font4);      timetf.setBounds(780, 530,300, 30);  
     timetf.setEditable(false);         label1.add(timetf);         datel = new JLabel("Donate Date : ");         
datel.setFont(font4);          datel.setBounds(1130,530, 320, 30);                  label1.add( datel);         datetf = new 
JTextField("");     datetf.setFont(font4);      datetf.setBounds(1280, 530,300, 30);       datetf.setEditable(false);         
label1.add(datetf);                           back= new JButton("Back");       back.setCursor(cursor);        
back.setFont(font3);     back.setBounds(600,620,680, 40);        label1.add(  back);                         Handler handler = 
new Handler();        homepage.addActionListener(handler);        search.addActionListener(handler);     
assign.addActionListener(handler);     viewmedicine.addActionListener(handler);     viewuser.addActionListener(handler);      
buymed.addActionListener(handler);            collect.addActionListener(handler);       logout.addActionListener(handler);      
 back.addActionListener(handler);        }      class Handler implements ActionListener{    public void 
actionPerformed(ActionEvent ae) {        String medname = nameltf.getSelectedItem().toString();        String exname = 
enamef.getSelectedItem().toString();        String exemail = etf.getSelectedItem().toString();        String dname = 
nf.getSelectedItem().toString();        String demail = ef.getSelectedItem().toString();        if(ae.getSource()==search){     
       int a=0;        if(medname.isEmpty()|| exname.isEmpty()|| exemail.isEmpty()||dname.isEmpty()||demail.isEmpty())          
  {                JOptionPane.showMessageDialog(null, "Please Enter medicine name or Executive Name or Executive Email or 
Donator Name or Donator Email","Warning",JOptionPane.ERROR_MESSAGE);            }        else{                  try {           
             String sql = "SELECT * FROM `donate medicine` WHERE `Medicine Name`=? AND `Executive Name`=? AND `Executive 
Email`=? AND `User Name`=? AND `User Email`=?";                      con = (Connection) 
DriverManager.getConnection("jdbc:mysql://localhost/MedConnect","root", "");            pst =   (PreparedStatement) 
con.prepareStatement(sql);            pst.setString(1, medname);            pst.setString(2, exname);            
pst.setString(3, exemail);            pst.setString(4, dname);            pst.setString(5, demail);          rs = 
pst.executeQuery();          while(rs.next()){                     mnfltf.setText(rs.getString("Manufacture Date"));            
 expltf.setText(rs.getString("Expiry Date"));           typetf.setText(rs.getString("Medicine Type"));           
numtf.setText(rs.getString("Number of Tablet"));            timetf.setText(rs.getString("Donate Time"));           
datetf.setText(rs.getString("Donate Date"));                           cf.setText(rs.getString("Contact Number"));              
 ftf.setText(rs.getString("Flat No"));                 stf.setText(rs.getString("Street"));                  
atf.setText(rs.getString("Area"));                  ptf.setText(rs.getString("Pin Code"));             
sttf.setText(rs.getString("State"));              ctf.setText(rs.getString("CityTown"));                                      
a=1;             break;                                                          }                         con.close();         
  pst.close();                   } catch (SQLException ex) {             JOptionPane.showMessageDialog(null, "Something Error 
"+ex);                   }                  if(a==0)                  {                       
JOptionPane.showMessageDialog(null, "Please Enter Correct medicine name or Executive Name or Executive Email or Donator Name or 
Donator Details ","Warning",JOptionPane.ERROR_MESSAGE);                  }            }                   }        
if(ae.getSource() ==  homepage)                    {            setVisible(false);            HomePage frame = new  HomePage(); 
           frame.setVisible(true);        }        if(ae.getSource() ==  assign)                    {            
setVisible(false);          Viewassignexecutive frame = new Viewassignexecutive();          frame.setVisible(true);             
    }        if(ae.getSource() ==  viewmedicine)                    {            setVisible(false);          MedicineView frame 
= new MedicineView();          frame.setVisible(true);                 }        if(ae.getSource() ==  viewuser)                 
   {            setVisible(false);          User frame = new User();          frame.setVisible(true);                 }        
if(ae.getSource()==buymed)        {             setVisible(false);         BuyMedicine frame = new BuyMedicine();          
frame.setVisible(true);        }                         if(ae.getSource()==collect)        {             setVisible(false);    
     CollectMedicine frame = new CollectMedicine();          frame.setVisible(true);        }                 
if(ae.getSource()==back)        {             setVisible(false);        ViewDonateMedicine frame = new  ViewDonateMedicine ();  
        frame.setVisible(true);        }                      if(ae.getSource()==logout)        {                   int a = 
JOptionPane.showConfirmDialog(null, "Are You Sure?");          if(a==JOptionPane.YES_OPTION){           setVisible(false);      
     ExecutiveLogin frame = new ExecutiveLogin();          frame.setVisible(true);          }        }           }              
  }         void  ComboBox()    {        try{           String sql1 = "SELECT * FROM `donate medicine` " ;                      
          con1 = (Connection) DriverManager.getConnection("jdbc:mysql://localhost/MedConnect","root", "");                pst1 
=   (PreparedStatement) con1.prepareStatement(sql1);                               rs1 = pst1.executeQuery();                
while(rs1.next()){                    String name = rs1.getString("Medicine Name");            String exname = 
rs1.getString("Executive Name");            String exemail = rs1.getString("Executive Email");            String dname = 
rs1.getString("User Name");            String demail = rs1.getString("User Email");            nameltf.addItem(name);           
 enamef.addItem(exname);            etf.addItem(exemail);            nf.addItem(dname);            ef.addItem(demail);          
      }        }catch(Exception e)        {                    }    }     public static void main(String[] args) {        
ViewDetails frame = new ViewDetails();        frame.setVisible(true);        } }        
                                                                                                                                
                                                                                                                                
                                                                                                                                
                                                                                                                                
                                                                                                                                
                                                                                                                                
                                                                                                                                
                                                                                                                                
                                                                                                                                
                                                                                                                                
                                                                                                                                
                                                                                                                                
                                                                                                                                
                                                                                                                                
                                                                                                                                
                                                                                                                                
                                                                                                                                
                                                                                                                                
                                                                                                                                
                                                                                                                                
                                                                                                                                
                                                                                                                                
                                                                                                                                
                                                                                                                                
                                                                                                                                
                                                                                                                                
                                                                                                                                
                                                                                                                                
                                                                                                                                
                                                                                                                                
                                                                                                                                
                                                                                                                                
                                                                                                                                
                                                                                                                                
                                                                                                                                
                                                                                                                                
                                                                                                                                
                                                                                                                                
                                                                                                                                
                                                                                                                                
                                                                                                                                
                                                                                                                                
                                                                                                                                
                                                                                                                                
                                                                                                                                
                                                                                                                                
                                                                                                                                
                                                                                                                                
                                                                                                                                
                                                                                                                                
                                                                                                                                
                                                                                                                                
                                                                                                                                
                                                                                                                                
                                                                                                                                
                                                                                                                                
                                                                                                                                
                                                                                                                                
                                                                                                                                
                                                                                                                                
                                                                                                                                
                                                                                                                                
                                                                                                                                
                                                                                                                                
                                                                                                                                
                                                                                                                                
                                                                                                                                
                                                                                                                                
                                                                                                                                
                                                                                                                                
                                                                                                                                
                                                                                                                                
                                                                                                                                
                                                                                                                                
                                                                                                                                
                                                                                                                                
                                                                                                                                
                                                                                                                                
                                                                                                                                
                                                                                                                                
                                                                                                                                
                                                                                                                                
                                                                                                                                
                                                                                                                                
                                                                                                                                
                                                                                                                                
                                                                                                                                
                                                                                                                                
                                                                                                                                
                                                                                                                                
                                                                                                                                
                                                                                                                                
                                                                                                                                
                                                                                                                                
                                                                                                                                
                                                                                                                                
                                                                                                                                
                                                                                                                                
                                                                                                                                
                                                                                                                                
                                                                                                                                
                                                                                                                                
                                                                                                                                
                                                                                                                                
                                                                                                                                
                                                                                                                                
                                                                                                                                
                                                                                                                                
                                                                                                                                
                                                                                                                                
                                                                                                                                
                                                                                                                                
                                                                                                                                
                                                                                                                                
                                                                                                                                
                                                                                                                                
                                                                                                                                
                                                                                                                                
                                                                                                                                
                                                                                                                                
                                                                                                                                
                                                                                                                                
                                                                                                                                
                                                                                                                                
                                                                                                                                
                                                                                                                                
                                                                                                                                
                                                                                                                                
                                                                                                                                
                                                                                                                         ^
  where E is a type-variable:
    E extends Object declared in class JComboBox
ViewDetailsCollect.java:1: warning: [unchecked] unchecked call to addItem(E) as a member of the raw type JComboBox
/* * To change this license header, choose License Headers in Project Properties. * To change this template file, choose Tools 
| Templates * and open the template in the editor. */package online.medicine.donation.system;import 
com.mysql.jdbc.Connection;import com.mysql.jdbc.PreparedStatement;import java.awt.Color;import java.awt.Container;import 
java.awt.Cursor;import java.awt.Font;import java.awt.event.ActionEvent;import java.awt.event.ActionListener;import 
java.sql.DriverManager;import java.sql.ResultSet;import java.sql.SQLException;import javax.swing.JButton;import 
javax.swing.JComboBox;import javax.swing.JFrame;import javax.swing.JLabel;import javax.swing.JOptionPane;import 
javax.swing.JScrollPane;import javax.swing.JTextField;/** * * @author Hp */public class ViewDetailsCollect extends JFrame{    
private JLabel time,label,datel,expl,mnfl,typel,numl,med,label2,title,title1,title2,label1,namel,emaill,contactl,locationl, 
passwordl,confirml,genderl,agel,idl,eml, enamel,n;;    private JButton  user1,back,homepage,user,assign, 
logout,viwngo,viewmed,viewexecutive,collect,view,search;            private JTextField 
datetf,nametf,emailtf,contacttf,locationtf,gendertf,agetf,idtf,nf,mnfltf,expltf,typetf,numtf,timetf;            private 
JComboBox nameltf,enamef,etf;  private JScrollPane scroll;     private Connection con,con1;   private PreparedStatement 
pst,pst1;   private ResultSet rs,rs1;   Container c;    private String uname = NGOLogin.usernametf.getText(); 
ViewDetailsCollect()    {        initComponents();        ComboBox();    }       void initComponents()    {         
this.setDefaultCloseOperation(JFrame.EXIT_ON_CLOSE);        this.setSize(1930, 1030);        this.setTitle("NGO");        c = 
this.getContentPane();        c.setLayout(null);        this.setResizable(false);         c.setBackground(Color.GRAY);          
                 Font font = new Font("Arial",Font.BOLD,42);         title = new JLabel("MedConnect");        
title.setFont(font);        title.setBounds(2, 2, 1930, 80);        title.setForeground(Color.BLUE);        
title.setOpaque(true);        title.setBackground(Color.ORANGE);        c.add(title);        label = new JLabel();        
label.setBounds(1, 100, 1930, 150);        label.setOpaque(true);        label.setBackground(Color.MAGENTA);        
c.add(label);        Cursor cursor = new Cursor(Cursor.HAND_CURSOR);              Font font1 = new Font("Arial",Font.BOLD,24);  
       homepage = new JButton("Home Page");        homepage.setFont(font1);               homepage.setBounds(20, 30, 180, 80);  
              homepage.setCursor(cursor);         label.add(homepage);  viwngo = new JButton("View NGO");       
viwngo.setCursor(cursor);       viwngo.setFont(font1);       viwngo.setBounds(201, 30, 180, 80);       label.add( viwngo);      
  viewmed = new JButton("View Medicine");       viewmed.setCursor(cursor);        viewmed.setFont(font1);       
viewmed.setBounds(382, 30, 220, 80);       label.add(  viewmed);              user = new JButton("View user");        
user.setCursor(cursor);        user.setFont(font1);        user.setBounds(603, 30, 180, 80);       label.add( user);        
assign = new JButton("Assing Executive");       assign.setCursor(cursor);        assign.setFont(font1);       
assign.setBounds(784, 30, 250, 80);       label.add(assign);             viewexecutive = new JButton("View Executive");        
viewexecutive.setCursor(cursor);        viewexecutive.setFont(font1);        viewexecutive.setBounds(1035, 30, 222, 80);       
label.add(viewexecutive);                     logout = new JButton("Logout");       logout.setCursor(cursor);        
logout.setFont(font1);        logout.setBounds(1258, 30, 140, 80);        label.add(logout);                       label2 = new 
JLabel("Hi "+uname);                            label2.setBounds(1660, 30, 500, 80);         label2.setFont(font1);         
label2.setToolTipText(uname);                             label.add(label2);           label1 = new JLabel();         
label1.setBounds(1, 260,1930,1030);         label1.setOpaque(true);          label1.setBackground(Color.LIGHT_GRAY);        
c.add(  label1);         title1 = new JLabel("View Collect Medicine");        title1.setFont(font1);        title1.setBounds(1, 
1, 1900, 40);        title1.setForeground(Color.BLUE);       title1.setOpaque(true);       title1.setBackground(Color.ORANGE);  
       label1.add(title1);         Font font3 = new Font("Arial",Font.BOLD,26);          Font font4 = new 
Font("Arial",Font.BOLD,21);         title2 = new JLabel("Please Enter medicine Name or Executive Name or Executive Email and 
click the search button ");        title2.setFont(font4);        title2.setBounds(400, 45, 1900, 27);         
label1.add(title2);         namel = new JLabel("Medicine Name  ");       namel.setFont(font4);      namel.setBounds(2, 100, 
320, 30);        label1.add(namel);       nameltf = new JComboBox();       nameltf.setFont(font4);             
nameltf.setBounds(200, 100,300, 30);             label1.add(nameltf);         enamel = new JLabel("Executive Name ");        
enamel.setFont(font4);     enamel.setBounds(600, 100, 320, 30);        label1.add( enamel);        enamef = new JComboBox();    
      enamef.setFont(font4);     enamef.setBounds(800, 100, 300, 30);             label1.add( enamef);                eml = new 
JLabel("Executive Email ");        eml.setFont(font4);     eml.setBounds(1180, 100, 320, 30);        label1.add(eml);        
etf = new JComboBox();         etf .setFont(font4);      etf .setBounds(1380, 100, 300, 30);             label1.add( etf );     
          search = new JButton("Search");       search .setCursor(cursor);         search.setFont(font1);        
search.setBounds(750, 160, 400, 40);        label1.add( search);         n = new JLabel("Executive Details  ");        
n.setFont(font3);     n.setBounds(2, 200, 320, 30);        label1.add(n);              genderl  = new JLabel("Gender");        
genderl.setFont(font4);      genderl.setBounds(2, 260, 300, 30);           label1.add(genderl);       gendertf  = new 
JTextField("");        gendertf.setFont(font4);        gendertf.setBounds(200, 260, 300, 30);       
gendertf.setEditable(false);         label1.add(gendertf);           agel = new JLabel("Date of Birth ");        
agel.setFont(font4);      agel.setBounds(580,260, 300, 30);        label1.add(agel);                 agetf = new 
JTextField("");        agetf.setFont(font4);       agetf.setBounds(800, 260,300, 30);       agetf.setEditable(false);         
label1.add(agetf);               contactl = new JLabel("Contact Number");        contactl.setFont(font4);        
contactl.setBounds(1220, 260, 300, 30);         label1.add(contactl);        contacttf = new JTextField("");        
contacttf.setFont(font4);        contacttf.setBounds(1400, 260, 300, 30);         contacttf.setEditable(false);           
label1.add(contacttf);         locationl = new JLabel("Location");        locationl.setFont(font4);        
locationl.setBounds(2, 300, 300, 30);        label1.add(locationl);         locationtf = new JTextField("");        
locationtf.setFont(font4);        locationtf.setBounds(200,300, 300, 30);        locationtf.setEditable(false);        
label1.add(locationtf);            datel = new JLabel("Collect Date  ");         datel.setFont(font4);          
datel.setBounds(580,300, 320, 30);                 label1.add( datel);         datetf = new JTextField("");     
datetf.setFont(font4);     datetf.setEditable(false);      datetf.setBounds(800, 300,300, 30);               
label1.add(datetf);         time = new JLabel("Collect Time ");        time.setFont(font4);          time.setBounds(1220,300, 
320, 30);                  label1.add( time);         timetf = new JTextField("");     timetf.setFont(font4);      
timetf.setBounds(1400, 300,300, 30);      timetf.setEditable(false);         label1.add(timetf);       med = new 
JLabel("Medicine Details ");         med.setFont(font3);     med.setBounds(2, 360, 320, 30);        label1.add(med);            
                         mnfl  = new JLabel("Manufacture Date  ");        mnfl.setFont(font4);       mnfl.setBounds(2, 400, 
320, 30);           label1.add(mnfl);         mnfltf  = new JTextField("");        mnfltf.setFont(font4);       
mnfltf.setBounds(200, 400, 300, 30);      mnfltf.setEditable(false);         label1.add(mnfltf);               expl = new 
JLabel("Expiry Date   ");         expl.setFont(font4);         expl.setBounds(580,400, 320, 30);        label1.add( expl);      
   expltf = new JTextField("");        expltf.setFont(font4);       expltf.setBounds(860, 400,300, 30);        
expltf.setEditable(false);         label1.add( expltf);                typel = new JLabel("Type  ");         
typel.setFont(font4);          typel.setBounds(2,440, 320, 30);        label1.add( typel);          typetf = new 
JTextField("");        typetf.setFont(font4);        typetf.setBounds(200, 440,300, 30);         typetf.setEditable(false);     
    label1.add( typetf);       numl = new JLabel("Number of Tablet or Syrup   ");          numl.setFont(font4);          
numl.setBounds(580,440, 320, 30);        label1.add(  numl);         numtf = new JTextField("");        numtf.setFont(font4);   
    numtf.setBounds(860, 440,300, 30);       numtf.setEditable(false);         label1.add(numtf);                    back= new 
JButton("Back");       back.setCursor(cursor);        back.setFont(font3);     back.setBounds(580,560,600, 60);        
label1.add(back);      Handler handler = new Handler();        homepage.addActionListener(handler);        
viwngo.addActionListener(handler);       viewmed.addActionListener(handler);      user.addActionListener(handler);           
assign.addActionListener(handler);      viewexecutive.addActionListener(handler);  search.addActionListener(handler);     
back.addActionListener(handler);       logout.addActionListener(handler);    }    class Handler implements ActionListener{    
public void actionPerformed(ActionEvent ae) {        if(ae.getSource()==search){            int a =0;            String name = 
nameltf.getSelectedItem().toString();            String ename = enamef.getSelectedItem().toString();            String email = 
etf.getSelectedItem().toString();            if(!name.isEmpty() || !ename.isEmpty() || !email.isEmpty() )            {          
  try {                                String sql = "SELECT * FROM `collect medicine` WHERE `Medicine Name`=? AND `Executive 
Name` =? AND `Executive Email`=?" ;                                con = (Connection) 
DriverManager.getConnection("jdbc:mysql://localhost/MedConnect","root", "");                pst =   (PreparedStatement) 
con.prepareStatement(sql);                pst.setString(1, name);                                pst.setString(2, ename);       
         pst.setString(3, email);                rs = pst.executeQuery();                while(rs.next()){                    
gendertf.setText(rs.getString("Gender"));                    agetf.setText(rs.getString("Date of Birth"));                    
contacttf.setText(rs.getString("Contact Number"));                    locationtf.setText(rs.getString("Location"));             
       mnfltf.setText(rs.getString("Manufacture Date"));                    expltf.setText(rs.getString("Expiry Date"));        
            typetf.setText(rs.getString("Medicine Type"));                    numtf.setText(rs.getString("Number of Tablet"));  
                  datetf.setText(rs.getString("Collect Date"));                     timetf.setText(rs.getString("Collect 
Time"));                                                            a=1;                    break;                }             
                   con.close();                pst.close();                            } catch (SQLException ex) {              
  JOptionPane.showMessageDialog(null, "Something Error "+ex);                            }            if(a==0)            {     
           JOptionPane.showMessageDialog(null, "Please Correct Medicine Name or Executive Name and Email 
","Warning",JOptionPane.ERROR_MESSAGE);            }        }               else{            
JOptionPane.showMessageDialog(null, "Please Enter medicine name or Executive Name or Executive Email 
","Warning",JOptionPane.ERROR_MESSAGE);           }        }        if(ae.getSource() ==  homepage)                    {        
    setVisible(false);            HomePage frame = new  HomePage();            frame.setVisible(true);        }        
if(ae.getSource() ==  viwngo)                    {            setVisible(false);           ViewNGOngo frame = new   
ViewNGOngo();           frame.setVisible(true);                    }         if(ae.getSource() ==  viewmed)                    
{            setVisible(false);           ViewMedNGO frame = new ViewMedNGO();           frame.setVisible(true);                
    }                if(ae.getSource() ==  user)                    {            setVisible(false);          UserView frame = 
new UserView();          frame.setVisible(true);                 }         if(ae.getSource()==view)        {             
setVisible(false);        ViewDetailsCollect frame = new  ViewDetailsCollect  ();          frame.setVisible(true);        }     
   if(ae.getSource() ==  assign)                    {            setVisible(false);           AssignExecutive frame = new  
AssignExecutive();            frame.setVisible(true);        }        if(ae.getSource() ==  back)                    {          
  setVisible(false);           ViewCollectMedicine frame = new ViewCollectMedicine();            frame.setVisible(true);        
}         if(ae.getSource() ==  viewexecutive)                    {            setVisible(false);          ViewExecutive frame 
= new ViewExecutive();          frame.setVisible(true);                 }                                           
if(ae.getSource()==logout)        {                   int a = JOptionPane.showConfirmDialog(null, "Are You Sure?");          
if(a==JOptionPane.YES_OPTION){           setVisible(false);           NGOLogin frame = new NGOLogin();          
frame.setVisible(true);          }        }           }                }    void  ComboBox()    {        try{           String 
sql1 = "SELECT * FROM `collect medicine` " ;                                con1 = (Connection) 
DriverManager.getConnection("jdbc:mysql://localhost/MedConnect","root", "");                pst1 =   (PreparedStatement) 
con1.prepareStatement(sql1);                               rs1 = pst1.executeQuery();                while(rs1.next()){         
           String name = rs1.getString("Medicine Name");            String ename = rs1.getString("Executive Name");            
String email = rs1.getString("Executive Email");            nameltf.addItem(name);            enamef.addItem(ename);            
etf.addItem(email);                }        }catch(Exception e)        {                    }    }        public static void 
main(String[] args) {       ViewDetailsCollect frame = new ViewDetailsCollect();                frame.setVisible(true);         
                                          }}
                                                                                                                                
                                                                                                                                
                                                                                                                                
                                                                                                                                
                                                                                                                                
                                                                                                                                
                                                                                                                                
                                                                                                                                
                                                                                                                                
                                                                                                                                
                                                                                                                                
                                                                                                                                
                                                                                                                                
                                                                                                                                
                                                                                                                                
                                                                                                                                
                                                                                                                                
                                                                                                                                
                                                                                                                                
                                                                                                                                
                                                                                                                                
                                                                                                                                
                                                                                                                                
                                                                                                                                
                                                                                                                                
                                                                                                                                
                                                                                                                                
                                                                                                                                
                                                                                                                                
                                                                                                                                
                                                                                                                                
                                                                                                                                
                                                                                                                                
                                                                                                                                
                                                                                                                                
                                                                                                                                
                                                                                                                                
                                                                                                                                
                                                                                                                                
                                                                                                                                
                                                                                                                                
                                                                                                                                
                                                                                                                                
                                                                                                                                
                                                                                                                                
                                                                                                                                
                                                                                                                                
                                                                                                                                
                                                                                                                                
                                                                                                                                
                                                                                                                                
                                                                                                                                
                                                                                                                                
                                                                                                                                
                                                                                                                                
                                                                                                                                
                                                                                                                                
                                                                                                                                
                                                                                                                                
                                                                                                                                
                                                                                                                                
                                                                                                                                
                                                                                                                                
                                                                                                                                
                                                                                                                                
                                                                                                                                
                                                                                                                                
                                                                                                                                
                                                                                                                                
                                                                                                                                
                                                                                                                                
                                                                                                                                
                                                                                                                                
                                                                                                                                
                                                                                                                                
                                                                                                                                
                                                                                                                                
                                                                                                                                
                                                                                                                                
                                                                                                                                
                                                                                                                                
                                                                                                                                
                                                                                                                                
                                                                                                                                
                                                                                                                                
                                                                                                                                
                                                                                                                                
                                                                                                                                
                                                                                                                                
                                                                                                                                
                                                                                                                                
                                                                                                                                
                                                                                                                                
                                                                                                                                
                                                                                                                                
                                                                                                                                
                                                                                                                                
                                                                                                                                
                                                                                                                                
                                                                                                                                
                                                                                                                                
                                                                                                                                
                                                                                                                                
                                                                                                                                
                                                                                                                                
                                                                                                                                
                                                                                                                                
                                                                                                                                
                                                                                                                                
                                                                                                                                
                                                                                                                                
                                                                                                                                
                                                                                                                                
                                                                                                                                
                                                                                                                                
                                          ^
  where E is a type-variable:
    E extends Object declared in class JComboBox
ViewDetailsCollect.java:1: warning: [unchecked] unchecked call to addItem(E) as a member of the raw type JComboBox
/* * To change this license header, choose License Headers in Project Properties. * To change this template file, choose Tools 
| Templates * and open the template in the editor. */package online.medicine.donation.system;import 
com.mysql.jdbc.Connection;import com.mysql.jdbc.PreparedStatement;import java.awt.Color;import java.awt.Container;import 
java.awt.Cursor;import java.awt.Font;import java.awt.event.ActionEvent;import java.awt.event.ActionListener;import 
java.sql.DriverManager;import java.sql.ResultSet;import java.sql.SQLException;import javax.swing.JButton;import 
javax.swing.JComboBox;import javax.swing.JFrame;import javax.swing.JLabel;import javax.swing.JOptionPane;import 
javax.swing.JScrollPane;import javax.swing.JTextField;/** * * @author Hp */public class ViewDetailsCollect extends JFrame{    
private JLabel time,label,datel,expl,mnfl,typel,numl,med,label2,title,title1,title2,label1,namel,emaill,contactl,locationl, 
passwordl,confirml,genderl,agel,idl,eml, enamel,n;;    private JButton  user1,back,homepage,user,assign, 
logout,viwngo,viewmed,viewexecutive,collect,view,search;            private JTextField 
datetf,nametf,emailtf,contacttf,locationtf,gendertf,agetf,idtf,nf,mnfltf,expltf,typetf,numtf,timetf;            private 
JComboBox nameltf,enamef,etf;  private JScrollPane scroll;     private Connection con,con1;   private PreparedStatement 
pst,pst1;   private ResultSet rs,rs1;   Container c;    private String uname = NGOLogin.usernametf.getText(); 
ViewDetailsCollect()    {        initComponents();        ComboBox();    }       void initComponents()    {         
this.setDefaultCloseOperation(JFrame.EXIT_ON_CLOSE);        this.setSize(1930, 1030);        this.setTitle("NGO");        c = 
this.getContentPane();        c.setLayout(null);        this.setResizable(false);         c.setBackground(Color.GRAY);          
                 Font font = new Font("Arial",Font.BOLD,42);         title = new JLabel("MedConnect");        
title.setFont(font);        title.setBounds(2, 2, 1930, 80);        title.setForeground(Color.BLUE);        
title.setOpaque(true);        title.setBackground(Color.ORANGE);        c.add(title);        label = new JLabel();        
label.setBounds(1, 100, 1930, 150);        label.setOpaque(true);        label.setBackground(Color.MAGENTA);        
c.add(label);        Cursor cursor = new Cursor(Cursor.HAND_CURSOR);              Font font1 = new Font("Arial",Font.BOLD,24);  
       homepage = new JButton("Home Page");        homepage.setFont(font1);               homepage.setBounds(20, 30, 180, 80);  
              homepage.setCursor(cursor);         label.add(homepage);  viwngo = new JButton("View NGO");       
viwngo.setCursor(cursor);       viwngo.setFont(font1);       viwngo.setBounds(201, 30, 180, 80);       label.add( viwngo);      
  viewmed = new JButton("View Medicine");       viewmed.setCursor(cursor);        viewmed.setFont(font1);       
viewmed.setBounds(382, 30, 220, 80);       label.add(  viewmed);              user = new JButton("View user");        
user.setCursor(cursor);        user.setFont(font1);        user.setBounds(603, 30, 180, 80);       label.add( user);        
assign = new JButton("Assing Executive");       assign.setCursor(cursor);        assign.setFont(font1);       
assign.setBounds(784, 30, 250, 80);       label.add(assign);             viewexecutive = new JButton("View Executive");        
viewexecutive.setCursor(cursor);        viewexecutive.setFont(font1);        viewexecutive.setBounds(1035, 30, 222, 80);       
label.add(viewexecutive);                     logout = new JButton("Logout");       logout.setCursor(cursor);        
logout.setFont(font1);        logout.setBounds(1258, 30, 140, 80);        label.add(logout);                       label2 = new 
JLabel("Hi "+uname);                            label2.setBounds(1660, 30, 500, 80);         label2.setFont(font1);         
label2.setToolTipText(uname);                             label.add(label2);           label1 = new JLabel();         
label1.setBounds(1, 260,1930,1030);         label1.setOpaque(true);          label1.setBackground(Color.LIGHT_GRAY);        
c.add(  label1);         title1 = new JLabel("View Collect Medicine");        title1.setFont(font1);        title1.setBounds(1, 
1, 1900, 40);        title1.setForeground(Color.BLUE);       title1.setOpaque(true);       title1.setBackground(Color.ORANGE);  
       label1.add(title1);         Font font3 = new Font("Arial",Font.BOLD,26);          Font font4 = new 
Font("Arial",Font.BOLD,21);         title2 = new JLabel("Please Enter medicine Name or Executive Name or Executive Email and 
click the search button ");        title2.setFont(font4);        title2.setBounds(400, 45, 1900, 27);         
label1.add(title2);         namel = new JLabel("Medicine Name  ");       namel.setFont(font4);      namel.setBounds(2, 100, 
320, 30);        label1.add(namel);       nameltf = new JComboBox();       nameltf.setFont(font4);             
nameltf.setBounds(200, 100,300, 30);             label1.add(nameltf);         enamel = new JLabel("Executive Name ");        
enamel.setFont(font4);     enamel.setBounds(600, 100, 320, 30);        label1.add( enamel);        enamef = new JComboBox();    
      enamef.setFont(font4);     enamef.setBounds(800, 100, 300, 30);             label1.add( enamef);                eml = new 
JLabel("Executive Email ");        eml.setFont(font4);     eml.setBounds(1180, 100, 320, 30);        label1.add(eml);        
etf = new JComboBox();         etf .setFont(font4);      etf .setBounds(1380, 100, 300, 30);             label1.add( etf );     
          search = new JButton("Search");       search .setCursor(cursor);         search.setFont(font1);        
search.setBounds(750, 160, 400, 40);        label1.add( search);         n = new JLabel("Executive Details  ");        
n.setFont(font3);     n.setBounds(2, 200, 320, 30);        label1.add(n);              genderl  = new JLabel("Gender");        
genderl.setFont(font4);      genderl.setBounds(2, 260, 300, 30);           label1.add(genderl);       gendertf  = new 
JTextField("");        gendertf.setFont(font4);        gendertf.setBounds(200, 260, 300, 30);       
gendertf.setEditable(false);         label1.add(gendertf);           agel = new JLabel("Date of Birth ");        
agel.setFont(font4);      agel.setBounds(580,260, 300, 30);        label1.add(agel);                 agetf = new 
JTextField("");        agetf.setFont(font4);       agetf.setBounds(800, 260,300, 30);       agetf.setEditable(false);         
label1.add(agetf);               contactl = new JLabel("Contact Number");        contactl.setFont(font4);        
contactl.setBounds(1220, 260, 300, 30);         label1.add(contactl);        contacttf = new JTextField("");        
contacttf.setFont(font4);        contacttf.setBounds(1400, 260, 300, 30);         contacttf.setEditable(false);           
label1.add(contacttf);         locationl = new JLabel("Location");        locationl.setFont(font4);        
locationl.setBounds(2, 300, 300, 30);        label1.add(locationl);         locationtf = new JTextField("");        
locationtf.setFont(font4);        locationtf.setBounds(200,300, 300, 30);        locationtf.setEditable(false);        
label1.add(locationtf);            datel = new JLabel("Collect Date  ");         datel.setFont(font4);          
datel.setBounds(580,300, 320, 30);                 label1.add( datel);         datetf = new JTextField("");     
datetf.setFont(font4);     datetf.setEditable(false);      datetf.setBounds(800, 300,300, 30);               
label1.add(datetf);         time = new JLabel("Collect Time ");        time.setFont(font4);          time.setBounds(1220,300, 
320, 30);                  label1.add( time);         timetf = new JTextField("");     timetf.setFont(font4);      
timetf.setBounds(1400, 300,300, 30);      timetf.setEditable(false);         label1.add(timetf);       med = new 
JLabel("Medicine Details ");         med.setFont(font3);     med.setBounds(2, 360, 320, 30);        label1.add(med);            
                         mnfl  = new JLabel("Manufacture Date  ");        mnfl.setFont(font4);       mnfl.setBounds(2, 400, 
320, 30);           label1.add(mnfl);         mnfltf  = new JTextField("");        mnfltf.setFont(font4);       
mnfltf.setBounds(200, 400, 300, 30);      mnfltf.setEditable(false);         label1.add(mnfltf);               expl = new 
JLabel("Expiry Date   ");         expl.setFont(font4);         expl.setBounds(580,400, 320, 30);        label1.add( expl);      
   expltf = new JTextField("");        expltf.setFont(font4);       expltf.setBounds(860, 400,300, 30);        
expltf.setEditable(false);         label1.add( expltf);                typel = new JLabel("Type  ");         
typel.setFont(font4);          typel.setBounds(2,440, 320, 30);        label1.add( typel);          typetf = new 
JTextField("");        typetf.setFont(font4);        typetf.setBounds(200, 440,300, 30);         typetf.setEditable(false);     
    label1.add( typetf);       numl = new JLabel("Number of Tablet or Syrup   ");          numl.setFont(font4);          
numl.setBounds(580,440, 320, 30);        label1.add(  numl);         numtf = new JTextField("");        numtf.setFont(font4);   
    numtf.setBounds(860, 440,300, 30);       numtf.setEditable(false);         label1.add(numtf);                    back= new 
JButton("Back");       back.setCursor(cursor);        back.setFont(font3);     back.setBounds(580,560,600, 60);        
label1.add(back);      Handler handler = new Handler();        homepage.addActionListener(handler);        
viwngo.addActionListener(handler);       viewmed.addActionListener(handler);      user.addActionListener(handler);           
assign.addActionListener(handler);      viewexecutive.addActionListener(handler);  search.addActionListener(handler);     
back.addActionListener(handler);       logout.addActionListener(handler);    }    class Handler implements ActionListener{    
public void actionPerformed(ActionEvent ae) {        if(ae.getSource()==search){            int a =0;            String name = 
nameltf.getSelectedItem().toString();            String ename = enamef.getSelectedItem().toString();            String email = 
etf.getSelectedItem().toString();            if(!name.isEmpty() || !ename.isEmpty() || !email.isEmpty() )            {          
  try {                                String sql = "SELECT * FROM `collect medicine` WHERE `Medicine Name`=? AND `Executive 
Name` =? AND `Executive Email`=?" ;                                con = (Connection) 
DriverManager.getConnection("jdbc:mysql://localhost/MedConnect","root", "");                pst =   (PreparedStatement) 
con.prepareStatement(sql);                pst.setString(1, name);                                pst.setString(2, ename);       
         pst.setString(3, email);                rs = pst.executeQuery();                while(rs.next()){                    
gendertf.setText(rs.getString("Gender"));                    agetf.setText(rs.getString("Date of Birth"));                    
contacttf.setText(rs.getString("Contact Number"));                    locationtf.setText(rs.getString("Location"));             
       mnfltf.setText(rs.getString("Manufacture Date"));                    expltf.setText(rs.getString("Expiry Date"));        
            typetf.setText(rs.getString("Medicine Type"));                    numtf.setText(rs.getString("Number of Tablet"));  
                  datetf.setText(rs.getString("Collect Date"));                     timetf.setText(rs.getString("Collect 
Time"));                                                            a=1;                    break;                }             
                   con.close();                pst.close();                            } catch (SQLException ex) {              
  JOptionPane.showMessageDialog(null, "Something Error "+ex);                            }            if(a==0)            {     
           JOptionPane.showMessageDialog(null, "Please Correct Medicine Name or Executive Name and Email 
","Warning",JOptionPane.ERROR_MESSAGE);            }        }               else{            
JOptionPane.showMessageDialog(null, "Please Enter medicine name or Executive Name or Executive Email 
","Warning",JOptionPane.ERROR_MESSAGE);           }        }        if(ae.getSource() ==  homepage)                    {        
    setVisible(false);            HomePage frame = new  HomePage();            frame.setVisible(true);        }        
if(ae.getSource() ==  viwngo)                    {            setVisible(false);           ViewNGOngo frame = new   
ViewNGOngo();           frame.setVisible(true);                    }         if(ae.getSource() ==  viewmed)                    
{            setVisible(false);           ViewMedNGO frame = new ViewMedNGO();           frame.setVisible(true);                
    }                if(ae.getSource() ==  user)                    {            setVisible(false);          UserView frame = 
new UserView();          frame.setVisible(true);                 }         if(ae.getSource()==view)        {             
setVisible(false);        ViewDetailsCollect frame = new  ViewDetailsCollect  ();          frame.setVisible(true);        }     
   if(ae.getSource() ==  assign)                    {            setVisible(false);           AssignExecutive frame = new  
AssignExecutive();            frame.setVisible(true);        }        if(ae.getSource() ==  back)                    {          
  setVisible(false);           ViewCollectMedicine frame = new ViewCollectMedicine();            frame.setVisible(true);        
}         if(ae.getSource() ==  viewexecutive)                    {            setVisible(false);          ViewExecutive frame 
= new ViewExecutive();          frame.setVisible(true);                 }                                           
if(ae.getSource()==logout)        {                   int a = JOptionPane.showConfirmDialog(null, "Are You Sure?");          
if(a==JOptionPane.YES_OPTION){           setVisible(false);           NGOLogin frame = new NGOLogin();          
frame.setVisible(true);          }        }           }                }    void  ComboBox()    {        try{           String 
sql1 = "SELECT * FROM `collect medicine` " ;                                con1 = (Connection) 
DriverManager.getConnection("jdbc:mysql://localhost/MedConnect","root", "");                pst1 =   (PreparedStatement) 
con1.prepareStatement(sql1);                               rs1 = pst1.executeQuery();                while(rs1.next()){         
           String name = rs1.getString("Medicine Name");            String ename = rs1.getString("Executive Name");            
String email = rs1.getString("Executive Email");            nameltf.addItem(name);            enamef.addItem(ename);            
etf.addItem(email);                }        }catch(Exception e)        {                    }    }        public static void 
main(String[] args) {       ViewDetailsCollect frame = new ViewDetailsCollect();                frame.setVisible(true);         
                                          }}
                                                                                                                                
                                                                                                                                
                                                                                                                                
                                                                                                                                
                                                                                                                                
                                                                                                                                
                                                                                                                                
                                                                                                                                
                                                                                                                                
                                                                                                                                
                                                                                                                                
                                                                                                                                
                                                                                                                                
                                                                                                                                
                                                                                                                                
                                                                                                                                
                                                                                                                                
                                                                                                                                
                                                                                                                                
                                                                                                                                
                                                                                                                                
                                                                                                                                
                                                                                                                                
                                                                                                                                
                                                                                                                                
                                                                                                                                
                                                                                                                                
                                                                                                                                
                                                                                                                                
                                                                                                                                
                                                                                                                                
                                                                                                                                
                                                                                                                                
                                                                                                                                
                                                                                                                                
                                                                                                                                
                                                                                                                                
                                                                                                                                
                                                                                                                                
                                                                                                                                
                                                                                                                                
                                                                                                                                
                                                                                                                                
                                                                                                                                
                                                                                                                                
                                                                                                                                
                                                                                                                                
                                                                                                                                
                                                                                                                                
                                                                                                                                
                                                                                                                                
                                                                                                                                
                                                                                                                                
                                                                                                                                
                                                                                                                                
                                                                                                                                
                                                                                                                                
                                                                                                                                
                                                                                                                                
                                                                                                                                
                                                                                                                                
                                                                                                                                
                                                                                                                                
                                                                                                                                
                                                                                                                                
                                                                                                                                
                                                                                                                                
                                                                                                                                
                                                                                                                                
                                                                                                                                
                                                                                                                                
                                                                                                                                
                                                                                                                                
                                                                                                                                
                                                                                                                                
                                                                                                                                
                                                                                                                                
                                                                                                                                
                                                                                                                                
                                                                                                                                
                                                                                                                                
                                                                                                                                
                                                                                                                                
                                                                                                                                
                                                                                                                                
                                                                                                                                
                                                                                                                                
                                                                                                                                
                                                                                                                                
                                                                                                                                
                                                                                                                                
                                                                                                                                
                                                                                                                                
                                                                                                                                
                                                                                                                                
                                                                                                                                
                                                                                                                                
                                                                                                                                
                                                                                                                                
                                                                                                                                
                                                                                                                                
                                                                                                                                
                                                                                                                                
                                                                                                                                
                                                                                                                                
                                                                                                                                
                                                                                                                                
                                                                                                                                
                                                                                                                                
                                                                                                                                
                                                                                                                                
                                                                                                                                
                                                                                                                                
                                                                                                                                
                                                                                                                                
                                                                           ^
  where E is a type-variable:
    E extends Object declared in class JComboBox
ViewDetailsCollect.java:1: warning: [unchecked] unchecked call to addItem(E) as a member of the raw type JComboBox
/* * To change this license header, choose License Headers in Project Properties. * To change this template file, choose Tools 
| Templates * and open the template in the editor. */package online.medicine.donation.system;import 
com.mysql.jdbc.Connection;import com.mysql.jdbc.PreparedStatement;import java.awt.Color;import java.awt.Container;import 
java.awt.Cursor;import java.awt.Font;import java.awt.event.ActionEvent;import java.awt.event.ActionListener;import 
java.sql.DriverManager;import java.sql.ResultSet;import java.sql.SQLException;import javax.swing.JButton;import 
javax.swing.JComboBox;import javax.swing.JFrame;import javax.swing.JLabel;import javax.swing.JOptionPane;import 
javax.swing.JScrollPane;import javax.swing.JTextField;/** * * @author Hp */public class ViewDetailsCollect extends JFrame{    
private JLabel time,label,datel,expl,mnfl,typel,numl,med,label2,title,title1,title2,label1,namel,emaill,contactl,locationl, 
passwordl,confirml,genderl,agel,idl,eml, enamel,n;;    private JButton  user1,back,homepage,user,assign, 
logout,viwngo,viewmed,viewexecutive,collect,view,search;            private JTextField 
datetf,nametf,emailtf,contacttf,locationtf,gendertf,agetf,idtf,nf,mnfltf,expltf,typetf,numtf,timetf;            private 
JComboBox nameltf,enamef,etf;  private JScrollPane scroll;     private Connection con,con1;   private PreparedStatement 
pst,pst1;   private ResultSet rs,rs1;   Container c;    private String uname = NGOLogin.usernametf.getText(); 
ViewDetailsCollect()    {        initComponents();        ComboBox();    }       void initComponents()    {         
this.setDefaultCloseOperation(JFrame.EXIT_ON_CLOSE);        this.setSize(1930, 1030);        this.setTitle("NGO");        c = 
this.getContentPane();        c.setLayout(null);        this.setResizable(false);         c.setBackground(Color.GRAY);          
                 Font font = new Font("Arial",Font.BOLD,42);         title = new JLabel("MedConnect");        
title.setFont(font);        title.setBounds(2, 2, 1930, 80);        title.setForeground(Color.BLUE);        
title.setOpaque(true);        title.setBackground(Color.ORANGE);        c.add(title);        label = new JLabel();        
label.setBounds(1, 100, 1930, 150);        label.setOpaque(true);        label.setBackground(Color.MAGENTA);        
c.add(label);        Cursor cursor = new Cursor(Cursor.HAND_CURSOR);              Font font1 = new Font("Arial",Font.BOLD,24);  
       homepage = new JButton("Home Page");        homepage.setFont(font1);               homepage.setBounds(20, 30, 180, 80);  
              homepage.setCursor(cursor);         label.add(homepage);  viwngo = new JButton("View NGO");       
viwngo.setCursor(cursor);       viwngo.setFont(font1);       viwngo.setBounds(201, 30, 180, 80);       label.add( viwngo);      
  viewmed = new JButton("View Medicine");       viewmed.setCursor(cursor);        viewmed.setFont(font1);       
viewmed.setBounds(382, 30, 220, 80);       label.add(  viewmed);              user = new JButton("View user");        
user.setCursor(cursor);        user.setFont(font1);        user.setBounds(603, 30, 180, 80);       label.add( user);        
assign = new JButton("Assing Executive");       assign.setCursor(cursor);        assign.setFont(font1);       
assign.setBounds(784, 30, 250, 80);       label.add(assign);             viewexecutive = new JButton("View Executive");        
viewexecutive.setCursor(cursor);        viewexecutive.setFont(font1);        viewexecutive.setBounds(1035, 30, 222, 80);       
label.add(viewexecutive);                     logout = new JButton("Logout");       logout.setCursor(cursor);        
logout.setFont(font1);        logout.setBounds(1258, 30, 140, 80);        label.add(logout);                       label2 = new 
JLabel("Hi "+uname);                            label2.setBounds(1660, 30, 500, 80);         label2.setFont(font1);         
label2.setToolTipText(uname);                             label.add(label2);           label1 = new JLabel();         
label1.setBounds(1, 260,1930,1030);         label1.setOpaque(true);          label1.setBackground(Color.LIGHT_GRAY);        
c.add(  label1);         title1 = new JLabel("View Collect Medicine");        title1.setFont(font1);        title1.setBounds(1, 
1, 1900, 40);        title1.setForeground(Color.BLUE);       title1.setOpaque(true);       title1.setBackground(Color.ORANGE);  
       label1.add(title1);         Font font3 = new Font("Arial",Font.BOLD,26);          Font font4 = new 
Font("Arial",Font.BOLD,21);         title2 = new JLabel("Please Enter medicine Name or Executive Name or Executive Email and 
click the search button ");        title2.setFont(font4);        title2.setBounds(400, 45, 1900, 27);         
label1.add(title2);         namel = new JLabel("Medicine Name  ");       namel.setFont(font4);      namel.setBounds(2, 100, 
320, 30);        label1.add(namel);       nameltf = new JComboBox();       nameltf.setFont(font4);             
nameltf.setBounds(200, 100,300, 30);             label1.add(nameltf);         enamel = new JLabel("Executive Name ");        
enamel.setFont(font4);     enamel.setBounds(600, 100, 320, 30);        label1.add( enamel);        enamef = new JComboBox();    
      enamef.setFont(font4);     enamef.setBounds(800, 100, 300, 30);             label1.add( enamef);                eml = new 
JLabel("Executive Email ");        eml.setFont(font4);     eml.setBounds(1180, 100, 320, 30);        label1.add(eml);        
etf = new JComboBox();         etf .setFont(font4);      etf .setBounds(1380, 100, 300, 30);             label1.add( etf );     
          search = new JButton("Search");       search .setCursor(cursor);         search.setFont(font1);        
search.setBounds(750, 160, 400, 40);        label1.add( search);         n = new JLabel("Executive Details  ");        
n.setFont(font3);     n.setBounds(2, 200, 320, 30);        label1.add(n);              genderl  = new JLabel("Gender");        
genderl.setFont(font4);      genderl.setBounds(2, 260, 300, 30);           label1.add(genderl);       gendertf  = new 
JTextField("");        gendertf.setFont(font4);        gendertf.setBounds(200, 260, 300, 30);       
gendertf.setEditable(false);         label1.add(gendertf);           agel = new JLabel("Date of Birth ");        
agel.setFont(font4);      agel.setBounds(580,260, 300, 30);        label1.add(agel);                 agetf = new 
JTextField("");        agetf.setFont(font4);       agetf.setBounds(800, 260,300, 30);       agetf.setEditable(false);         
label1.add(agetf);               contactl = new JLabel("Contact Number");        contactl.setFont(font4);        
contactl.setBounds(1220, 260, 300, 30);         label1.add(contactl);        contacttf = new JTextField("");        
contacttf.setFont(font4);        contacttf.setBounds(1400, 260, 300, 30);         contacttf.setEditable(false);           
label1.add(contacttf);         locationl = new JLabel("Location");        locationl.setFont(font4);        
locationl.setBounds(2, 300, 300, 30);        label1.add(locationl);         locationtf = new JTextField("");        
locationtf.setFont(font4);        locationtf.setBounds(200,300, 300, 30);        locationtf.setEditable(false);        
label1.add(locationtf);            datel = new JLabel("Collect Date  ");         datel.setFont(font4);          
datel.setBounds(580,300, 320, 30);                 label1.add( datel);         datetf = new JTextField("");     
datetf.setFont(font4);     datetf.setEditable(false);      datetf.setBounds(800, 300,300, 30);               
label1.add(datetf);         time = new JLabel("Collect Time ");        time.setFont(font4);          time.setBounds(1220,300, 
320, 30);                  label1.add( time);         timetf = new JTextField("");     timetf.setFont(font4);      
timetf.setBounds(1400, 300,300, 30);      timetf.setEditable(false);         label1.add(timetf);       med = new 
JLabel("Medicine Details ");         med.setFont(font3);     med.setBounds(2, 360, 320, 30);        label1.add(med);            
                         mnfl  = new JLabel("Manufacture Date  ");        mnfl.setFont(font4);       mnfl.setBounds(2, 400, 
320, 30);           label1.add(mnfl);         mnfltf  = new JTextField("");        mnfltf.setFont(font4);       
mnfltf.setBounds(200, 400, 300, 30);      mnfltf.setEditable(false);         label1.add(mnfltf);               expl = new 
JLabel("Expiry Date   ");         expl.setFont(font4);         expl.setBounds(580,400, 320, 30);        label1.add( expl);      
   expltf = new JTextField("");        expltf.setFont(font4);       expltf.setBounds(860, 400,300, 30);        
expltf.setEditable(false);         label1.add( expltf);                typel = new JLabel("Type  ");         
typel.setFont(font4);          typel.setBounds(2,440, 320, 30);        label1.add( typel);          typetf = new 
JTextField("");        typetf.setFont(font4);        typetf.setBounds(200, 440,300, 30);         typetf.setEditable(false);     
    label1.add( typetf);       numl = new JLabel("Number of Tablet or Syrup   ");          numl.setFont(font4);          
numl.setBounds(580,440, 320, 30);        label1.add(  numl);         numtf = new JTextField("");        numtf.setFont(font4);   
    numtf.setBounds(860, 440,300, 30);       numtf.setEditable(false);         label1.add(numtf);                    back= new 
JButton("Back");       back.setCursor(cursor);        back.setFont(font3);     back.setBounds(580,560,600, 60);        
label1.add(back);      Handler handler = new Handler();        homepage.addActionListener(handler);        
viwngo.addActionListener(handler);       viewmed.addActionListener(handler);      user.addActionListener(handler);           
assign.addActionListener(handler);      viewexecutive.addActionListener(handler);  search.addActionListener(handler);     
back.addActionListener(handler);       logout.addActionListener(handler);    }    class Handler implements ActionListener{    
public void actionPerformed(ActionEvent ae) {        if(ae.getSource()==search){            int a =0;            String name = 
nameltf.getSelectedItem().toString();            String ename = enamef.getSelectedItem().toString();            String email = 
etf.getSelectedItem().toString();            if(!name.isEmpty() || !ename.isEmpty() || !email.isEmpty() )            {          
  try {                                String sql = "SELECT * FROM `collect medicine` WHERE `Medicine Name`=? AND `Executive 
Name` =? AND `Executive Email`=?" ;                                con = (Connection) 
DriverManager.getConnection("jdbc:mysql://localhost/MedConnect","root", "");                pst =   (PreparedStatement) 
con.prepareStatement(sql);                pst.setString(1, name);                                pst.setString(2, ename);       
         pst.setString(3, email);                rs = pst.executeQuery();                while(rs.next()){                    
gendertf.setText(rs.getString("Gender"));                    agetf.setText(rs.getString("Date of Birth"));                    
contacttf.setText(rs.getString("Contact Number"));                    locationtf.setText(rs.getString("Location"));             
       mnfltf.setText(rs.getString("Manufacture Date"));                    expltf.setText(rs.getString("Expiry Date"));        
            typetf.setText(rs.getString("Medicine Type"));                    numtf.setText(rs.getString("Number of Tablet"));  
                  datetf.setText(rs.getString("Collect Date"));                     timetf.setText(rs.getString("Collect 
Time"));                                                            a=1;                    break;                }             
                   con.close();                pst.close();                            } catch (SQLException ex) {              
  JOptionPane.showMessageDialog(null, "Something Error "+ex);                            }            if(a==0)            {     
           JOptionPane.showMessageDialog(null, "Please Correct Medicine Name or Executive Name and Email 
","Warning",JOptionPane.ERROR_MESSAGE);            }        }               else{            
JOptionPane.showMessageDialog(null, "Please Enter medicine name or Executive Name or Executive Email 
","Warning",JOptionPane.ERROR_MESSAGE);           }        }        if(ae.getSource() ==  homepage)                    {        
    setVisible(false);            HomePage frame = new  HomePage();            frame.setVisible(true);        }        
if(ae.getSource() ==  viwngo)                    {            setVisible(false);           ViewNGOngo frame = new   
ViewNGOngo();           frame.setVisible(true);                    }         if(ae.getSource() ==  viewmed)                    
{            setVisible(false);           ViewMedNGO frame = new ViewMedNGO();           frame.setVisible(true);                
    }                if(ae.getSource() ==  user)                    {            setVisible(false);          UserView frame = 
new UserView();          frame.setVisible(true);                 }         if(ae.getSource()==view)        {             
setVisible(false);        ViewDetailsCollect frame = new  ViewDetailsCollect  ();          frame.setVisible(true);        }     
   if(ae.getSource() ==  assign)                    {            setVisible(false);           AssignExecutive frame = new  
AssignExecutive();            frame.setVisible(true);        }        if(ae.getSource() ==  back)                    {          
  setVisible(false);           ViewCollectMedicine frame = new ViewCollectMedicine();            frame.setVisible(true);        
}         if(ae.getSource() ==  viewexecutive)                    {            setVisible(false);          ViewExecutive frame 
= new ViewExecutive();          frame.setVisible(true);                 }                                           
if(ae.getSource()==logout)        {                   int a = JOptionPane.showConfirmDialog(null, "Are You Sure?");          
if(a==JOptionPane.YES_OPTION){           setVisible(false);           NGOLogin frame = new NGOLogin();          
frame.setVisible(true);          }        }           }                }    void  ComboBox()    {        try{           String 
sql1 = "SELECT * FROM `collect medicine` " ;                                con1 = (Connection) 
DriverManager.getConnection("jdbc:mysql://localhost/MedConnect","root", "");                pst1 =   (PreparedStatement) 
con1.prepareStatement(sql1);                               rs1 = pst1.executeQuery();                while(rs1.next()){         
           String name = rs1.getString("Medicine Name");            String ename = rs1.getString("Executive Name");            
String email = rs1.getString("Executive Email");            nameltf.addItem(name);            enamef.addItem(ename);            
etf.addItem(email);                }        }catch(Exception e)        {                    }    }        public static void 
main(String[] args) {       ViewDetailsCollect frame = new ViewDetailsCollect();                frame.setVisible(true);         
                                          }}
                                                                                                                                
                                                                                                                                
                                                                                                                                
                                                                                                                                
                                                                                                                                
                                                                                                                                
                                                                                                                                
                                                                                                                                
                                                                                                                                
                                                                                                                                
                                                                                                                                
                                                                                                                                
                                                                                                                                
                                                                                                                                
                                                                                                                                
                                                                                                                                
                                                                                                                                
                                                                                                                                
                                                                                                                                
                                                                                                                                
                                                                                                                                
                                                                                                                                
                                                                                                                                
                                                                                                                                
                                                                                                                                
                                                                                                                                
                                                                                                                                
                                                                                                                                
                                                                                                                                
                                                                                                                                
                                                                                                                                
                                                                                                                                
                                                                                                                                
                                                                                                                                
                                                                                                                                
                                                                                                                                
                                                                                                                                
                                                                                                                                
                                                                                                                                
                                                                                                                                
                                                                                                                                
                                                                                                                                
                                                                                                                                
                                                                                                                                
                                                                                                                                
                                                                                                                                
                                                                                                                                
                                                                                                                                
                                                                                                                                
                                                                                                                                
                                                                                                                                
                                                                                                                                
                                                                                                                                
                                                                                                                                
                                                                                                                                
                                                                                                                                
                                                                                                                                
                                                                                                                                
                                                                                                                                
                                                                                                                                
                                                                                                                                
                                                                                                                                
                                                                                                                                
                                                                                                                                
                                                                                                                                
                                                                                                                                
                                                                                                                                
                                                                                                                                
                                                                                                                                
                                                                                                                                
                                                                                                                                
                                                                                                                                
                                                                                                                                
                                                                                                                                
                                                                                                                                
                                                                                                                                
                                                                                                                                
                                                                                                                                
                                                                                                                                
                                                                                                                                
                                                                                                                                
                                                                                                                                
                                                                                                                                
                                                                                                                                
                                                                                                                                
                                                                                                                                
                                                                                                                                
                                                                                                                                
                                                                                                                                
                                                                                                                                
                                                                                                                                
                                                                                                                                
                                                                                                                                
                                                                                                                                
                                                                                                                                
                                                                                                                                
                                                                                                                                
                                                                                                                                
                                                                                                                                
                                                                                                                                
                                                                                                                                
                                                                                                                                
                                                                                                                                
                                                                                                                                
                                                                                                                                
                                                                                                                                
                                                                                                                                
                                                                                                                                
                                                                                                                                
                                                                                                                                
                                                                                                                                
                                                                                                                                
                                                                                                                                
                                                                                                                                
                                                                                                                                
                                                                                                          ^
  where E is a type-variable:
    E extends Object declared in class JComboBox
23 warnings
